08-11 16:32:55.719  1837  2311 D OplusDisplayPowerControllerExtImpl: original brightness to dataBase:1156 final brightness:983.0 scale:0.85036105 reason:4 darkLevel:2
08-11 16:32:55.719  1837  2311 D DisplayPowerController[0]: Animating brightness: target=983.0, rate=125.0, source= 7
08-11 16:32:55.719  1837  2311 V DisplayPowerController[0]: Brightness [983.0] reason changing to: 'automatic [ auto_adj ]', previous reason: 'automatic'.
08-11 16:32:55.719  1837  2311 D VRR [OPlusRefreshRateService]: notifyBrightnessChange brightness: 983.0
08-11 16:32:55.719  1837  2065 D DisplayManagerService: Delivering display event: displayId=0, event=4
08-11 16:32:55.728  1837  3947 D LightsServiceExtImpl: baseSetLightLocked end.
08-11 16:32:55.736  1837  2311 D OplusDisplayPowerControllerExtImpl: original brightness to dataBase:1156 final brightness:983.0 scale:0.85036105 reason:4 darkLevel:2
08-11 16:32:55.736  1837  2311 D DisplayPowerController[0]: Animating brightness: target=983.0, rate=125.0, source= 7
08-11 16:32:55.736  1837  2311 V DisplayPowerController[0]: Brightness [983.0] reason changing to: 'automatic [ auto_adj ]', previous reason: 'automatic'.
08-11 16:32:55.736  1837  2311 D VRR [OPlusRefreshRateService]: notifyBrightnessChange brightness: 983.0
08-11 16:32:55.736  1837  2065 D DisplayManagerService: Delivering display event: displayId=0, event=4
08-11 16:32:55.745  1837  3947 D LightsServiceExtImpl: baseSetLightLocked end.
08-11 16:32:55.754  1837  2311 D OplusDisplayPowerControllerExtImpl: original brightness to dataBase:1156 final brightness:983.0 scale:0.85036105 reason:4 darkLevel:2
08-11 16:32:55.755  1837  2311 D DisplayPowerController[0]: Animating brightness: target=983.0, rate=125.0, source= 7
08-11 16:32:55.755  1837  2311 V DisplayPowerController[0]: Brightness [983.0] reason changing to: 'automatic [ auto_adj ]', previous reason: 'automatic'.
08-11 16:32:55.755  1837  2311 D VRR [OPlusRefreshRateService]: notifyBrightnessChange brightness: 983.0
08-11 16:32:55.755  1837  2065 D DisplayManagerService: Delivering display event: displayId=0, event=4
08-11 16:32:55.762  1837  3947 D LightsServiceExtImpl: baseSetLightLocked end.
08-11 16:32:55.769  1837  2311 D OplusDisplayPowerControllerExtImpl: original brightness to dataBase:1156 final brightness:983.0 scale:0.85036105 reason:4 darkLevel:2
08-11 16:32:55.769  1837  2311 D DisplayPowerController[0]: Animating brightness: target=983.0, rate=125.0, source= 7
08-11 16:32:55.769  1837  2311 V DisplayPowerController[0]: Brightness [983.0] reason changing to: 'automatic [ auto_adj ]', previous reason: 'automatic'.
08-11 16:32:55.769  1837  2311 D VRR [OPlusRefreshRateService]: notifyBrightnessChange brightness: 983.0
08-11 16:32:55.770  1837  2065 D DisplayManagerService: Delivering display event: displayId=0, event=4
08-11 16:32:55.778  1837  3947 D LightsServiceExtImpl: baseSetLightLocked end.
08-11 16:32:55.788  1837  2311 D OplusDisplayPowerControllerExtImpl: original brightness to dataBase:1156 final brightness:983.0 scale:0.85036105 reason:4 darkLevel:2
08-11 16:32:55.788  1837  2311 D DisplayPowerController[0]: Animating brightness: target=983.0, rate=125.0, source= 7
08-11 16:32:55.788  1837  2311 V DisplayPowerController[0]: Brightness [983.0] reason changing to: 'automatic [ auto_adj ]', previous reason: 'automatic'.
08-11 16:32:55.788  1837  2311 D VRR [OPlusRefreshRateService]: notifyBrightnessChange brightness: 983.0
08-11 16:32:55.788  1837  2065 D DisplayManagerService: Delivering display event: displayId=0, event=4
08-11 16:32:55.795  1837  3947 D LightsServiceExtImpl: baseSetLightLocked end.
08-11 16:32:55.807  1837  2311 D OplusDisplayPowerControllerExtImpl: original brightness to dataBase:1156 final brightness:983.0 scale:0.85036105 reason:4 darkLevel:2
08-11 16:32:55.807  1837  2311 D DisplayPowerController[0]: Animating brightness: target=983.0, rate=125.0, source= 7
08-11 16:32:55.807  1837  2311 V DisplayPowerController[0]: Brightness [983.0] reason changing to: 'automatic [ auto_adj ]', previous reason: 'automatic'.
08-11 16:32:55.807  1837  2311 D VRR [OPlusRefreshRateService]: notifyBrightnessChange brightness: 983.0
08-11 16:32:55.807  1837  2065 D DisplayManagerService: Delivering display event: displayId=0, event=4
08-11 16:32:55.814  1837  3947 D LightsServiceExtImpl: baseSetLightLocked end.
08-11 16:32:55.821  1837  2311 D OplusDisplayPowerControllerExtImpl: original brightness to dataBase:1156 final brightness:983.0 scale:0.85036105 reason:4 darkLevel:2
08-11 16:32:55.822  1837  2311 D DisplayPowerController[0]: Animating brightness: target=983.0, rate=125.0, source= 7
08-11 16:32:55.822  1837  2311 V DisplayPowerController[0]: Brightness [983.0] reason changing to: 'automatic [ auto_adj ]', previous reason: 'automatic'.
08-11 16:32:55.822  1837  2311 D VRR [OPlusRefreshRateService]: notifyBrightnessChange brightness: 983.0
08-11 16:32:55.822  1837  2065 D DisplayManagerService: Delivering display event: displayId=0, event=4
08-11 16:32:55.829  1837  3947 D LightsServiceExtImpl: baseSetLightLocked end.
08-11 16:32:55.837  1837  2311 D OplusDisplayPowerControllerExtImpl: original brightness to dataBase:1156 final brightness:983.0 scale:0.85036105 reason:4 darkLevel:2
08-11 16:32:55.837  1837  2311 D DisplayPowerController[0]: Animating brightness: target=983.0, rate=125.0, source= 7
08-11 16:32:55.837  1837  2311 V DisplayPowerController[0]: Brightness [983.0] reason changing to: 'automatic [ auto_adj ]', previous reason: 'automatic'.
08-11 16:32:55.837  1837  2311 D VRR [OPlusRefreshRateService]: notifyBrightnessChange brightness: 983.0
08-11 16:32:55.838  1837  2065 D DisplayManagerService: Delivering display event: displayId=0, event=4
08-11 16:32:55.845  1837  3947 D LightsServiceExtImpl: baseSetLightLocked end.
08-11 16:32:55.851  1837  2311 D OplusDisplayPowerControllerExtImpl: original brightness to dataBase:1156 final brightness:983.0 scale:0.85036105 reason:4 darkLevel:2
08-11 16:32:55.851  1837  2311 D DisplayPowerController[0]: Animating brightness: target=983.0, rate=125.0, source= 7
08-11 16:32:55.851  1837  2311 V DisplayPowerController[0]: Brightness [983.0] reason changing to: 'automatic [ auto_adj ]', previous reason: 'automatic'.
08-11 16:32:55.851  1837  2311 D VRR [OPlusRefreshRateService]: notifyBrightnessChange brightness: 983.0
08-11 16:32:55.852  1837  2065 D DisplayManagerService: Delivering display event: displayId=0, event=4
08-11 16:32:55.861  1837  3947 D LightsServiceExtImpl: baseSetLightLocked end.
08-11 16:32:55.868  1837  2311 D OplusDisplayPowerControllerExtImpl: original brightness to dataBase:1156 final brightness:983.0 scale:0.85036105 reason:4 darkLevel:2
08-11 16:32:55.868  1837  2311 D DisplayPowerController[0]: Animating brightness: target=983.0, rate=125.0, source= 7
08-11 16:32:55.868  1837  2311 V DisplayPowerController[0]: Brightness [983.0] reason changing to: 'automatic [ auto_adj ]', previous reason: 'automatic'.
08-11 16:32:55.868  1837  2311 D VRR [OPlusRefreshRateService]: notifyBrightnessChange brightness: 983.0
08-11 16:32:55.868  1837  2065 D DisplayManagerService: Delivering display event: displayId=0, event=4
08-11 16:32:55.878  1837  3947 D LightsServiceExtImpl: baseSetLightLocked end.
08-11 16:32:55.889  1837  2311 D OplusDisplayPowerControllerExtImpl: original brightness to dataBase:1156 final brightness:983.0 scale:0.85036105 reason:4 darkLevel:2
08-11 16:32:55.889  1837  2311 D DisplayPowerController[0]: Animating brightness: target=983.0, rate=125.0, source= 7
08-11 16:32:55.889  1837  2311 V DisplayPowerController[0]: Brightness [983.0] reason changing to: 'automatic [ auto_adj ]', previous reason: 'automatic'.
08-11 16:32:55.889  1837  2311 D VRR [OPlusRefreshRateService]: notifyBrightnessChange brightness: 983.0
08-11 16:32:55.889  1837  2065 D DisplayManagerService: Delivering display event: displayId=0, event=4
08-11 16:32:55.894  1837  2347 D VRR [OPlusSurfaceFlingerController]:  setTouchIdle : TouchIdleBean{mEnable=true, mHwEnable=false, mSwEnable=true, mAdfrEnable=false, mTimeOut=4000, mContentThreshold=-1, mContentGapMs=500, mBrightnessLimit=200, mNitLimit=-1, mLowestRate=60, mBlackList=[], mReadingWhiteList=[], mSpecialTimeOutMap={}, mSwWhiteList=[], mSwNegligibleOverlay=[], mHwDisablePanel=[], mAdfrToHwList=[]}
08-11 16:32:55.896  1837  3947 D LightsServiceExtImpl: baseSetLightLocked end.
08-11 16:32:55.897  1837  2311 D OplusDisplayPowerControllerExtImpl: original brightness to dataBase:1156 final brightness:983.0 scale:0.85036105 reason:4 darkLevel:2
08-11 16:32:55.897  1837  2311 D DisplayPowerController[0]: Animating brightness: target=983.0, rate=125.0, source= 7
08-11 16:32:55.897  1837  2311 V DisplayPowerController[0]: Brightness [983.0] reason changing to: 'automatic [ auto_adj ]', previous reason: 'automatic'.
08-11 16:32:55.897  1837  2311 D VRR [OPlusRefreshRateService]: notifyBrightnessChange brightness: 983.0
08-11 16:32:55.902  1837  2311 D OplusDisplayPowerControllerExtImpl: original brightness to dataBase:1156 final brightness:983.0 scale:0.85036105 reason:4 darkLevel:2
08-11 16:32:55.902  1837  2311 D DisplayPowerController[0]: Animating brightness: target=983.0, rate=125.0, source= 7
08-11 16:32:55.902  1837  2311 V DisplayPowerController[0]: Brightness [983.0] reason changing to: 'automatic [ auto_adj ]', previous reason: 'automatic'.
08-11 16:32:55.902  1837  2311 D VRR [OPlusRefreshRateService]: notifyBrightnessChange brightness: 983.0
08-11 16:32:55.903  1837  2065 D DisplayManagerService: Delivering display event: displayId=0, event=4
08-11 16:32:55.912  1837  3947 D LightsServiceExtImpl: baseSetLightLocked end.
08-11 16:32:55.917  1837  2311 D OplusDisplayPowerControllerExtImpl: original brightness to dataBase:1156 final brightness:983.0 scale:0.85036105 reason:4 darkLevel:2
08-11 16:32:55.917  1837  2311 D DisplayPowerController[0]: Animating brightness: target=983.0, rate=125.0, source= 7
08-11 16:32:55.917  1837  2311 V DisplayPowerController[0]: Brightness [983.0] reason changing to: 'automatic [ auto_adj ]', previous reason: 'automatic'.
08-11 16:32:55.917  1837  2311 D VRR [OPlusRefreshRateService]: notifyBrightnessChange brightness: 983.0
08-11 16:32:55.919  1837  2065 D DisplayManagerService: Delivering display event: displayId=0, event=4
08-11 16:32:56.863  1837 29799 E AdbDebuggingManager: Caught an exception opening the socket: java.io.IOException: No such file or directory
08-11 16:32:57.729  1837  2311 D OplusFeatureBrightnessBarController: mDarkLevel: 2
08-11 16:32:58.869  1837 29799 E AdbDebuggingManager: Caught an exception opening the socket: java.io.IOException: No such file or directory
08-11 16:32:59.124 27346 27346 I Quality : Skipped: true 9 cost 158.3924 refreshRate 0 processName com.android.settings
08-11 16:32:59.549  1837  4090 E AdbDebuggingManager: Expected keyStore, but got tag=adbKey
08-11 16:32:59.550  1837  4090 E AdbDebuggingManager: Expected keyStore, but got tag=adbKey
08-11 16:32:59.872  1837  2059 W Looper  : Slow dispatch took 928ms android.fg h=com.android.server.adb.AdbDebuggingManager$AdbDebuggingHandler c=null m=12
08-11 16:32:59.906  1837  2059 W Looper  : Slow delivery took 341ms android.fg h=android.os.Handler c=<recycled PooledLambda@c2c4459> m=0
08-11 16:32:59.928  1837  2059 I ActivityTaskManager: START u0 {flg=0x10000000 cmp=com.android.systemui/.wifi.WifiDebuggingActivity (has extras) mCallingUid=1000} from uid 1000
08-11 16:32:59.947  1837  2059 D CompactWindowManagerService: handleTaskCreated task: Task{873ba31 #14836 type=undefined ?? U=0 visible=false mode=undefined translucent=true sz=0}
08-11 16:32:59.947  1837  2059 W ActivityTaskManager: Can't find TaskDisplayArea to determine support for multi window. Task id=14836 attached=false
08-11 16:32:59.948  1837  2059 D OplusZoomWindowManagerService: onConfigurationChanged rotation not changed - prevRotation: 0
08-11 16:32:59.950  1837  2059 D CompactWindowManagerService: notifyCompactWindowState task: Task{fe90ef7 #14834 type=standard A=1000:com.android.settings U=0 visible=true mode=fullscreen translucent=false sz=4}; hasFocus: true
08-11 16:32:59.951  1837  2059 I OplusScreenSecurityMask: onStackAdded task = Task{873ba31 #14836 type=undefined ?? U=0 visible=false mode=fullscreen translucent=true sz=0} record = null displayId = 0
08-11 16:32:59.953  1837  2059 I OplusScreenSecurityMask: onStackAdded task = Task{873ba31 #14836 type=standard A=10097:com.android.systemui U=0 visible=false mode=fullscreen translucent=true sz=0} record = null displayId = 0
08-11 16:32:59.957  1837  2059 D CompactWindowManagerService: onOriginListAdded child: ActivityRecord{ee76516 u0 com.android.systemui/.wifi.WifiDebuggingActivity t14836}; parent: Task{873ba31 #14836 type=standard A=10097:com.android.systemui U=0 visible=true mode=fullscreen translucent=true sz=1}
08-11 16:32:59.958  1837  2059 I OplusCompactWindowManagerService: supportMultiResume :true in package :com.android.systemui
08-11 16:32:59.958  1837  2059 D TaskExtImpl: add ActivityRecord{ee76516 u0 com.android.systemui/.wifi.WifiDebuggingActivity t14836} to mActivityRecordSum = Counter{ com.android.systemui/.wifi.WifiDebuggingActivity(1) }
08-11 16:32:59.962  1837  2059 D OplusZoomWindowRUSConfigManager: isSupportZoomModeWithPolicyLocked: target = com.android.systemui/.wifi.WifiDebuggingActivity
08-11 16:32:59.963  1837  2059 D OplusZoomWindowRUSConfigManager: targetPkg = com.android.systemui
08-11 16:32:59.963  1837  2059 I OplusZoomWindowRUSConfigManager: target pkg is unsupport zoom window mode
08-11 16:32:59.963  1837  2059 V OplusZoomWindowManagerService: unSupportZoom: true ,callingPid: 1837 ,sourceStack: null
08-11 16:32:59.989  1837  2065 D BatteryStatsImplExtImpl: pausedBatteryLevel:93 activityFocusedTimeInMin:0
08-11 16:32:59.992  1837  7696 I ActivityTaskManager: The Process com.android.systemui Already Exists in BG. So sending its PID: 4047
08-11 16:32:59.992  1837  7696 W ActivityTaskManager: Tried to set launchTime (0) < mLastActivityLaunchTime (323917657)
08-11 16:32:59.995  1837  7696 D OplusDexOptimizeManager: Do not in AppLaunchOptList!
08-11 16:32:59.998  1837  7696 I OplusJoystickManager: handleApplicationSwitch deprecated!
08-11 16:33:00.000  1837  7696 V WindowManager: Changing focus from Window{2f86621 u0 com.android.settings/com.android.settings.SubSettings} to null,diplayid=0
08-11 16:33:00.000  1837  7696 D CompactWindowManagerService: notifyCompactWindowState task: Task{fe90ef7 #14834 type=standard A=1000:com.android.settings U=0 visible=true mode=fullscreen translucent=false sz=4}; hasFocus: false
08-11 16:33:00.003  1837  4703 D OplusEapManager: mTargetExitName :com.android.settings
08-11 16:33:00.003  1837  4703 D VRR [OPlusFrontAppManager]: OnAppSwitchObserver: onAppExit , info.targetName = com.android.settings
08-11 16:33:00.003  1837  4703 D VRR [OPlusFrontAppManager]: packageName: null
08-11 16:33:00.003  1837  2347 D VRR [OPlusRefreshRateService]: handleFrontAppChange pkgName: null
08-11 16:33:00.003  1837  2347 D VRR [OPlusExternalRefreshRateManager]: setFrontPackageName pkgName: null CurPkgName: com.android.settings
08-11 16:33:00.005  1837  4703 D OplusEapManager: mTargetEnterName :com.android.systemui
08-11 16:33:00.005  1837  4703 D VRR [OPlusFrontAppManager]: OnAppSwitchObserver: onAppEnter , info.targetName = com.android.systemui
08-11 16:33:00.005  1837  4703 D VRR [OPlusFrontAppManager]: packageName: com.android.systemui
08-11 16:33:00.005  1837  2347 D VRR [OPlusRefreshRateService]: handleFrontAppChange pkgName: com.android.systemui
08-11 16:33:00.006  1837  2347 D VRR [OPlusExternalRefreshRateManager]: setFrontPackageName pkgName: com.android.systemui CurPkgName: null
08-11 16:33:00.009  1837  2237 E OplusThermalStats: Error getting package info: com.android.systemui
08-11 16:33:00.018  1837  2059 W Looper  : Drained
08-11 16:33:00.041  1837  7698 D OplusGameRotationService: lockRotationInGame: change state to 0
08-11 16:33:00.042  1837  2065 D BatteryServiceExtImpl: getPsyBatteryRm
08-11 16:33:00.044  1837  5280 D OplusProxyWakeLock: remove uid: 10262 wiht all pids from wakelockUidInfo list
08-11 16:33:00.053  1837  2065 D OplusBatteryServiceFeature: getPsyBatteryRm: 4263
08-11 16:33:00.053  1837  2065 D OplusBatteryManager: getPsyBatteryRm: 4263
08-11 16:33:00.053  1837  2065 D BatteryStatsImplExtImpl: resumedUid:10097 resumedBatteryLevel:93  resumedPackage:com.android.systemui  resumedBatteryRealtimeCapacity:4263
08-11 16:33:00.058  4047  4047 I Quality : ActivityThread: activityStart delay 59 com.android.systemui 4047
08-11 16:33:00.119  4047  4047 I Quality : Skipped: false 2 cost 41.591473 refreshRate 0 processName com.android.systemui
08-11 16:33:00.128  1837  7696 V WindowManager: Changing focus from null to Window{c43e138 u0 com.android.systemui/com.android.systemui.wifi.WifiDebuggingActivity},diplayid=0
08-11 16:33:00.128  1837  7696 D CompactWindowManagerService: notifyCompactWindowState task: Task{873ba31 #14836 type=standard A=10097:com.android.systemui U=0 visible=true mode=fullscreen translucent=true sz=1}; hasFocus: true
08-11 16:33:00.128  1837  7696 D ActivityTaskManager: onWindowFocusChanged Task{873ba31 #14836 type=standard A=10097:com.android.systemui U=0 visible=true mode=fullscreen translucent=true sz=1} would transfer to compact
08-11 16:33:00.134  4047  4047 V OplusZoomWindowDecorViewHelper: setLastReportedMergedConfiguration mZoomDisplayHeight: 2400 getDecorView.218044652
08-11 16:33:00.153  1837  2066 D CompactWindowManagerService: updateBackgroundSurface openingApp: ActivityRecord{ee76516 u0 com.android.systemui/.wifi.WifiDebuggingActivity t14836}
08-11 16:33:00.154  1837  2066 V OplusZoomWindowManagerService: onAnimationFinished:  r = ActivityRecord{ee76516 u0 com.android.systemui/.wifi.WifiDebuggingActivity t14836}
08-11 16:33:00.154  1837  2066 I OplusAppSwitchManagerService:  handleAppVisible , r = ActivityRecord{ee76516 u0 com.android.systemui/.wifi.WifiDebuggingActivity t14836}
08-11 16:33:00.155  1837  2066 I OplusAppSwitchManagerService:  handleAppVisible , r = ActivityRecord{ee76516 u0 com.android.systemui/.wifi.WifiDebuggingActivity t14836}
08-11 16:33:00.157  1837  2066 I Quality : LaunchTime2.0: com.android.systemui/.wifi.WifiDebuggingActivity 2 185
08-11 16:33:00.160  1837  7689 E OplusCustomizeRestrictionManagerService: isBiometricDisabled start
08-11 16:33:00.162  1837  4090 E OplusCustomizeRestrictionManagerService: isBiometricDisabled start
08-11 16:33:00.505  1837  2311 D CameraDelegate: handleMessage:200
08-11 16:33:02.029  1837  4090 V WindowManager: Changing focus from Window{c43e138 u0 com.android.systemui/com.android.systemui.wifi.WifiDebuggingActivity} to Window{2f86621 u0 com.android.settings/com.android.settings.SubSettings},diplayid=0
08-11 16:33:02.029  1837  4090 D CompactWindowManagerService: notifyCompactWindowState task: Task{fe90ef7 #14834 type=standard A=1000:com.android.settings U=0 visible=true mode=fullscreen translucent=false sz=4}; hasFocus: true
08-11 16:33:02.029  1837  4090 D ActivityTaskManager: onWindowFocusChanged Task{fe90ef7 #14834 type=standard A=1000:com.android.settings U=0 visible=true mode=fullscreen translucent=false sz=4} would transfer to compact
08-11 16:33:02.030  1837  4090 D CompactWindowManagerService: notifyCompactWindowState task: Task{873ba31 #14836 type=standard A=10097:com.android.systemui U=0 visible=false mode=fullscreen translucent=true sz=1}; hasFocus: false
08-11 16:33:02.041  1837  4090 V OplusZoomWindowManagerService: prepareZoomTransition: curStack=Task{873ba31 #14836 type=standard A=10097:com.android.systemui U=0 visible=false mode=fullscreen translucent=true sz=1}   nextStackTask{fe90ef7 #14834 type=standard A=1000:com.android.settings U=0 visible=true mode=fullscreen translucent=false sz=4}
08-11 16:33:02.056  4047  4047 I Quality : Skipped: true 1 cost 19.822998 refreshRate 0 processName com.android.systemui
08-11 16:33:02.061  1837 29879 E AdbDebuggingManager: Caught an exception opening the socket: java.io.IOException: No such file or directory
08-11 16:33:02.066  1837  7689 I OplusJoystickManager: handleApplicationSwitch deprecated!
08-11 16:33:02.066  1837  4703 D OplusEapManager: mTargetExitName :com.android.systemui
08-11 16:33:02.066  1837  4703 D VRR [OPlusFrontAppManager]: OnAppSwitchObserver: onAppExit , info.targetName = com.android.systemui
08-11 16:33:02.066  1837  4703 D VRR [OPlusFrontAppManager]: packageName: null
08-11 16:33:02.067  1837  4703 D OplusEapManager: mTargetEnterName :com.android.settings
08-11 16:33:02.067  1837  4703 D VRR [OPlusFrontAppManager]: OnAppSwitchObserver: onAppEnter , info.targetName = com.android.settings
08-11 16:33:02.067  1837  4703 D VRR [OPlusFrontAppManager]: packageName: com.android.settings
08-11 16:33:02.067  1837  2347 D VRR [OPlusRefreshRateService]: handleFrontAppChange pkgName: null
08-11 16:33:02.067  1837  2347 D VRR [OPlusExternalRefreshRateManager]: setFrontPackageName pkgName: null CurPkgName: com.android.systemui
08-11 16:33:02.067  1837  2347 D VRR [OPlusRefreshRateService]: handleFrontAppChange pkgName: com.android.settings
08-11 16:33:02.067  1837  2347 D VRR [OPlusExternalRefreshRateManager]: setFrontPackageName pkgName: com.android.settings CurPkgName: null
08-11 16:33:02.070  1837  7689 D TaskExtImpl: addColorModeOnResume resume=true pkg = com.android.settings
08-11 16:33:02.078  1837  7689 D CompactWindowManagerService: updateBackgroundSurface openingApp: ActivityRecord{b078ae5 u0 com.android.settings/.SubSettings t14834}
08-11 16:33:02.082  1837  2237 E OplusThermalStats: Error getting package info: com.android.settings
08-11 16:33:02.097  1837  1901 E AdbDebuggingManager: Expected keyStore, but got tag=adbKey
08-11 16:33:02.097  1837  1901 E AdbDebuggingManager: Expected keyStore, but got tag=adbKey
08-11 16:33:02.117  1837  7196 D OplusGameRotationService: lockRotationInGame: change state to 0
08-11 16:33:02.135  1837  2065 D BatteryStatsImplExtImpl: pausedBatteryLevel:93 activityFocusedTimeInMin:0
08-11 16:33:02.141  1837  2065 D BatteryServiceExtImpl: getPsyBatteryRm
08-11 16:33:02.144  1837  2065 D OplusBatteryServiceFeature: getPsyBatteryRm: 4263
08-11 16:33:02.144  1837  2065 D OplusBatteryManager: getPsyBatteryRm: 4263
08-11 16:33:02.144  1837  2065 D BatteryStatsImplExtImpl: resumedUid:1000 resumedBatteryLevel:93  resumedPackage:com.android.settings  resumedBatteryRealtimeCapacity:4263
08-11 16:33:02.150  1837  2065 D TaskChangeNotificationControllerExtImpl: Skip pass Snapshot to listener:android.app.ITaskStackListener$Stub$Proxy@2f8dcc9
08-11 16:33:02.165  4047  4047 V OplusZoomWindowDecorViewHelper: removeZoomView
08-11 16:33:02.386  1837  2311 D OplusFeatureBrightnessBarController: mDarkLevel: 2
08-11 16:33:02.438  1837  2066 V OplusZoomWindowManagerService: onAnimationFinished:  r = ActivityRecord{ee76516 u0 com.android.systemui/.wifi.WifiDebuggingActivity t14836 f} isExiting}
08-11 16:33:02.454  1837  2066 D OplusMirageWindowManagerService: onTaskRemoved displayid:0 taskId:14836 callers:com.android.server.wm.TaskDisplayArea.removeChildTask:430 com.android.server.wm.TaskDisplayArea.removeChild:419 com.android.server.wm.WindowContainer.removeImmediately:687 com.android.server.wm.Task.removeImmediately:3450 com.android.server.wm.Task.removeIfPossible:1045 
08-11 16:33:02.455  1837  2066 I OplusScreenSecurityMask: onStackRemoved task = Task{873ba31 #14836 type=standard A=10097:com.android.systemui U=0 visible=false mode=fullscreen translucent=true sz=0} record = null displayId = 0
08-11 16:33:02.455  1837  2066 D CompactWindowManagerService: notifyCompactWindowState task: Task{fe90ef7 #14834 type=standard A=1000:com.android.settings U=0 visible=true mode=fullscreen translucent=false sz=4}; hasFocus: true
08-11 16:33:02.456  1837  2066 D TaskExtImpl: remove ActivityRecord{ee76516 u0 com.android.systemui/.wifi.WifiDebuggingActivity t-1 f}} to mActivityRecordSum = Counter{ }
08-11 16:33:02.458  1837  2066 W ActivityTaskManager: Can't find TaskDisplayArea to determine support for multi window. Task id=14836 attached=false
08-11 16:33:02.459  1837  2066 W ActivityTaskManager: Can't find TaskDisplayArea to determine support for multi window. Task id=14836 attached=false
08-11 16:33:02.462  1837  2066 I OplusAppSwitchManagerService:  handleAppVisible , r = ActivityRecord{b078ae5 u0 com.android.settings/.SubSettings t14834}
08-11 16:33:02.471  1837  7696 D OplusAppListInterceptManager: shouldFilterTask
08-11 16:33:02.472  1837  7696 D OplusAppListInterceptManager: shouldFilterTask::packageName = com.android.settings
08-11 16:33:02.472  1837  7696 D OplusAppListInterceptManager: shouldFilterTask
08-11 16:33:02.472  1837  7696 D OplusAppListInterceptManager: shouldFilterTask::packageName = com.whatsapp
08-11 16:33:02.472  1837  7696 D OplusAppListInterceptManager: shouldFilterTask
08-11 16:33:02.472  1837  7696 D OplusAppListInterceptManager: shouldFilterTask::packageName = com.discord
08-11 16:33:02.472  1837  7696 D OplusAppListInterceptManager: shouldFilterTask
08-11 16:33:02.472  1837  7696 D OplusAppListInterceptManager: shouldFilterTask::packageName = org.schabi.newpipe
08-11 16:33:02.475  1837  7696 D OplusAppListInterceptManager: shouldFilterTask
08-11 16:33:02.475  1837  7696 D OplusAppListInterceptManager: shouldFilterTask::packageName = com.android.settings
08-11 16:33:02.475  1837  7696 D OplusAppListInterceptManager: shouldFilterTask
08-11 16:33:02.475  1837  7696 D OplusAppListInterceptManager: shouldFilterTask::packageName = com.whatsapp
08-11 16:33:02.475  1837  7696 D OplusAppListInterceptManager: shouldFilterTask
08-11 16:33:02.475  1837  7696 D OplusAppListInterceptManager: shouldFilterTask::packageName = com.discord
08-11 16:33:02.476  1837  7696 D OplusAppListInterceptManager: shouldFilterTask
08-11 16:33:02.476  1837  7696 D OplusAppListInterceptManager: shouldFilterTask::packageName = org.schabi.newpipe
08-11 16:33:02.568  1837  2311 D CameraDelegate: handleMessage:200
08-11 16:33:04.305  1837  7196 I ActivityTaskManager: START u0 {act=android.intent.action.MAIN cmp=com.android.settings/.SubSettings (has extras) mCallingUid=1000} from uid 1000
08-11 16:33:04.315  1837  7196 D OplusZoomWindowRUSConfigManager: isSupportZoomModeWithPolicyLocked: target = com.android.settings/.SubSettings
08-11 16:33:04.315  1837  7196 D OplusZoomWindowRUSConfigManager: targetPkg = com.android.settings
08-11 16:33:04.315  1837  7196 I OplusZoomWindowRUSConfigManager: target pkg is unsupport zoom window mode
08-11 16:33:04.315  1837  7196 V OplusZoomWindowManagerService: unSupportZoom: true ,callingPid: 27346 ,sourceStack: Task{fe90ef7 #14834 type=standard A=1000:com.android.settings U=0 visible=true mode=fullscreen translucent=false sz=4}
08-11 16:33:04.321  1837  7196 D CompactWindowManagerService: onOriginListAdded child: ActivityRecord{aca1c34 u0 com.android.settings/.SubSettings t14834}; parent: Task{fe90ef7 #14834 type=standard A=1000:com.android.settings U=0 visible=true mode=fullscreen translucent=false sz=5}
08-11 16:33:04.321  1837  7196 D TaskExtImpl: add ActivityRecord{aca1c34 u0 com.android.settings/.SubSettings t14834} to mActivityRecordSum = Counter{ com.android.settings/com.oplus.settings.feature.homepage.OplusSettingsHomepageActivity(1) com.android.settings/.SubSettings(2) com.android.settings/.Settings$DevelopmentSettingsDashboardActivity(1) com.android.settings/.Settings$MoreSystemSettingsActivity(1) }
08-11 16:33:04.325  1837  7196 D OplusStartingWindowManager: window attributes color: 0 icon null duration 0 brandImage null
08-11 16:33:04.325  1837  7196 D OplusZoomWindowRUSConfigManager: isSupportZoomModeWithPolicyLocked: target = com.android.settings/.SubSettings
08-11 16:33:04.325  1837  7196 D OplusZoomWindowRUSConfigManager: targetPkg = com.android.settings
08-11 16:33:04.325  1837  7196 I OplusZoomWindowRUSConfigManager: target pkg is unsupport zoom window mode
08-11 16:33:04.326  1837  7196 V OplusZoomWindowManagerService: unSupportZoom: true ,callingPid: 27346 ,sourceStack: Task{fe90ef7 #14834 type=standard A=1000:com.android.settings U=0 visible=true mode=fullscreen translucent=false sz=5}
08-11 16:33:04.340 27346 27346 I Quality : Skipped: true 2 cost 45.780148 refreshRate 0 processName com.android.settings
08-11 16:33:04.344  1837  2066 D OplusStartingWindowManager: window attributes color: 0 icon null duration 0 brandImage null
08-11 16:33:04.345  1837  2066 D OplusStartingWindowManager: window attributes color: 0 icon null duration 0 brandImage null
08-11 16:33:04.348  1837  2065 D BatteryStatsImplExtImpl: pausedBatteryLevel:93 activityFocusedTimeInMin:0
08-11 16:33:04.349  1837  7196 I ActivityTaskManager: The Process com.android.settings Already Exists in BG. So sending its PID: 27346
08-11 16:33:04.349  1837  7196 W ActivityTaskManager: Tried to set launchTime (0) < mLastActivityLaunchTime (323926065)
08-11 16:33:04.351  1837  7196 D OplusDexOptimizeManager: Do not in AppLaunchOptList!
08-11 16:33:04.354  1837  7196 I OplusAppSwitchManager: notifyAppSwitch the same packageName!
08-11 16:33:04.355  1837  7196 V WindowManager: Changing focus from Window{2f86621 u0 com.android.settings/com.android.settings.SubSettings} to null,diplayid=0
08-11 16:33:04.355  1837  7196 D CompactWindowManagerService: notifyCompactWindowState task: Task{fe90ef7 #14834 type=standard A=1000:com.android.settings U=0 visible=true mode=fullscreen translucent=false sz=5}; hasFocus: false
08-11 16:33:04.367  1837  2065 D BatteryServiceExtImpl: getPsyBatteryRm
08-11 16:33:04.369  1837  2065 D OplusBatteryServiceFeature: getPsyBatteryRm: 4263
08-11 16:33:04.369  1837  2065 D OplusBatteryManager: getPsyBatteryRm: 4263
08-11 16:33:04.369  1837  2065 D BatteryStatsImplExtImpl: resumedUid:1000 resumedBatteryLevel:93  resumedPackage:com.android.settings  resumedBatteryRealtimeCapacity:4263
08-11 16:33:04.385  1837  2066 V OplusZoomWindowDecorViewHelper: setLastReportedMergedConfiguration mZoomDisplayHeight: 2400 getDecorView.38276086
08-11 16:33:04.405  1837  2066 D CompactWindowManagerService: updateBackgroundSurface openingApp: ActivityRecord{aca1c34 u0 com.android.settings/.SubSettings t14834}
08-11 16:33:04.406  1837  2066 D CompactWindowManagerService: addSiblingToAnimationTargets:sibling = ActivityRecord{b078ae5 u0 com.android.settings/.SubSettings t14834}; replacedMoveAnimation = -1
08-11 16:33:04.406  1837  2066 D CompactWindowManagerService: addSiblingToAnimationTargets:sibling = ActivityRecord{b078ae5 u0 com.android.settings/.SubSettings t14834}; replacedMoveAnimation = -1
08-11 16:33:04.406  1837  2066 D CompactWindowManagerService: addSiblingToAnimationTargets:sibling = ActivityRecord{b078ae5 u0 com.android.settings/.SubSettings t14834}; replacedMoveAnimation = -1
08-11 16:33:04.409  1837  2066 D OplusZoomWindowManagerService: adjustWindowCropForLeash start: appToken = ActivityRecord{aca1c34 u0 com.android.settings/.SubSettings t14834}
08-11 16:33:04.416  1837  2066 D OplusZoomWindowManagerService: adjustWindowCropForLeash start: appToken = ActivityRecord{b078ae5 u0 com.android.settings/.SubSettings t14834}
08-11 16:33:04.454 27346 27346 I Quality : ActivityThread: activityStart delay 91 com.android.settings 27346
08-11 16:33:04.487 27346 27346 I Quality : Skipped: false 6 cost 110.70411 refreshRate 0 processName com.android.settings
08-11 16:33:04.496  1837  7694 V WindowManager: Changing focus from null to Window{5777ac4 u0 com.android.settings/com.android.settings.SubSettings},diplayid=0
08-11 16:33:04.497  1837  7694 D CompactWindowManagerService: notifyCompactWindowState task: Task{fe90ef7 #14834 type=standard A=1000:com.android.settings U=0 visible=true mode=fullscreen translucent=false sz=5}; hasFocus: true
08-11 16:33:04.497  1837  7694 D ActivityTaskManager: onWindowFocusChanged Task{fe90ef7 #14834 type=standard A=1000:com.android.settings U=0 visible=true mode=fullscreen translucent=false sz=5} would transfer to compact
08-11 16:33:04.504 27346 27346 V OplusZoomWindowDecorViewHelper: setLastReportedMergedConfiguration mZoomDisplayHeight: 2400 getDecorView.212300581
08-11 16:33:04.538 27346 27346 I Quality : Skipped: false 2 cost 45.42969 refreshRate 0 processName com.android.settings
08-11 16:33:04.540  1837  2066 D OplusStartingWindowManager: window attributes color: 0 icon null duration 0 brandImage null
08-11 16:33:04.541  1837  2066 D OplusStartingWindowManager: window attributes color: 0 icon null duration 0 brandImage null
08-11 16:33:04.541  1837  2066 D OplusStartingWindowManager: interceptRemoveStartingWindow activity.packageName=com.android.settings isSnapshot=false mStartingSurfaceRunnable=null
08-11 16:33:04.541  1837  2066 D OplusSplitScreenDnDUI: notifyRemoveStartingWindow isSpitScreenDrag = false mDropTargetSurface = null StartingWindowpkgName = com.android.settings DragPkg = null isLauncherResume = false
08-11 16:33:04.542  1837  2066 I Quality : LaunchTime2.0: com.android.settings/.SubSettings 2 203
08-11 16:33:04.548  1837  2066 V OplusZoomWindowDecorViewHelper: removeZoomView
08-11 16:33:04.777  1837  2066 V OplusZoomWindowManagerService: onAnimationFinished:  r = ActivityRecord{aca1c34 u0 com.android.settings/.SubSettings t14834}
08-11 16:33:04.777  1837  2066 I OplusAppSwitchManagerService:  handleAppVisible , r = ActivityRecord{aca1c34 u0 com.android.settings/.SubSettings t14834}
08-11 16:33:04.779  1837  2066 V OplusZoomWindowManagerService: onAnimationFinished:  r = ActivityRecord{b078ae5 u0 com.android.settings/.SubSettings t14834}
08-11 16:33:04.825 27346 27346 I Quality : Skipped: false 1 cost 16.859213 refreshRate 0 processName com.android.settings
08-11 16:33:05.024  1837  2311 D OplusFeatureBrightnessBarController: mDarkLevel: 2
08-11 16:33:05.890 27346 27346 I Quality : Skipped: false 1 cost 18.995491 refreshRate 0 processName com.android.settings
08-11 16:33:05.902  1837  2065 D BatteryStatsImplExtImpl: pausedBatteryLevel:93 activityFocusedTimeInMin:0
08-11 16:33:05.909  1837  7696 I OplusAppSwitchManager: notifyAppSwitch the same packageName!
08-11 16:33:05.913  1837  7696 V WindowManager: Changing focus from Window{5777ac4 u0 com.android.settings/com.android.settings.SubSettings} to null,diplayid=0
08-11 16:33:05.913  1837  7696 D CompactWindowManagerService: notifyCompactWindowState task: Task{fe90ef7 #14834 type=standard A=1000:com.android.settings U=0 visible=true mode=fullscreen translucent=true sz=5}; hasFocus: false
08-11 16:33:05.919  1837  7696 D TaskExtImpl: addColorModeOnResume resume=true pkg = com.android.settings
08-11 16:33:05.938  1837  2065 D BatteryServiceExtImpl: getPsyBatteryRm
08-11 16:33:05.940  1837  2065 D OplusBatteryServiceFeature: getPsyBatteryRm: 4263
08-11 16:33:05.940  1837  2065 D OplusBatteryManager: getPsyBatteryRm: 4263
08-11 16:33:05.940  1837  2065 D BatteryStatsImplExtImpl: resumedUid:1000 resumedBatteryLevel:93  resumedPackage:com.android.settings  resumedBatteryRealtimeCapacity:4263
08-11 16:33:05.957  1837  7696 E AdbDebuggingManager: Expected keyStore, but got tag=adbKey
08-11 16:33:05.958  1837  7696 E AdbDebuggingManager: Expected keyStore, but got tag=adbKey
08-11 16:33:05.976 27346 27346 I Quality : Skipped: false 2 cost 38.61857 refreshRate 0 processName com.android.settings
08-11 16:33:05.989  1837  7696 V WindowManager: Changing focus from null to Window{2f86621 u0 com.android.settings/com.android.settings.SubSettings},diplayid=0
08-11 16:33:05.990  1837  7696 D CompactWindowManagerService: notifyCompactWindowState task: Task{fe90ef7 #14834 type=standard A=1000:com.android.settings U=0 visible=true mode=fullscreen translucent=false sz=5}; hasFocus: true
08-11 16:33:05.990  1837  7696 D ActivityTaskManager: onWindowFocusChanged Task{fe90ef7 #14834 type=standard A=1000:com.android.settings U=0 visible=true mode=fullscreen translucent=false sz=5} would transfer to compact
08-11 16:33:06.022  1837  2066 D CompactWindowManagerService: updateBackgroundSurface openingApp: ActivityRecord{b078ae5 u0 com.android.settings/.SubSettings t14834}
08-11 16:33:06.022  1837  2066 D CompactWindowManagerService: addSiblingToAnimationTargets:sibling = ActivityRecord{aca1c34 u0 com.android.settings/.SubSettings t14834 f}}; replacedMoveAnimation = -1
08-11 16:33:06.022  1837  2066 D CompactWindowManagerService: addSiblingToAnimationTargets:sibling = ActivityRecord{aca1c34 u0 com.android.settings/.SubSettings t14834 f}}; replacedMoveAnimation = -1
08-11 16:33:06.023  1837  2066 D CompactWindowManagerService: addSiblingToAnimationTargets:sibling = ActivityRecord{aca1c34 u0 com.android.settings/.SubSettings t14834 f}}; replacedMoveAnimation = -1
08-11 16:33:06.041  1837  2066 D OplusZoomWindowManagerService: adjustWindowCropForLeash start: appToken = ActivityRecord{b078ae5 u0 com.android.settings/.SubSettings t14834}
08-11 16:33:06.048  1837  2066 D OplusZoomWindowManagerService: adjustWindowCropForLeash start: appToken = ActivityRecord{aca1c34 u0 com.android.settings/.SubSettings t14834 f}}
08-11 16:33:06.358  1837  2067 I Quality : 01 10 21
08-11 16:33:06.407  1837  2066 V OplusZoomWindowManagerService: onAnimationFinished:  r = ActivityRecord{b078ae5 u0 com.android.settings/.SubSettings t14834}
08-11 16:33:06.408  1837  2066 I OplusAppSwitchManagerService:  handleAppVisible , r = ActivityRecord{b078ae5 u0 com.android.settings/.SubSettings t14834}
08-11 16:33:06.416  1837  2066 V OplusZoomWindowManagerService: onAnimationFinished:  r = ActivityRecord{aca1c34 u0 com.android.settings/.SubSettings t14834 f}}
08-11 16:33:06.477 27346 27346 V OplusZoomWindowDecorViewHelper: removeZoomView
08-11 16:33:06.494  1837  7104 D TaskExtImpl: remove ActivityRecord{aca1c34 u0 com.android.settings/.SubSettings t-1 f}} to mActivityRecordSum = Counter{ com.android.settings/com.oplus.settings.feature.homepage.OplusSettingsHomepageActivity(1) com.android.settings/.SubSettings(1) com.android.settings/.Settings$DevelopmentSettingsDashboardActivity(1) com.android.settings/.Settings$MoreSystemSettingsActivity(1) }
08-11 16:33:07.051  1837  2311 D OplusFeatureBrightnessBarController: mDarkLevel: 2
08-11 16:33:08.594  1837  2234 D CompatibilityChangeReporter: Compat change id reported: 135634846; UID 10223; state: DISABLED
08-11 16:33:08.596  1837  2122 D CompatibilityChangeReporter: Compat change id reported: 143937733; UID 10223; state: ENABLED
08-11 16:33:08.625  1837  2122 I ActivityManager: Start proc 29916:com.nearme.gamecenter/u0a223 for broadcast {com.nearme.gamecenter/com.heytap.cdo.client.receiver.AlarmReceiver}
08-11 16:33:08.696  1837  7196 D CompatibilityChangeReporter: Compat change id reported: 168419799; UID 10223; state: DISABLED
08-11 16:33:09.342  1837  7696 D CompatibilityChangeReporter: Compat change id reported: 135634846; UID 1000; state: DISABLED
08-11 16:33:09.343  1837  7696 D CompatibilityChangeReporter: Compat change id reported: 177438394; UID 1000; state: DISABLED
08-11 16:33:09.344  1837  7696 D CompatibilityChangeReporter: Compat change id reported: 135772972; UID 1000; state: DISABLED
08-11 16:33:09.347  1837  7696 D CompatibilityChangeReporter: Compat change id reported: 135754954; UID 1000; state: ENABLED
08-11 16:33:09.358  1837  7104 D CompatibilityChangeReporter: Compat change id reported: 135634846; UID 10339; state: DISABLED
08-11 16:33:09.358  1837  7104 D CompatibilityChangeReporter: Compat change id reported: 177438394; UID 10339; state: DISABLED
08-11 16:33:09.358  1837  7104 D CompatibilityChangeReporter: Compat change id reported: 135772972; UID 10339; state: DISABLED
08-11 16:33:09.358  1837  7104 D CompatibilityChangeReporter: Compat change id reported: 135754954; UID 10339; state: ENABLED
08-11 16:33:09.375  1837  2122 I ActivityManager: Start proc 29979:com.oplus.stdid/1000 for service {com.oplus.stdid/com.oplus.stdid.IdentifyService}
08-11 16:33:09.375  1837  2122 D CompatibilityChangeReporter: Compat change id reported: 143937733; UID 10339; state: ENABLED
08-11 16:33:09.380 29916 29962 W ActivityThread: ClassLoader.loadClass: The class loader returned by Thread.getContextClassLoader() may fail for processes that host multiple applications. You should explicitly specify a context class loader. For example: Thread.setContextClassLoader(getClass().getClassLoader());
08-11 16:33:09.395  1837  2122 I ActivityManager: Start proc 29981:com.oplus.vip/u0a339 for content provider {com.oplus.vip/com.platform.usercenter.newcommon.db.UserCenterContentProvider}
08-11 16:33:09.442  1837  7696 D CompatibilityChangeReporter: Compat change id reported: 168419799; UID 10339; state: DISABLED
08-11 16:33:09.511  1837  7696 D CompatibilityChangeReporter: Compat change id reported: 168419799; UID 1000; state: DISABLED
08-11 16:33:09.525  1837  7104 D CompatibilityChangeReporter: Compat change id reported: 171306433; UID 10223; state: DISABLED
08-11 16:33:09.593  1837  7696 D CompatibilityChangeReporter: Compat change id reported: 135634846; UID 10297; state: DISABLED
08-11 16:33:09.593  1837  7696 D CompatibilityChangeReporter: Compat change id reported: 177438394; UID 10297; state: DISABLED
08-11 16:33:09.594  1837  7696 D CompatibilityChangeReporter: Compat change id reported: 135772972; UID 10297; state: DISABLED
08-11 16:33:09.594 21535 24528 W ContextImpl: Calling a method in the system process without a qualified user: android.app.ContextImpl.startService:1818 android.content.ContextWrapper.startService:784 com.heytap.mcs.api.differences.a.L:7 com.heytap.mcs.api.appservice.a.a:1 com.heytap.mcs.appservice.command.e.b:23 
08-11 16:33:09.594  1837  7696 D CompatibilityChangeReporter: Compat change id reported: 135754954; UID 10297; state: ENABLED
08-11 16:33:09.594  1837  2122 D CompatibilityChangeReporter: Compat change id reported: 143937733; UID 10297; state: ENABLED
08-11 16:33:09.646  1837  2122 W ActivityManager: Slow operation: 55ms so far, now at startProcess: done updating battery stats
08-11 16:33:09.646  1837  2122 W ActivityManager: Slow operation: 55ms so far, now at startProcess: building log message
08-11 16:33:09.646  1837  2122 I ActivityManager: Start proc 30037:com.instagram.android/u0a297 for broadcast {com.instagram.android/com.instagram.analytics.uploadscheduler.AnalyticsUploadAlarmReceiver}
08-11 16:33:09.646  1837  2122 W ActivityManager: Slow operation: 55ms so far, now at startProcess: starting to update pids map
08-11 16:33:09.646  1837  2122 W ActivityManager: Slow operation: 55ms so far, now at startProcess: done updating pids map
08-11 16:33:10.294  1837  2311 D OplusFeatureBrightnessBarController: mDarkLevel: 2
08-11 16:33:11.276  1837  1901 W PackageManager: package unknown uid 10297 pid 30037 call SetEnabledSetting(com.instagram.android component = com.instagram.share.handleractivity.ReelShareHandlerActivity, 2, 0x1, 0)
08-11 16:33:11.280  1837  7696 W PackageManager: package unknown uid 10297 pid 30037 call SetEnabledSetting(com.instagram.android component = com.instagram.share.handleractivity.ClipsShareHandlerActivity, 2, 0x1, 0)
08-11 16:33:11.597  1837  7696 W PackageManager: package unknown uid 10223 pid 29916 call SetEnabledSetting(com.nearme.gamecenter component = com.oppo.cdo.ui.external.desktop.DeskHotAppActivity, 2, 0x1, 0)
08-11 16:33:11.601  1837  7696 W PackageManager: package unknown uid 10223 pid 29916 call SetEnabledSetting(com.nearme.gamecenter component = com.oppo.cdo.ui.external.desktop.DeskHotGameActivity, 2, 0x1, 0)
08-11 16:33:11.672  1837  1901 W PackageManager: package unknown uid 10297 pid 30037 call SetEnabledSetting(com.instagram.android component = com.instagram.direct.share.handler.DirectShareHandlerActivity, 2, 0x1, 0)
08-11 16:33:11.680  1837  1901 W PackageManager: package unknown uid 10297 pid 30037 call SetEnabledSetting(com.instagram.android component = com.instagram.direct.share.handler.DirectShareHandlerActivityInterop, 1, 0x1, 0)
08-11 16:33:11.683  1837  1901 W PackageManager: package unknown uid 10297 pid 30037 call SetEnabledSetting(com.instagram.android component = com.instagram.direct.share.handler.DirectExternalMediaShareActivityPhoto, 2, 0x1, 0)
08-11 16:33:11.686  1837  7696 W PackageManager: package unknown uid 10297 pid 30037 call SetEnabledSetting(com.instagram.android component = com.instagram.direct.share.handler.DirectExternalMediaShareActivityPhotoInterop, 1, 0x1, 0)
08-11 16:33:11.689  1837  7696 W PackageManager: package unknown uid 10297 pid 30037 call SetEnabledSetting(com.instagram.android component = com.instagram.direct.share.handler.DirectExternalMediaShareActivityVideo, 2, 0x1, 0)
08-11 16:33:11.692  1837  7696 W PackageManager: package unknown uid 10297 pid 30037 call SetEnabledSetting(com.instagram.android component = com.instagram.direct.share.handler.DirectExternalMediaShareActivityVideoInterop, 1, 0x1, 0)
08-11 16:33:11.696  1837  7696 W PackageManager: package unknown uid 10297 pid 30037 call SetEnabledSetting(com.instagram.android component = com.instagram.direct.share.handler.DirectMultipleExternalMediaShareActivity, 2, 0x1, 0)
08-11 16:33:11.700  1837  7696 W PackageManager: package unknown uid 10297 pid 30037 call SetEnabledSetting(com.instagram.android component = com.instagram.direct.share.handler.DirectMultipleExternalMediaShareActivityInterop, 2, 0x1, 0)
08-11 16:33:11.852  1837  7696 W PackageManager: package unknown uid 10297 pid 30037 call SetEnabledSetting(com.instagram.android component = com.instagram.fbpay.w3c.ipc.IsReadyToPayServiceImpl, 2, 0x1, 0)
08-11 16:33:11.853  1837  7696 W PackageManager: package unknown uid 10297 pid 30037 call SetEnabledSetting(com.instagram.android component = com.instagram.fbpay.w3c.ipc.FBPaymentServiceImpl, 2, 0x1, 0)
08-11 16:33:11.854  1837  7696 W PackageManager: package unknown uid 10297 pid 30037 call SetEnabledSetting(com.instagram.android component = com.instagram.fbpay.w3c.views.PaymentActivity, 2, 0x1, 0)
08-11 16:33:12.282  1837  7694 D CompatibilityChangeReporter: Compat change id reported: 183164979; UID 10297; state: ENABLED
08-11 16:33:12.283  1837  5280 D OplusProxyWakeLock: remove uid: 10262 wiht all pids from wakelockUidInfo list
08-11 16:33:12.325  1837  2311 D OplusFeatureBrightnessBarController: mDarkLevel: 2
08-11 16:33:12.395  1837  7696 W AppOps  : Noting op not finished: uid 10128 pkg com.google.android.gms code 113 startTime of in progress event=1660210292296
08-11 16:33:12.401  1837  7696 W PackageManager: package unknown uid 10297 pid 30037 call SetEnabledSetting(com.instagram.android component = com.instagram.push.FbnsInitBroadcastReceiver, 1, 0x1, 0)
08-11 16:33:12.402  1837  7696 W AppOps  : Noting op not finished: uid 10128 pkg com.google.android.gms code 113 startTime of in progress event=1660210051572
08-11 16:33:12.410  1837  7694 W AppOps  : Noting op not finished: uid 10128 pkg com.google.android.gms code 113 startTime of in progress event=1660210051572
08-11 16:33:12.494  1837  1901 W PackageManager: package unknown uid 10297 pid 30037 call SetEnabledSetting(com.instagram.android component = com.instagram.push.FbnsInitBroadcastReceiver, 1, 0x1, 0)
08-11 16:33:14.124  1837  1901 W ActivityManager: setGlThreads detect 30037 30358
08-11 16:33:14.963  1837  2311 D OplusFeatureBrightnessBarController: mDarkLevel: 2
08-11 16:33:14.969  1837  3945 D AIBrightnessModel: handleUpdateBrightness brightness change from BrightnessPoint:(4.157513, 983.4145, 17.284916, 14.224219)->BrightnessPoint:(0.0, 547.15594, 0.0, 7.0688186) lux:0.0, [0.0,0.0,0.0,0.0,0.0,0.0,0.0,0.0,0.0,0.0,0.0]
08-11 16:33:14.973  1837  2311 I ColorAutomaticBrightnessController: updateAutoBrightness: Auto
08-11 16:33:14.973  1837  2311 I ColorAutomaticBrightnessController: , sendUpdate = true, adjustment = 4013.7256, AIBrightness = 547, adjustManualBright = 547
08-11 16:33:14.977  1837  2311 D OplusDisplayPowerControllerExtImpl: original brightness to dataBase:644 final brightness:547.0 scale:0.85036105 reason:4 darkLevel:2
08-11 16:33:14.978  1837  2311 D DisplayPowerController[0]: Animating brightness: target=547.0, rate=26.0, source= 7
08-11 16:33:14.982  1837  2311 V DisplayPowerController[0]: Brightness [547.0] reason changing to: 'automatic [ auto_adj ]', previous reason: 'automatic'.
08-11 16:33:14.982  1837  2311 D VRR [OPlusRefreshRateService]: notifyBrightnessChange brightness: 547.0
08-11 16:33:14.982  1837  2311 D VRR [OPlusRefreshRateService]: notifyNitsChange nits: 7.0661077 discrete nits: 13.860372
08-11 16:33:15.016  1837  3947 D LightsServiceExtImpl: baseSetLightLocked end.
08-11 16:33:15.032  1837  3947 D LightsServiceExtImpl: baseSetLightLocked end.
08-11 16:33:15.041  1837  2311 D OplusDisplayPowerControllerExtImpl: original brightness to dataBase:644 final brightness:547.0 scale:0.85036105 reason:4 darkLevel:2
08-11 16:33:15.042  1837  2311 D DisplayPowerController[0]: Animating brightness: target=547.0, rate=26.0, source= 7
08-11 16:33:15.044  1837  2311 V DisplayPowerController[0]: Brightness [547.0] reason changing to: 'automatic [ auto_adj ]', previous reason: 'automatic'.
08-11 16:33:15.044  1837  2311 D VRR [OPlusRefreshRateService]: notifyBrightnessChange brightness: 547.0
08-11 16:33:15.049  1837  3947 D LightsServiceExtImpl: baseSetLightLocked end.
08-11 16:33:15.051  1837  2065 D DisplayManagerService: Delivering display event: displayId=0, event=4
08-11 16:33:15.059  1837  2311 D OplusDisplayPowerControllerExtImpl: original brightness to dataBase:644 final brightness:547.0 scale:0.85036105 reason:4 darkLevel:2
08-11 16:33:15.059  1837  2311 D DisplayPowerController[0]: Animating brightness: target=547.0, rate=26.0, source= 7
08-11 16:33:15.061  1837  2311 V DisplayPowerController[0]: Brightness [547.0] reason changing to: 'automatic [ auto_adj ]', previous reason: 'automatic'.
08-11 16:33:15.062  1837  2311 D VRR [OPlusRefreshRateService]: notifyBrightnessChange brightness: 547.0
08-11 16:33:15.062  1837  2065 D DisplayManagerService: Delivering display event: displayId=0, event=4
