08-11 16:32:40.631  1837  2311 D DisplayPowerController[0]: Animating brightness: target=180.0, rate=125.0, source= 11
08-11 16:32:40.631  1837  2311 V DisplayPowerController[0]: Brightness [180.0] reason changing to: 'automatic [ auto_adj dim ]', previous reason: 'automatic [ dim ]'.
08-11 16:32:40.631  1837  2311 D VRR [OPlusRefreshRateService]: notifyBrightnessChange brightness: 180.0
08-11 16:32:40.632  1837  2065 D DisplayManagerService: Delivering display event: displayId=0, event=4
08-11 16:32:40.641  1837  3947 D LightsServiceExtImpl: baseSetLightLocked end.
08-11 16:32:40.648  1837  2311 D OplusDisplayPowerControllerExtImpl: original brightness to dataBase:212 final brightness:180.0 scale:0.85036105 reason:4 darkLevel:2
08-11 16:32:40.648  1837  2311 D DisplayPowerController[0]: Animating brightness: target=180.0, rate=125.0, source= 11
08-11 16:32:40.649  1837  2311 V DisplayPowerController[0]: Brightness [180.0] reason changing to: 'automatic [ auto_adj dim ]', previous reason: 'automatic [ dim ]'.
08-11 16:32:40.649  1837  2311 D VRR [OPlusRefreshRateService]: notifyBrightnessChange brightness: 180.0
08-11 16:32:40.649  1837  2065 D DisplayManagerService: Delivering display event: displayId=0, event=4
08-11 16:32:40.658  1837  3947 D LightsServiceExtImpl: baseSetLightLocked end.
08-11 16:32:40.666  1837  2311 D OplusDisplayPowerControllerExtImpl: original brightness to dataBase:212 final brightness:180.0 scale:0.85036105 reason:4 darkLevel:2
08-11 16:32:40.666  1837  2311 D DisplayPowerController[0]: Animating brightness: target=180.0, rate=125.0, source= 11
08-11 16:32:40.667  1837  2311 V DisplayPowerController[0]: Brightness [180.0] reason changing to: 'automatic [ auto_adj dim ]', previous reason: 'automatic [ dim ]'.
08-11 16:32:40.667  1837  2311 D VRR [OPlusRefreshRateService]: notifyBrightnessChange brightness: 180.0
08-11 16:32:40.667  1837  2065 D DisplayManagerService: Delivering display event: displayId=0, event=4
08-11 16:32:40.675  1837  3947 D LightsServiceExtImpl: baseSetLightLocked end.
08-11 16:32:40.686  1837  2311 D OplusDisplayPowerControllerExtImpl: original brightness to dataBase:212 final brightness:180.0 scale:0.85036105 reason:4 darkLevel:2
08-11 16:32:40.686  1837  2311 D DisplayPowerController[0]: Animating brightness: target=180.0, rate=125.0, source= 11
08-11 16:32:40.686  1837  2311 V DisplayPowerController[0]: Brightness [180.0] reason changing to: 'automatic [ auto_adj dim ]', previous reason: 'automatic [ dim ]'.
08-11 16:32:40.686  1837  2311 D VRR [OPlusRefreshRateService]: notifyBrightnessChange brightness: 180.0
08-11 16:32:40.687  1837  2065 D DisplayManagerService: Delivering display event: displayId=0, event=4
08-11 16:32:40.691  1837  3947 D LightsServiceExtImpl: baseSetLightLocked end.
08-11 16:32:40.700  1837  2311 D OplusDisplayPowerControllerExtImpl: original brightness to dataBase:212 final brightness:180.0 scale:0.85036105 reason:4 darkLevel:2
08-11 16:32:40.700  1837  2311 D DisplayPowerController[0]: Animating brightness: target=180.0, rate=125.0, source= 11
08-11 16:32:40.700  1837  2311 V DisplayPowerController[0]: Brightness [180.0] reason changing to: 'automatic [ auto_adj dim ]', previous reason: 'automatic [ dim ]'.
08-11 16:32:40.700  1837  2311 D VRR [OPlusRefreshRateService]: notifyBrightnessChange brightness: 180.0
08-11 16:32:40.701  1837  2065 D DisplayManagerService: Delivering display event: displayId=0, event=4
08-11 16:32:40.708  1837  3947 D LightsServiceExtImpl: baseSetLightLocked end.
08-11 16:32:40.719  1837  2311 D OplusDisplayPowerControllerExtImpl: original brightness to dataBase:212 final brightness:180.0 scale:0.85036105 reason:4 darkLevel:2
08-11 16:32:40.719  1837  2311 D DisplayPowerController[0]: Animating brightness: target=180.0, rate=125.0, source= 11
08-11 16:32:40.719  1837  2311 V DisplayPowerController[0]: Brightness [180.0] reason changing to: 'automatic [ auto_adj dim ]', previous reason: 'automatic [ dim ]'.
08-11 16:32:40.719  1837  2311 D VRR [OPlusRefreshRateService]: notifyBrightnessChange brightness: 180.0
08-11 16:32:40.720  1837  2065 D DisplayManagerService: Delivering display event: displayId=0, event=4
08-11 16:32:40.725  1837  3947 D LightsServiceExtImpl: baseSetLightLocked end.
08-11 16:32:40.736  1837  2311 D OplusDisplayPowerControllerExtImpl: original brightness to dataBase:212 final brightness:180.0 scale:0.85036105 reason:4 darkLevel:2
08-11 16:32:40.736  1837  2311 D DisplayPowerController[0]: Animating brightness: target=180.0, rate=125.0, source= 11
08-11 16:32:40.737  1837  2311 V DisplayPowerController[0]: Brightness [180.0] reason changing to: 'automatic [ auto_adj dim ]', previous reason: 'automatic [ dim ]'.
08-11 16:32:40.737  1837  2311 D VRR [OPlusRefreshRateService]: notifyBrightnessChange brightness: 180.0
08-11 16:32:40.737  1837  2065 D DisplayManagerService: Delivering display event: displayId=0, event=4
08-11 16:32:40.741  1837  3947 D LightsServiceExtImpl: baseSetLightLocked end.
08-11 16:32:40.749  1837  2311 D OplusDisplayPowerControllerExtImpl: original brightness to dataBase:212 final brightness:180.0 scale:0.85036105 reason:4 darkLevel:2
08-11 16:32:40.750  1837  2311 D DisplayPowerController[0]: Animating brightness: target=180.0, rate=125.0, source= 11
08-11 16:32:40.750  1837  2311 V DisplayPowerController[0]: Brightness [180.0] reason changing to: 'automatic [ auto_adj dim ]', previous reason: 'automatic [ dim ]'.
08-11 16:32:40.750  1837  2311 D VRR [OPlusRefreshRateService]: notifyBrightnessChange brightness: 180.0
08-11 16:32:40.750  1837  2065 D DisplayManagerService: Delivering display event: displayId=0, event=4
08-11 16:32:40.758  1837  3947 D LightsServiceExtImpl: baseSetLightLocked end.
08-11 16:32:40.766  1837  2311 D OplusDisplayPowerControllerExtImpl: original brightness to dataBase:212 final brightness:180.0 scale:0.85036105 reason:4 darkLevel:2
08-11 16:32:40.766  1837  2311 D DisplayPowerController[0]: Animating brightness: target=180.0, rate=125.0, source= 11
08-11 16:32:40.767  1837  2311 V DisplayPowerController[0]: Brightness [180.0] reason changing to: 'automatic [ auto_adj dim ]', previous reason: 'automatic [ dim ]'.
08-11 16:32:40.767  1837  2311 D VRR [OPlusRefreshRateService]: notifyBrightnessChange brightness: 180.0
08-11 16:32:40.767  1837  2065 D DisplayManagerService: Delivering display event: displayId=0, event=4
08-11 16:32:40.774  1837  3947 D LightsServiceExtImpl: baseSetLightLocked end.
08-11 16:32:40.781  1837  2311 D OplusDisplayPowerControllerExtImpl: original brightness to dataBase:212 final brightness:180.0 scale:0.85036105 reason:4 darkLevel:2
08-11 16:32:40.781  1837  2311 D DisplayPowerController[0]: Animating brightness: target=180.0, rate=125.0, source= 11
08-11 16:32:40.781  1837  2311 V DisplayPowerController[0]: Brightness [180.0] reason changing to: 'automatic [ auto_adj dim ]', previous reason: 'automatic [ dim ]'.
08-11 16:32:40.781  1837  2311 D VRR [OPlusRefreshRateService]: notifyBrightnessChange brightness: 180.0
08-11 16:32:40.781  1837  2065 D DisplayManagerService: Delivering display event: displayId=0, event=4
08-11 16:32:40.791  1837  3947 D LightsServiceExtImpl: baseSetLightLocked end.
08-11 16:32:40.798  1837  2311 D OplusDisplayPowerControllerExtImpl: original brightness to dataBase:212 final brightness:180.0 scale:0.85036105 reason:4 darkLevel:2
08-11 16:32:40.798  1837  2311 D DisplayPowerController[0]: Animating brightness: target=180.0, rate=125.0, source= 11
08-11 16:32:40.798  1837  2311 V DisplayPowerController[0]: Brightness [180.0] reason changing to: 'automatic [ auto_adj dim ]', previous reason: 'automatic [ dim ]'.
08-11 16:32:40.798  1837  2311 D VRR [OPlusRefreshRateService]: notifyBrightnessChange brightness: 180.0
08-11 16:32:40.798  1837  2065 D DisplayManagerService: Delivering display event: displayId=0, event=4
08-11 16:32:40.808  1837  3947 D LightsServiceExtImpl: baseSetLightLocked end.
08-11 16:32:40.814  1837  2311 D OplusDisplayPowerControllerExtImpl: original brightness to dataBase:212 final brightness:180.0 scale:0.85036105 reason:4 darkLevel:2
08-11 16:32:40.814  1837  2311 D DisplayPowerController[0]: Animating brightness: target=180.0, rate=125.0, source= 11
08-11 16:32:40.814  1837  2311 V DisplayPowerController[0]: Brightness [180.0] reason changing to: 'automatic [ auto_adj dim ]', previous reason: 'automatic [ dim ]'.
08-11 16:32:40.815  1837  2311 D VRR [OPlusRefreshRateService]: notifyBrightnessChange brightness: 180.0
08-11 16:32:40.815  1837  2065 D DisplayManagerService: Delivering display event: displayId=0, event=4
08-11 16:32:40.824  1837  3947 D LightsServiceExtImpl: baseSetLightLocked end.
08-11 16:32:40.827  1837 29799 E AdbDebuggingManager: Caught an exception opening the socket: java.io.IOException: No such file or directory
08-11 16:32:40.832  1837  2311 D OplusDisplayPowerControllerExtImpl: original brightness to dataBase:212 final brightness:180.0 scale:0.85036105 reason:4 darkLevel:2
08-11 16:32:40.833  1837  2311 D DisplayPowerController[0]: Animating brightness: target=180.0, rate=125.0, source= 11
08-11 16:32:40.833  1837  2311 V DisplayPowerController[0]: Brightness [180.0] reason changing to: 'automatic [ auto_adj dim ]', previous reason: 'automatic [ dim ]'.
08-11 16:32:40.834  1837  2311 D VRR [OPlusRefreshRateService]: notifyBrightnessChange brightness: 180.0
08-11 16:32:40.834  1837  2065 D DisplayManagerService: Delivering display event: displayId=0, event=4
08-11 16:32:40.841  1837  3947 D LightsServiceExtImpl: baseSetLightLocked end.
08-11 16:32:40.848  1837  2311 D OplusDisplayPowerControllerExtImpl: original brightness to dataBase:212 final brightness:180.0 scale:0.85036105 reason:4 darkLevel:2
08-11 16:32:40.848  1837  2311 D DisplayPowerController[0]: Animating brightness: target=180.0, rate=125.0, source= 11
08-11 16:32:40.848  1837  2311 V DisplayPowerController[0]: Brightness [180.0] reason changing to: 'automatic [ auto_adj dim ]', previous reason: 'automatic [ dim ]'.
08-11 16:32:40.848  1837  2311 D VRR [OPlusRefreshRateService]: notifyBrightnessChange brightness: 180.0
08-11 16:32:40.848  1837  2065 D DisplayManagerService: Delivering display event: displayId=0, event=4
08-11 16:32:40.858  1837  3947 D LightsServiceExtImpl: baseSetLightLocked end.
08-11 16:32:40.866  1837  2311 D OplusDisplayPowerControllerExtImpl: original brightness to dataBase:212 final brightness:180.0 scale:0.85036105 reason:4 darkLevel:2
08-11 16:32:40.866  1837  2311 D DisplayPowerController[0]: Animating brightness: target=180.0, rate=125.0, source= 11
08-11 16:32:40.866  1837  2311 V DisplayPowerController[0]: Brightness [180.0] reason changing to: 'automatic [ auto_adj dim ]', previous reason: 'automatic [ dim ]'.
08-11 16:32:40.866  1837  2311 D VRR [OPlusRefreshRateService]: notifyBrightnessChange brightness: 180.0
08-11 16:32:40.867  1837  2065 D DisplayManagerService: Delivering display event: displayId=0, event=4
08-11 16:32:40.874  1837  3947 D LightsServiceExtImpl: baseSetLightLocked end.
08-11 16:32:40.882  1837  2311 D OplusDisplayPowerControllerExtImpl: original brightness to dataBase:212 final brightness:180.0 scale:0.85036105 reason:4 darkLevel:2
08-11 16:32:40.883  1837  2311 D DisplayPowerController[0]: Animating brightness: target=180.0, rate=125.0, source= 11
08-11 16:32:40.883  1837  2311 V DisplayPowerController[0]: Brightness [180.0] reason changing to: 'automatic [ auto_adj dim ]', previous reason: 'automatic [ dim ]'.
08-11 16:32:40.883  1837  2311 D VRR [OPlusRefreshRateService]: notifyBrightnessChange brightness: 180.0
08-11 16:32:40.884  1837  2065 D DisplayManagerService: Delivering display event: displayId=0, event=4
08-11 16:32:40.891  1837  3947 D LightsServiceExtImpl: baseSetLightLocked end.
08-11 16:32:40.894  1837  2311 D OplusFeatureBrightnessBarController: mDarkLevel: 2
08-11 16:32:40.901  1837  2311 D OplusDisplayPowerControllerExtImpl: original brightness to dataBase:212 final brightness:180.0 scale:0.85036105 reason:4 darkLevel:2
08-11 16:32:40.901  1837  2311 D DisplayPowerController[0]: Animating brightness: target=180.0, rate=125.0, source= 11
08-11 16:32:40.901  1837  2311 V DisplayPowerController[0]: Brightness [180.0] reason changing to: 'automatic [ auto_adj dim ]', previous reason: 'automatic [ dim ]'.
08-11 16:32:40.901  1837  2311 D VRR [OPlusRefreshRateService]: notifyBrightnessChange brightness: 180.0
08-11 16:32:40.902  1837  2065 D DisplayManagerService: Delivering display event: displayId=0, event=4
08-11 16:32:40.907  1837  3947 D LightsServiceExtImpl: baseSetLightLocked end.
08-11 16:32:40.915  1837  2311 D OplusDisplayPowerControllerExtImpl: original brightness to dataBase:212 final brightness:180.0 scale:0.85036105 reason:4 darkLevel:2
08-11 16:32:40.915  1837  2311 D DisplayPowerController[0]: Animating brightness: target=180.0, rate=125.0, source= 11
08-11 16:32:40.915  1837  2311 V DisplayPowerController[0]: Brightness [180.0] reason changing to: 'automatic [ auto_adj dim ]', previous reason: 'automatic [ dim ]'.
08-11 16:32:40.915  1837  2311 D VRR [OPlusRefreshRateService]: notifyBrightnessChange brightness: 180.0
08-11 16:32:40.915  1837  2065 D DisplayManagerService: Delivering display event: displayId=0, event=4
08-11 16:32:40.924  1837  3947 D LightsServiceExtImpl: baseSetLightLocked end.
08-11 16:32:40.932  1837  2311 D OplusDisplayPowerControllerExtImpl: original brightness to dataBase:212 final brightness:180.0 scale:0.85036105 reason:4 darkLevel:2
08-11 16:32:40.933  1837  2311 D DisplayPowerController[0]: Animating brightness: target=180.0, rate=125.0, source= 11
08-11 16:32:40.933  1837  2311 V DisplayPowerController[0]: Brightness [180.0] reason changing to: 'automatic [ auto_adj dim ]', previous reason: 'automatic [ dim ]'.
08-11 16:32:40.933  1837  2311 D VRR [OPlusRefreshRateService]: notifyBrightnessChange brightness: 180.0
08-11 16:32:40.933  1837  2065 D DisplayManagerService: Delivering display event: displayId=0, event=4
08-11 16:32:40.941  1837  3947 D LightsServiceExtImpl: baseSetLightLocked end.
08-11 16:32:40.950  1837  2311 D OplusDisplayPowerControllerExtImpl: original brightness to dataBase:212 final brightness:180.0 scale:0.85036105 reason:4 darkLevel:2
08-11 16:32:40.950  1837  2311 D DisplayPowerController[0]: Animating brightness: target=180.0, rate=125.0, source= 11
08-11 16:32:40.951  1837  2311 V DisplayPowerController[0]: Brightness [180.0] reason changing to: 'automatic [ auto_adj dim ]', previous reason: 'automatic [ dim ]'.
08-11 16:32:40.951  1837  2311 D VRR [OPlusRefreshRateService]: notifyBrightnessChange brightness: 180.0
08-11 16:32:40.951  1837  2065 D DisplayManagerService: Delivering display event: displayId=0, event=4
08-11 16:32:40.957  1837  3947 D LightsServiceExtImpl: baseSetLightLocked end.
08-11 16:32:40.965  1837  2311 D OplusDisplayPowerControllerExtImpl: original brightness to dataBase:212 final brightness:180.0 scale:0.85036105 reason:4 darkLevel:2
08-11 16:32:40.965  1837  2311 D DisplayPowerController[0]: Animating brightness: target=180.0, rate=125.0, source= 11
08-11 16:32:40.965  1837  2311 V DisplayPowerController[0]: Brightness [180.0] reason changing to: 'automatic [ auto_adj dim ]', previous reason: 'automatic [ dim ]'.
08-11 16:32:40.965  1837  2311 D VRR [OPlusRefreshRateService]: notifyBrightnessChange brightness: 180.0
08-11 16:32:40.966  1837  2065 D DisplayManagerService: Delivering display event: displayId=0, event=4
08-11 16:32:40.973  1837  3947 D LightsServiceExtImpl: baseSetLightLocked end.
08-11 16:32:40.983  1837  2311 D OplusDisplayPowerControllerExtImpl: original brightness to dataBase:212 final brightness:180.0 scale:0.85036105 reason:4 darkLevel:2
08-11 16:32:40.983  1837  2311 D DisplayPowerController[0]: Animating brightness: target=180.0, rate=125.0, source= 11
08-11 16:32:40.983  1837  2311 V DisplayPowerController[0]: Brightness [180.0] reason changing to: 'automatic [ auto_adj dim ]', previous reason: 'automatic [ dim ]'.
08-11 16:32:40.983  1837  2311 D VRR [OPlusRefreshRateService]: notifyBrightnessChange brightness: 180.0
08-11 16:32:40.984  1837  2065 D DisplayManagerService: Delivering display event: displayId=0, event=4
08-11 16:32:40.990  1837  3947 D LightsServiceExtImpl: baseSetLightLocked end.
08-11 16:32:40.998  1837  2311 D OplusDisplayPowerControllerExtImpl: original brightness to dataBase:212 final brightness:180.0 scale:0.85036105 reason:4 darkLevel:2
08-11 16:32:40.998  1837  2311 D DisplayPowerController[0]: Animating brightness: target=180.0, rate=125.0, source= 11
08-11 16:32:40.999  1837  2311 V DisplayPowerController[0]: Brightness [180.0] reason changing to: 'automatic [ auto_adj dim ]', previous reason: 'automatic [ dim ]'.
08-11 16:32:40.999  1837  2311 D VRR [OPlusRefreshRateService]: notifyBrightnessChange brightness: 180.0
08-11 16:32:40.999  1837  2065 D DisplayManagerService: Delivering display event: displayId=0, event=4
08-11 16:32:41.007  1837  3947 D LightsServiceExtImpl: baseSetLightLocked end.
08-11 16:32:41.016  1837  2311 D OplusDisplayPowerControllerExtImpl: original brightness to dataBase:212 final brightness:180.0 scale:0.85036105 reason:4 darkLevel:2
08-11 16:32:41.016  1837  2311 D DisplayPowerController[0]: Animating brightness: target=180.0, rate=125.0, source= 11
08-11 16:32:41.016  1837  2311 V DisplayPowerController[0]: Brightness [180.0] reason changing to: 'automatic [ auto_adj dim ]', previous reason: 'automatic [ dim ]'.
08-11 16:32:41.016  1837  2311 D VRR [OPlusRefreshRateService]: notifyBrightnessChange brightness: 180.0
08-11 16:32:41.018  1837  2065 D DisplayManagerService: Delivering display event: displayId=0, event=4
08-11 16:32:41.024  1837  3947 D LightsServiceExtImpl: baseSetLightLocked end.
08-11 16:32:41.024  1837  2347 D VRR [OPlusSurfaceFlingerController]:  setTouchIdle : TouchIdleBean{mEnable=true, mHwEnable=false, mSwEnable=true, mAdfrEnable=false, mTimeOut=4000, mContentThreshold=-1, mContentGapMs=500, mBrightnessLimit=200, mNitLimit=-1, mLowestRate=60, mBlackList=[], mReadingWhiteList=[], mSpecialTimeOutMap={}, mSwWhiteList=[], mSwNegligibleOverlay=[], mHwDisablePanel=[], mAdfrToHwList=[]}
08-11 16:32:41.034  1837  2311 D OplusDisplayPowerControllerExtImpl: original brightness to dataBase:212 final brightness:180.0 scale:0.85036105 reason:4 darkLevel:2
08-11 16:32:41.034  1837  2311 D DisplayPowerController[0]: Animating brightness: target=180.0, rate=125.0, source= 11
08-11 16:32:41.034  1837  2311 V DisplayPowerController[0]: Brightness [180.0] reason changing to: 'automatic [ auto_adj dim ]', previous reason: 'automatic [ dim ]'.
08-11 16:32:41.035  1837  2311 D VRR [OPlusRefreshRateService]: notifyBrightnessChange brightness: 180.0
08-11 16:32:41.035  1837  2065 D DisplayManagerService: Delivering display event: displayId=0, event=4
08-11 16:32:41.040  1837  3947 D LightsServiceExtImpl: baseSetLightLocked end.
08-11 16:32:41.050  1837  2311 D OplusDisplayPowerControllerExtImpl: original brightness to dataBase:212 final brightness:180.0 scale:0.85036105 reason:4 darkLevel:2
08-11 16:32:41.050  1837  2311 D DisplayPowerController[0]: Animating brightness: target=180.0, rate=125.0, source= 11
08-11 16:32:41.050  1837  2311 V DisplayPowerController[0]: Brightness [180.0] reason changing to: 'automatic [ auto_adj dim ]', previous reason: 'automatic [ dim ]'.
08-11 16:32:41.051  1837  2311 D VRR [OPlusRefreshRateService]: notifyBrightnessChange brightness: 180.0
08-11 16:32:41.051  1837  2065 D DisplayManagerService: Delivering display event: displayId=0, event=4
08-11 16:32:41.057  1837  3947 D LightsServiceExtImpl: baseSetLightLocked end.
08-11 16:32:41.069  1837  2311 D OplusDisplayPowerControllerExtImpl: original brightness to dataBase:212 final brightness:180.0 scale:0.85036105 reason:4 darkLevel:2
08-11 16:32:41.069  1837  2311 D DisplayPowerController[0]: Animating brightness: target=180.0, rate=125.0, source= 11
08-11 16:32:41.070  1837  2311 V DisplayPowerController[0]: Brightness [180.0] reason changing to: 'automatic [ auto_adj dim ]', previous reason: 'automatic [ dim ]'.
08-11 16:32:41.070  1837  2311 D VRR [OPlusRefreshRateService]: notifyBrightnessChange brightness: 180.0
08-11 16:32:41.070  1837  2065 D DisplayManagerService: Delivering display event: displayId=0, event=4
08-11 16:32:41.073  1837  3947 D LightsServiceExtImpl: baseSetLightLocked end.
08-11 16:32:41.086  1837  2311 D OplusDisplayPowerControllerExtImpl: original brightness to dataBase:212 final brightness:180.0 scale:0.85036105 reason:4 darkLevel:2
08-11 16:32:41.086  1837  2311 D DisplayPowerController[0]: Animating brightness: target=180.0, rate=125.0, source= 11
08-11 16:32:41.086  1837  2311 V DisplayPowerController[0]: Brightness [180.0] reason changing to: 'automatic [ auto_adj dim ]', previous reason: 'automatic [ dim ]'.
08-11 16:32:41.086  1837  2311 D VRR [OPlusRefreshRateService]: notifyBrightnessChange brightness: 180.0
08-11 16:32:41.087  1837  2065 D DisplayManagerService: Delivering display event: displayId=0, event=4
08-11 16:32:41.090  1837  3947 D LightsServiceExtImpl: baseSetLightLocked end.
08-11 16:32:41.099  1837  2311 D OplusDisplayPowerControllerExtImpl: original brightness to dataBase:212 final brightness:180.0 scale:0.85036105 reason:4 darkLevel:2
08-11 16:32:41.099  1837  2311 D DisplayPowerController[0]: Animating brightness: target=180.0, rate=125.0, source= 11
08-11 16:32:41.100  1837  2311 V DisplayPowerController[0]: Brightness [180.0] reason changing to: 'automatic [ auto_adj dim ]', previous reason: 'automatic [ dim ]'.
08-11 16:32:41.100  1837  2311 D VRR [OPlusRefreshRateService]: notifyBrightnessChange brightness: 180.0
08-11 16:32:41.100  1837  2065 D DisplayManagerService: Delivering display event: displayId=0, event=4
08-11 16:32:41.106  1837  3947 D LightsServiceExtImpl: baseSetLightLocked end.
08-11 16:32:41.114  1837  2311 D OplusDisplayPowerControllerExtImpl: original brightness to dataBase:212 final brightness:180.0 scale:0.85036105 reason:4 darkLevel:2
08-11 16:32:41.114  1837  2311 D DisplayPowerController[0]: Animating brightness: target=180.0, rate=125.0, source= 11
08-11 16:32:41.114  1837  2311 V DisplayPowerController[0]: Brightness [180.0] reason changing to: 'automatic [ auto_adj dim ]', previous reason: 'automatic [ dim ]'.
08-11 16:32:41.115  1837  2311 D VRR [OPlusRefreshRateService]: notifyBrightnessChange brightness: 180.0
08-11 16:32:41.115  1837  2065 D DisplayManagerService: Delivering display event: displayId=0, event=4
08-11 16:32:41.123  1837  3947 D LightsServiceExtImpl: baseSetLightLocked end.
08-11 16:32:41.132  1837  2311 D OplusDisplayPowerControllerExtImpl: original brightness to dataBase:212 final brightness:180.0 scale:0.85036105 reason:4 darkLevel:2
08-11 16:32:41.133  1837  2311 D DisplayPowerController[0]: Animating brightness: target=180.0, rate=125.0, source= 11
08-11 16:32:41.133  1837  2311 V DisplayPowerController[0]: Brightness [180.0] reason changing to: 'automatic [ auto_adj dim ]', previous reason: 'automatic [ dim ]'.
08-11 16:32:41.133  1837  2311 D VRR [OPlusRefreshRateService]: notifyBrightnessChange brightness: 180.0
08-11 16:32:41.133  1837  2065 D DisplayManagerService: Delivering display event: displayId=0, event=4
08-11 16:32:41.140  1837  3947 D LightsServiceExtImpl: baseSetLightLocked end.
08-11 16:32:41.152  1837  2311 D OplusDisplayPowerControllerExtImpl: original brightness to dataBase:212 final brightness:180.0 scale:0.85036105 reason:4 darkLevel:2
08-11 16:32:41.153  1837  2311 D DisplayPowerController[0]: Animating brightness: target=180.0, rate=125.0, source= 11
08-11 16:32:41.153  1837  2311 V DisplayPowerController[0]: Brightness [180.0] reason changing to: 'automatic [ auto_adj dim ]', previous reason: 'automatic [ dim ]'.
08-11 16:32:41.153  1837  2311 D VRR [OPlusRefreshRateService]: notifyBrightnessChange brightness: 180.0
08-11 16:32:41.154  1837  2065 D DisplayManagerService: Delivering display event: displayId=0, event=4
08-11 16:32:41.156  1837  3947 D LightsServiceExtImpl: baseSetLightLocked end.
08-11 16:32:41.168  1837  2311 D OplusDisplayPowerControllerExtImpl: original brightness to dataBase:212 final brightness:180.0 scale:0.85036105 reason:4 darkLevel:2
08-11 16:32:41.168  1837  2311 D DisplayPowerController[0]: Animating brightness: target=180.0, rate=125.0, source= 11
08-11 16:32:41.168  1837  2311 V DisplayPowerController[0]: Brightness [180.0] reason changing to: 'automatic [ auto_adj dim ]', previous reason: 'automatic [ dim ]'.
08-11 16:32:41.168  1837  2311 D VRR [OPlusRefreshRateService]: notifyBrightnessChange brightness: 180.0
08-11 16:32:41.169  1837  2065 D DisplayManagerService: Delivering display event: displayId=0, event=4
08-11 16:32:41.173  1837  3947 D LightsServiceExtImpl: baseSetLightLocked end.
08-11 16:32:41.175  1837  3947 D OplusFeatureDCBacklight: notifySfRepaintEverything begin mCurrentDCMode:0
08-11 16:32:41.181  1837  2311 D OplusDisplayPowerControllerExtImpl: original brightness to dataBase:212 final brightness:180.0 scale:0.85036105 reason:4 darkLevel:2
08-11 16:32:41.181  1837  2311 D DisplayPowerController[0]: Animating brightness: target=180.0, rate=125.0, source= 11
08-11 16:32:41.181  1837  2311 V DisplayPowerController[0]: Brightness [180.0] reason changing to: 'automatic [ auto_adj dim ]', previous reason: 'automatic [ dim ]'.
08-11 16:32:41.181  1837  2311 D VRR [OPlusRefreshRateService]: notifyBrightnessChange brightness: 180.0
08-11 16:32:41.182  1837  2065 D DisplayManagerService: Delivering display event: displayId=0, event=4
08-11 16:32:41.189  1837  3947 D LightsServiceExtImpl: baseSetLightLocked end.
08-11 16:32:41.190  1837  3947 D LightsServiceExtImpl: notifyFlingerLight color=183code=21005
08-11 16:32:41.191  1837  2311 D OplusDisplayPowerControllerExtImpl: original brightness to dataBase:212 final brightness:180.0 scale:0.85036105 reason:4 darkLevel:2
08-11 16:32:41.192  1837  3947 D OplusFeatureDCBacklight: notifySfRepaintEverything begin mCurrentDCMode:0
08-11 16:32:41.192  1837  2311 D DisplayPowerController[0]: Animating brightness: target=180.0, rate=125.0, source= 11
08-11 16:32:41.192  1837  2311 V DisplayPowerController[0]: Brightness [180.0] reason changing to: 'automatic [ auto_adj dim ]', previous reason: 'automatic [ dim ]'.
08-11 16:32:41.192  1837  2311 D VRR [OPlusRefreshRateService]: notifyBrightnessChange brightness: 180.0
08-11 16:32:41.197  1837  2311 D OplusDisplayPowerControllerExtImpl: original brightness to dataBase:212 final brightness:180.0 scale:0.85036105 reason:4 darkLevel:2
08-11 16:32:41.198  1837  2311 D DisplayPowerController[0]: Animating brightness: target=180.0, rate=125.0, source= 11
08-11 16:32:41.198  1837  2311 V DisplayPowerController[0]: Brightness [180.0] reason changing to: 'automatic [ auto_adj dim ]', previous reason: 'automatic [ dim ]'.
08-11 16:32:41.198  1837  2311 D VRR [OPlusRefreshRateService]: notifyBrightnessChange brightness: 180.0
08-11 16:32:41.198  1837  2065 D DisplayManagerService: Delivering display event: displayId=0, event=4
08-11 16:32:41.206  1837  3947 D LightsServiceExtImpl: baseSetLightLocked end.
08-11 16:32:41.208  1837  3947 D OplusFeatureDCBacklight: notifySfRepaintEverything begin mCurrentDCMode:0
08-11 16:32:41.215  1837  2311 D OplusDisplayPowerControllerExtImpl: original brightness to dataBase:212 final brightness:180.0 scale:0.85036105 reason:4 darkLevel:2
08-11 16:32:41.215  1837  2311 D DisplayPowerController[0]: Animating brightness: target=180.0, rate=125.0, source= 11
08-11 16:32:41.216  1837  2311 V DisplayPowerController[0]: Brightness [180.0] reason changing to: 'automatic [ auto_adj dim ]', previous reason: 'automatic [ dim ]'.
08-11 16:32:41.216  1837  2311 D VRR [OPlusRefreshRateService]: notifyBrightnessChange brightness: 180.0
08-11 16:32:41.216  1837  2065 D DisplayManagerService: Delivering display event: displayId=0, event=4
08-11 16:32:41.872  1837  2311 D OplusDisplayPowerControllerExtImpl: original brightness to dataBase:1156 final brightness:983.0 scale:0.85036105 reason:4 darkLevel:2
08-11 16:32:41.873  1837  2311 D DisplayPowerController[0]: Animating brightness: target=983.0, rate=1600.0, source= 7
08-11 16:32:41.875  1837  2311 V DisplayPowerController[0]: Brightness [983.0] reason changing to: 'automatic [ auto_adj ]', previous reason: 'automatic [ dim ]'.
08-11 16:32:41.876  1837  2311 D OplusDisplayPowerControllerFeature: RECORD:onUpdatePowerState policy:3 state:2 brightness:983
08-11 16:32:41.876  1837  2311 D VRR [OPlusRefreshRateService]: notifyBrightnessChange brightness: 983.0
08-11 16:32:41.876  1837  2311 D VRR [OPlusRefreshRateService]: notifyNitsChange nits: 13.860372 discrete nits: 2.0
08-11 16:32:41.876  1837  2347 D VRR [OPlusRefreshRateService]: handleBrightnessChange nits: 13.860372
08-11 16:32:41.916  1837  3947 D LightsServiceExtImpl: baseSetLightLocked end.
08-11 16:32:41.917  1837  3947 D LightsServiceExtImpl: notifyFlingerLight color=202code=21005
08-11 16:32:41.918  1837  3947 D OplusFeatureDCBacklight: notifySfRepaintEverything begin mCurrentDCMode:0
08-11 16:32:41.932  1837  2311 D OplusDisplayPowerControllerExtImpl: original brightness to dataBase:1156 final brightness:983.0 scale:0.85036105 reason:4 darkLevel:2
08-11 16:32:41.932  1837  2311 D DisplayPowerController[0]: Animating brightness: target=983.0, rate=125.0, source= 7
08-11 16:32:41.932  1837  2311 V DisplayPowerController[0]: Brightness [983.0] reason changing to: 'automatic [ auto_adj ]', previous reason: 'automatic'.
08-11 16:32:41.932  1837  2311 D VRR [OPlusRefreshRateService]: notifyBrightnessChange brightness: 983.0
08-11 16:32:41.933  1837  2065 D DisplayManagerService: Delivering display event: displayId=0, event=4
08-11 16:32:41.936  1837  3947 D LightsServiceExtImpl: baseSetLightLocked end.
08-11 16:32:41.941  1837  2311 D OplusDisplayPowerControllerExtImpl: original brightness to dataBase:1156 final brightness:983.0 scale:0.85036105 reason:4 darkLevel:2
08-11 16:32:41.942  1837  2311 D DisplayPowerController[0]: Animating brightness: target=983.0, rate=125.0, source= 7
08-11 16:32:41.942  1837  2311 V DisplayPowerController[0]: Brightness [983.0] reason changing to: 'automatic [ auto_adj ]', previous reason: 'automatic'.
08-11 16:32:41.942  1837  2311 D VRR [OPlusRefreshRateService]: notifyBrightnessChange brightness: 983.0
08-11 16:32:41.942  1837  2065 D DisplayManagerService: Delivering display event: displayId=0, event=4
08-11 16:32:41.953  1837  3947 D LightsServiceExtImpl: baseSetLightLocked end.
08-11 16:32:41.960  1837  2311 D OplusDisplayPowerControllerExtImpl: original brightness to dataBase:1156 final brightness:983.0 scale:0.85036105 reason:4 darkLevel:2
08-11 16:32:41.960  1837  2311 D DisplayPowerController[0]: Animating brightness: target=983.0, rate=125.0, source= 7
08-11 16:32:41.960  1837  2311 V DisplayPowerController[0]: Brightness [983.0] reason changing to: 'automatic [ auto_adj ]', previous reason: 'automatic'.
08-11 16:32:41.960  1837  2311 D VRR [OPlusRefreshRateService]: notifyBrightnessChange brightness: 983.0
08-11 16:32:41.960  1837  2065 D DisplayManagerService: Delivering display event: displayId=0, event=4
08-11 16:32:41.970  1837  3947 D LightsServiceExtImpl: baseSetLightLocked end.
08-11 16:32:41.976  1837  2311 D OplusDisplayPowerControllerExtImpl: original brightness to dataBase:1156 final brightness:983.0 scale:0.85036105 reason:4 darkLevel:2
08-11 16:32:41.976  1837  2311 D DisplayPowerController[0]: Animating brightness: target=983.0, rate=125.0, source= 7
08-11 16:32:41.976  1837  2311 V DisplayPowerController[0]: Brightness [983.0] reason changing to: 'automatic [ auto_adj ]', previous reason: 'automatic'.
08-11 16:32:41.977  1837  2311 D VRR [OPlusRefreshRateService]: notifyBrightnessChange brightness: 983.0
08-11 16:32:41.977  1837  2065 D DisplayManagerService: Delivering display event: displayId=0, event=4
08-11 16:32:41.986  1837  3947 D LightsServiceExtImpl: baseSetLightLocked end.
08-11 16:32:41.993  1837  2311 D OplusDisplayPowerControllerExtImpl: original brightness to dataBase:1156 final brightness:983.0 scale:0.85036105 reason:4 darkLevel:2
08-11 16:32:41.993  1837  2311 D DisplayPowerController[0]: Animating brightness: target=983.0, rate=125.0, source= 7
08-11 16:32:41.993  1837  2311 V DisplayPowerController[0]: Brightness [983.0] reason changing to: 'automatic [ auto_adj ]', previous reason: 'automatic'.
08-11 16:32:41.993  1837  2311 D VRR [OPlusRefreshRateService]: notifyBrightnessChange brightness: 983.0
08-11 16:32:41.995  1837  2065 D DisplayManagerService: Delivering display event: displayId=0, event=4
08-11 16:32:42.003  1837  3947 D LightsServiceExtImpl: baseSetLightLocked end.
08-11 16:32:42.011  1837  2311 D OplusDisplayPowerControllerExtImpl: original brightness to dataBase:1156 final brightness:983.0 scale:0.85036105 reason:4 darkLevel:2
08-11 16:32:42.011  1837  2311 D DisplayPowerController[0]: Animating brightness: target=983.0, rate=125.0, source= 7
08-11 16:32:42.011  1837  2311 V DisplayPowerController[0]: Brightness [983.0] reason changing to: 'automatic [ auto_adj ]', previous reason: 'automatic'.
08-11 16:32:42.011  1837  2311 D VRR [OPlusRefreshRateService]: notifyBrightnessChange brightness: 983.0
08-11 16:32:42.012  1837  2065 D DisplayManagerService: Delivering display event: displayId=0, event=4
08-11 16:32:42.019  1837  3947 D LightsServiceExtImpl: baseSetLightLocked end.
08-11 16:32:42.028  1837  2311 D OplusDisplayPowerControllerExtImpl: original brightness to dataBase:1156 final brightness:983.0 scale:0.85036105 reason:4 darkLevel:2
08-11 16:32:42.029  1837  2311 D DisplayPowerController[0]: Animating brightness: target=983.0, rate=125.0, source= 7
08-11 16:32:42.029  1837  2311 V DisplayPowerController[0]: Brightness [983.0] reason changing to: 'automatic [ auto_adj ]', previous reason: 'automatic'.
08-11 16:32:42.029  1837  2311 D VRR [OPlusRefreshRateService]: notifyBrightnessChange brightness: 983.0
08-11 16:32:42.029  1837  2065 D DisplayManagerService: Delivering display event: displayId=0, event=4
08-11 16:32:42.036  1837  3947 D LightsServiceExtImpl: baseSetLightLocked end.
08-11 16:32:42.045  1837  2311 D OplusDisplayPowerControllerExtImpl: original brightness to dataBase:1156 final brightness:983.0 scale:0.85036105 reason:4 darkLevel:2
08-11 16:32:42.045  1837  2311 D DisplayPowerController[0]: Animating brightness: target=983.0, rate=125.0, source= 7
08-11 16:32:42.045  1837  2311 V DisplayPowerController[0]: Brightness [983.0] reason changing to: 'automatic [ auto_adj ]', previous reason: 'automatic'.
08-11 16:32:42.045  1837  2311 D VRR [OPlusRefreshRateService]: notifyBrightnessChange brightness: 983.0
08-11 16:32:42.045  1837  2065 D DisplayManagerService: Delivering display event: displayId=0, event=4
08-11 16:32:42.053  1837  3947 D LightsServiceExtImpl: baseSetLightLocked end.
08-11 16:32:42.060  1837  2311 D OplusDisplayPowerControllerExtImpl: original brightness to dataBase:1156 final brightness:983.0 scale:0.85036105 reason:4 darkLevel:2
08-11 16:32:42.060  1837  2311 D DisplayPowerController[0]: Animating brightness: target=983.0, rate=125.0, source= 7
08-11 16:32:42.060  1837  2311 V DisplayPowerController[0]: Brightness [983.0] reason changing to: 'automatic [ auto_adj ]', previous reason: 'automatic'.
08-11 16:32:42.060  1837  2311 D VRR [OPlusRefreshRateService]: notifyBrightnessChange brightness: 983.0
08-11 16:32:42.060  1837  2065 D DisplayManagerService: Delivering display event: displayId=0, event=4
08-11 16:32:42.069  1837  3947 D LightsServiceExtImpl: baseSetLightLocked end.
08-11 16:32:42.076  1837  2311 D OplusDisplayPowerControllerExtImpl: original brightness to dataBase:1156 final brightness:983.0 scale:0.85036105 reason:4 darkLevel:2
08-11 16:32:42.076  1837  2311 D DisplayPowerController[0]: Animating brightness: target=983.0, rate=125.0, source= 7
08-11 16:32:42.076  1837  2311 V DisplayPowerController[0]: Brightness [983.0] reason changing to: 'automatic [ auto_adj ]', previous reason: 'automatic'.
08-11 16:32:42.076  1837  2311 D VRR [OPlusRefreshRateService]: notifyBrightnessChange brightness: 983.0
08-11 16:32:42.076  1837  2065 D DisplayManagerService: Delivering display event: displayId=0, event=4
08-11 16:32:42.086  1837  3947 D LightsServiceExtImpl: baseSetLightLocked end.
08-11 16:32:42.094  1837  2311 D OplusDisplayPowerControllerExtImpl: original brightness to dataBase:1156 final brightness:983.0 scale:0.85036105 reason:4 darkLevel:2
08-11 16:32:42.094  1837  2311 D DisplayPowerController[0]: Animating brightness: target=983.0, rate=125.0, source= 7
08-11 16:32:42.094  1837  2311 V DisplayPowerController[0]: Brightness [983.0] reason changing to: 'automatic [ auto_adj ]', previous reason: 'automatic'.
08-11 16:32:42.094  1837  2311 D VRR [OPlusRefreshRateService]: notifyBrightnessChange brightness: 983.0
08-11 16:32:42.095  1837  2065 D DisplayManagerService: Delivering display event: displayId=0, event=4
08-11 16:32:42.103  1837  3947 D LightsServiceExtImpl: baseSetLightLocked end.
08-11 16:32:42.112  1837  2311 D OplusDisplayPowerControllerExtImpl: original brightness to dataBase:1156 final brightness:983.0 scale:0.85036105 reason:4 darkLevel:2
08-11 16:32:42.112  1837  2311 D DisplayPowerController[0]: Animating brightness: target=983.0, rate=125.0, source= 7
08-11 16:32:42.112  1837  2311 V DisplayPowerController[0]: Brightness [983.0] reason changing to: 'automatic [ auto_adj ]', previous reason: 'automatic'.
08-11 16:32:42.112  1837  2311 D VRR [OPlusRefreshRateService]: notifyBrightnessChange brightness: 983.0
08-11 16:32:42.112  1837  2065 D DisplayManagerService: Delivering display event: displayId=0, event=4
08-11 16:32:42.119  1837  3947 D LightsServiceExtImpl: baseSetLightLocked end.
08-11 16:32:42.128  1837  2311 D OplusDisplayPowerControllerExtImpl: original brightness to dataBase:1156 final brightness:983.0 scale:0.85036105 reason:4 darkLevel:2
08-11 16:32:42.128  1837  2311 D DisplayPowerController[0]: Animating brightness: target=983.0, rate=125.0, source= 7
08-11 16:32:42.128  1837  2311 V DisplayPowerController[0]: Brightness [983.0] reason changing to: 'automatic [ auto_adj ]', previous reason: 'automatic'.
08-11 16:32:42.128  1837  2311 D VRR [OPlusRefreshRateService]: notifyBrightnessChange brightness: 983.0
08-11 16:32:42.128  1837  2065 D DisplayManagerService: Delivering display event: displayId=0, event=4
08-11 16:32:42.136  1837  3947 D LightsServiceExtImpl: baseSetLightLocked end.
08-11 16:32:42.145  1837  2311 D OplusDisplayPowerControllerExtImpl: original brightness to dataBase:1156 final brightness:983.0 scale:0.85036105 reason:4 darkLevel:2
08-11 16:32:42.146  1837  2311 D DisplayPowerController[0]: Animating brightness: target=983.0, rate=125.0, source= 7
08-11 16:32:42.146  1837  2311 V DisplayPowerController[0]: Brightness [983.0] reason changing to: 'automatic [ auto_adj ]', previous reason: 'automatic'.
08-11 16:32:42.146  1837  2311 D VRR [OPlusRefreshRateService]: notifyBrightnessChange brightness: 983.0
08-11 16:32:42.146  1837  2065 D DisplayManagerService: Delivering display event: displayId=0, event=4
08-11 16:32:42.153  1837  3947 D LightsServiceExtImpl: baseSetLightLocked end.
08-11 16:32:42.164  1837  2311 D OplusDisplayPowerControllerExtImpl: original brightness to dataBase:1156 final brightness:983.0 scale:0.85036105 reason:4 darkLevel:2
08-11 16:32:42.164  1837  2311 D DisplayPowerController[0]: Animating brightness: target=983.0, rate=125.0, source= 7
08-11 16:32:42.164  1837  2311 V DisplayPowerController[0]: Brightness [983.0] reason changing to: 'automatic [ auto_adj ]', previous reason: 'automatic'.
08-11 16:32:42.164  1837  2311 D VRR [OPlusRefreshRateService]: notifyBrightnessChange brightness: 983.0
08-11 16:32:42.165  1837  2065 D DisplayManagerService: Delivering display event: displayId=0, event=4
08-11 16:32:42.169  1837  3947 D LightsServiceExtImpl: baseSetLightLocked end.
08-11 16:32:42.176  1837  2311 D OplusDisplayPowerControllerExtImpl: original brightness to dataBase:1156 final brightness:983.0 scale:0.85036105 reason:4 darkLevel:2
08-11 16:32:42.176  1837  2311 D DisplayPowerController[0]: Animating brightness: target=983.0, rate=125.0, source= 7
08-11 16:32:42.176  1837  2311 V DisplayPowerController[0]: Brightness [983.0] reason changing to: 'automatic [ auto_adj ]', previous reason: 'automatic'.
08-11 16:32:42.176  1837  2311 D VRR [OPlusRefreshRateService]: notifyBrightnessChange brightness: 983.0
08-11 16:32:42.177  1837  2065 D DisplayManagerService: Delivering display event: displayId=0, event=4
08-11 16:32:42.186  1837  3947 D LightsServiceExtImpl: baseSetLightLocked end.
08-11 16:32:42.192  1837  2311 D OplusDisplayPowerControllerExtImpl: original brightness to dataBase:1156 final brightness:983.0 scale:0.85036105 reason:4 darkLevel:2
08-11 16:32:42.192  1837  2311 D DisplayPowerController[0]: Animating brightness: target=983.0, rate=125.0, source= 7
08-11 16:32:42.192  1837  2311 V DisplayPowerController[0]: Brightness [983.0] reason changing to: 'automatic [ auto_adj ]', previous reason: 'automatic'.
08-11 16:32:42.192  1837  2311 D VRR [OPlusRefreshRateService]: notifyBrightnessChange brightness: 983.0
08-11 16:32:42.192  1837  2065 D DisplayManagerService: Delivering display event: displayId=0, event=4
08-11 16:32:42.203  1837  3947 D LightsServiceExtImpl: baseSetLightLocked end.
08-11 16:32:42.211  1837  2311 D OplusDisplayPowerControllerExtImpl: original brightness to dataBase:1156 final brightness:983.0 scale:0.85036105 reason:4 darkLevel:2
08-11 16:32:42.211  1837  2311 D DisplayPowerController[0]: Animating brightness: target=983.0, rate=125.0, source= 7
08-11 16:32:42.211  1837  2311 V DisplayPowerController[0]: Brightness [983.0] reason changing to: 'automatic [ auto_adj ]', previous reason: 'automatic'.
08-11 16:32:42.211  1837  2311 D VRR [OPlusRefreshRateService]: notifyBrightnessChange brightness: 983.0
08-11 16:32:42.211  1837  2065 D DisplayManagerService: Delivering display event: displayId=0, event=4
08-11 16:32:42.219  1837  3947 D LightsServiceExtImpl: baseSetLightLocked end.
08-11 16:32:42.229  1837  2311 D OplusDisplayPowerControllerExtImpl: original brightness to dataBase:1156 final brightness:983.0 scale:0.85036105 reason:4 darkLevel:2
08-11 16:32:42.229  1837  2311 D DisplayPowerController[0]: Animating brightness: target=983.0, rate=125.0, source= 7
08-11 16:32:42.229  1837  2311 V DisplayPowerController[0]: Brightness [983.0] reason changing to: 'automatic [ auto_adj ]', previous reason: 'automatic'.
08-11 16:32:42.229  1837  2311 D VRR [OPlusRefreshRateService]: notifyBrightnessChange brightness: 983.0
08-11 16:32:42.230  1837  2065 D DisplayManagerService: Delivering display event: displayId=0, event=4
08-11 16:32:42.236  1837  3947 D LightsServiceExtImpl: baseSetLightLocked end.
08-11 16:32:42.245  1837  2311 D OplusDisplayPowerControllerExtImpl: original brightness to dataBase:1156 final brightness:983.0 scale:0.85036105 reason:4 darkLevel:2
08-11 16:32:42.245  1837  2311 D DisplayPowerController[0]: Animating brightness: target=983.0, rate=125.0, source= 7
08-11 16:32:42.245  1837  2311 V DisplayPowerController[0]: Brightness [983.0] reason changing to: 'automatic [ auto_adj ]', previous reason: 'automatic'.
08-11 16:32:42.245  1837  2311 D VRR [OPlusRefreshRateService]: notifyBrightnessChange brightness: 983.0
08-11 16:32:42.246  1837  2065 D DisplayManagerService: Delivering display event: displayId=0, event=4
08-11 16:32:42.252  1837  3947 D LightsServiceExtImpl: baseSetLightLocked end.
08-11 16:32:42.260  1837  2311 D OplusDisplayPowerControllerExtImpl: original brightness to dataBase:1156 final brightness:983.0 scale:0.85036105 reason:4 darkLevel:2
08-11 16:32:42.260  1837  2311 D DisplayPowerController[0]: Animating brightness: target=983.0, rate=125.0, source= 7
08-11 16:32:42.260  1837  2311 V DisplayPowerController[0]: Brightness [983.0] reason changing to: 'automatic [ auto_adj ]', previous reason: 'automatic'.
08-11 16:32:42.260  1837  2311 D VRR [OPlusRefreshRateService]: notifyBrightnessChange brightness: 983.0
08-11 16:32:42.260  1837  2065 D DisplayManagerService: Delivering display event: displayId=0, event=4
08-11 16:32:42.269  1837  3947 D LightsServiceExtImpl: baseSetLightLocked end.
08-11 16:32:42.275  1837  2311 D OplusDisplayPowerControllerExtImpl: original brightness to dataBase:1156 final brightness:983.0 scale:0.85036105 reason:4 darkLevel:2
08-11 16:32:42.275  1837  2311 D DisplayPowerController[0]: Animating brightness: target=983.0, rate=125.0, source= 7
08-11 16:32:42.275  1837  2311 V DisplayPowerController[0]: Brightness [983.0] reason changing to: 'automatic [ auto_adj ]', previous reason: 'automatic'.
08-11 16:32:42.275  1837  2311 D VRR [OPlusRefreshRateService]: notifyBrightnessChange brightness: 983.0
08-11 16:32:42.276  1837  2065 D DisplayManagerService: Delivering display event: displayId=0, event=4
08-11 16:32:42.285  1837  3947 D LightsServiceExtImpl: baseSetLightLocked end.
08-11 16:32:42.292  1837  2311 D OplusDisplayPowerControllerExtImpl: original brightness to dataBase:1156 final brightness:983.0 scale:0.85036105 reason:4 darkLevel:2
08-11 16:32:42.292  1837  2311 D DisplayPowerController[0]: Animating brightness: target=983.0, rate=125.0, source= 7
08-11 16:32:42.292  1837  2311 V DisplayPowerController[0]: Brightness [983.0] reason changing to: 'automatic [ auto_adj ]', previous reason: 'automatic'.
08-11 16:32:42.292  1837  2311 D VRR [OPlusRefreshRateService]: notifyBrightnessChange brightness: 983.0
08-11 16:32:42.292  1837  2065 D DisplayManagerService: Delivering display event: displayId=0, event=4
08-11 16:32:42.302  1837  3947 D LightsServiceExtImpl: baseSetLightLocked end.
08-11 16:32:42.310  1837  2311 D OplusDisplayPowerControllerExtImpl: original brightness to dataBase:1156 final brightness:983.0 scale:0.85036105 reason:4 darkLevel:2
08-11 16:32:42.310  1837  2311 D DisplayPowerController[0]: Animating brightness: target=983.0, rate=125.0, source= 7
08-11 16:32:42.310  1837  2311 V DisplayPowerController[0]: Brightness [983.0] reason changing to: 'automatic [ auto_adj ]', previous reason: 'automatic'.
08-11 16:32:42.310  1837  2311 D VRR [OPlusRefreshRateService]: notifyBrightnessChange brightness: 983.0
08-11 16:32:42.311  1837  2065 D DisplayManagerService: Delivering display event: displayId=0, event=4
08-11 16:32:42.319  1837  3947 D LightsServiceExtImpl: baseSetLightLocked end.
08-11 16:32:42.326  1837  2311 D OplusDisplayPowerControllerExtImpl: original brightness to dataBase:1156 final brightness:983.0 scale:0.85036105 reason:4 darkLevel:2
08-11 16:32:42.326  1837  2311 D DisplayPowerController[0]: Animating brightness: target=983.0, rate=125.0, source= 7
08-11 16:32:42.326  1837  2311 V DisplayPowerController[0]: Brightness [983.0] reason changing to: 'automatic [ auto_adj ]', previous reason: 'automatic'.
08-11 16:32:42.326  1837  2311 D VRR [OPlusRefreshRateService]: notifyBrightnessChange brightness: 983.0
08-11 16:32:42.326  1837  2065 D DisplayManagerService: Delivering display event: displayId=0, event=4
08-11 16:32:42.335  1837  3947 D LightsServiceExtImpl: baseSetLightLocked end.
08-11 16:32:42.342  1837  2311 D OplusDisplayPowerControllerExtImpl: original brightness to dataBase:1156 final brightness:983.0 scale:0.85036105 reason:4 darkLevel:2
08-11 16:32:42.343  1837  2311 D DisplayPowerController[0]: Animating brightness: target=983.0, rate=125.0, source= 7
08-11 16:32:42.343  1837  2311 V DisplayPowerController[0]: Brightness [983.0] reason changing to: 'automatic [ auto_adj ]', previous reason: 'automatic'.
08-11 16:32:42.343  1837  2311 D VRR [OPlusRefreshRateService]: notifyBrightnessChange brightness: 983.0
08-11 16:32:42.343  1837  2065 D DisplayManagerService: Delivering display event: displayId=0, event=4
08-11 16:32:42.352  1837  3947 D LightsServiceExtImpl: baseSetLightLocked end.
08-11 16:32:42.359  1837  2311 D OplusDisplayPowerControllerExtImpl: original brightness to dataBase:1156 final brightness:983.0 scale:0.85036105 reason:4 darkLevel:2
08-11 16:32:42.359  1837  2311 D DisplayPowerController[0]: Animating brightness: target=983.0, rate=125.0, source= 7
08-11 16:32:42.359  1837  2311 V DisplayPowerController[0]: Brightness [983.0] reason changing to: 'automatic [ auto_adj ]', previous reason: 'automatic'.
08-11 16:32:42.359  1837  2311 D VRR [OPlusRefreshRateService]: notifyBrightnessChange brightness: 983.0
08-11 16:32:42.360  1837  2065 D DisplayManagerService: Delivering display event: displayId=0, event=4
08-11 16:32:42.369  1837  3947 D LightsServiceExtImpl: baseSetLightLocked end.
08-11 16:32:42.376  1837  2347 D VRR [OPlusSurfaceFlingerController]:  setTouchIdle : TouchIdleBean{mEnable=true, mHwEnable=false, mSwEnable=true, mAdfrEnable=false, mTimeOut=4000, mContentThreshold=-1, mContentGapMs=500, mBrightnessLimit=200, mNitLimit=-1, mLowestRate=60, mBlackList=[], mReadingWhiteList=[], mSpecialTimeOutMap={}, mSwWhiteList=[], mSwNegligibleOverlay=[], mHwDisablePanel=[], mAdfrToHwList=[]}
08-11 16:32:42.377  1837  2311 D OplusDisplayPowerControllerExtImpl: original brightness to dataBase:1156 final brightness:983.0 scale:0.85036105 reason:4 darkLevel:2
08-11 16:32:42.377  1837  2311 D DisplayPowerController[0]: Animating brightness: target=983.0, rate=125.0, source= 7
08-11 16:32:42.377  1837  2311 V DisplayPowerController[0]: Brightness [983.0] reason changing to: 'automatic [ auto_adj ]', previous reason: 'automatic'.
08-11 16:32:42.378  1837  2311 D VRR [OPlusRefreshRateService]: notifyBrightnessChange brightness: 983.0
08-11 16:32:42.378  1837  2065 D DisplayManagerService: Delivering display event: displayId=0, event=4
08-11 16:32:42.385  1837  3947 D LightsServiceExtImpl: baseSetLightLocked end.
