08-07 13:56:48.767 21708 21708 E AndroidRuntime: 	at android.view.View.layout(View.java:23324)
08-07 13:56:48.767 21708 21708 E AndroidRuntime: 	at android.view.ViewGroup.layout(ViewGroup.java:6505)
08-07 13:56:48.767 21708 21708 E AndroidRuntime: 	at android.widget.FrameLayout.layoutChildren(FrameLayout.java:332)
08-07 13:56:48.767 21708 21708 E AndroidRuntime: 	at android.widget.FrameLayout.onLayout(FrameLayout.java:270)
08-07 13:56:48.767 21708 21708 E AndroidRuntime: 	at com.android.internal.policy.DecorView.onLayout(DecorView.java:873)
08-07 13:56:48.767 21708 21708 E AndroidRuntime: 	at android.view.View.layout(View.java:23324)
08-07 13:56:48.767 21708 21708 E AndroidRuntime: 	at android.view.ViewGroup.layout(ViewGroup.java:6505)
08-07 13:56:48.767 21708 21708 E AndroidRuntime: 	at android.view.ViewRootImpl.performLayout(ViewRootImpl.java:3936)
08-07 13:56:48.767 21708 21708 E AndroidRuntime: 	at android.view.ViewRootImpl.performTraversals(ViewRootImpl.java:3338)
08-07 13:56:48.767 21708 21708 E AndroidRuntime: 	at android.view.ViewRootImpl.doTraversal(ViewRootImpl.java:2305)
08-07 13:56:48.767 21708 21708 E AndroidRuntime: 	at android.view.ViewRootImpl$TraversalRunnable.run(ViewRootImpl.java:9133)
08-07 13:56:48.767 21708 21708 E AndroidRuntime: 	at android.view.Choreographer$CallbackRecord.run(Choreographer.java:1232)
08-07 13:56:48.767 21708 21708 E AndroidRuntime: 	at android.view.Choreographer.doCallbacks(Choreographer.java:1029)
08-07 13:56:48.767 21708 21708 E AndroidRuntime: 	at android.view.Choreographer.doFrame(Choreographer.java:934)
08-07 13:56:48.767 21708 21708 E AndroidRuntime: 	at android.view.Choreographer$FrameDisplayEventReceiver.run(Choreographer.java:1217)
08-07 13:56:48.767 21708 21708 E AndroidRuntime: 	at android.os.Handler.handleCallback(Handler.java:938)
08-07 13:56:48.767 21708 21708 E AndroidRuntime: 	at android.os.Handler.dispatchMessage(Handler.java:99)
08-07 13:56:48.767 21708 21708 E AndroidRuntime: 	at android.os.Looper.loopOnce(Looper.java:233)
08-07 13:56:48.767 21708 21708 E AndroidRuntime: 	at android.os.Looper.loop(Looper.java:344)
08-07 13:56:48.767 21708 21708 E AndroidRuntime: 	at android.app.ActivityThread.main(ActivityThread.java:8212)
08-07 13:56:48.767 21708 21708 E AndroidRuntime: 	at java.lang.reflect.Method.invoke(Native Method)
08-07 13:56:48.767 21708 21708 E AndroidRuntime: 	at com.android.internal.os.RuntimeInit$MethodAndArgsCaller.run(RuntimeInit.java:584)
08-07 13:56:48.767 21708 21708 E AndroidRuntime: 	at com.android.internal.os.ZygoteInit.main(ZygoteInit.java:1034)
08-07 13:58:38.277 27727 27727 E AndroidRuntime: FATAL EXCEPTION: main
08-07 13:58:38.277 27727 27727 E AndroidRuntime: Process: com.instagram.android, PID: 27727
08-07 13:58:38.277 27727 27727 E AndroidRuntime: java.lang.ClassCastException: X.D9S cannot be cast to X.D6T
08-07 13:58:38.277 27727 27727 E AndroidRuntime: 	at X.D5O.A02(:2015)
08-07 13:58:38.277 27727 27727 E AndroidRuntime: 	at X.D5O.bindView(:67)
08-07 13:58:38.277 27727 27727 E AndroidRuntime: 	at X.KIN.onBindViewHolder(:82)
08-07 13:58:38.277 27727 27727 E AndroidRuntime: 	at X.D3J.onBindViewHolder(:126)
08-07 13:58:38.277 27727 27727 E AndroidRuntime: 	at X.KIN.onBindViewHolder(:268435458)
08-07 13:58:38.277 27727 27727 E AndroidRuntime: 	at X.Epx.bindViewHolder(:46)
08-07 13:58:38.277 27727 27727 E AndroidRuntime: 	at X.Eox.A04(:224)
08-07 13:58:38.277 27727 27727 E AndroidRuntime: 	at X.Eox.A03(:5)
08-07 13:58:38.277 27727 27727 E AndroidRuntime: 	at X.Eq7.A00(:54)
08-07 13:58:38.277 27727 27727 E AndroidRuntime: 	at androidx.recyclerview.widget.LinearLayoutManager.A1h(:203)
08-07 13:58:38.277 27727 27727 E AndroidRuntime: 	at androidx.recyclerview.widget.LinearLayoutManager.A1X(:1320)
08-07 13:58:38.277 27727 27727 E AndroidRuntime: 	at com.instagram.common.ui.widget.recyclerview.LinearLayoutManagerCompat.A1X(:12)
08-07 13:58:38.277 27727 27727 E AndroidRuntime: 	at androidx.recyclerview.widget.RecyclerView.A07(:69)
08-07 13:58:38.277 27727 27727 E AndroidRuntime: 	at androidx.recyclerview.widget.RecyclerView.A0W(:89)
08-07 13:58:38.277 27727 27727 E AndroidRuntime: 	at androidx.recyclerview.widget.RecyclerView.onLayout(:8)
08-07 13:58:38.277 27727 27727 E AndroidRuntime: 	at android.view.View.layout(View.java:23324)
08-07 13:58:38.277 27727 27727 E AndroidRuntime: 	at android.view.ViewGroup.layout(ViewGroup.java:6505)
08-07 13:58:38.277 27727 27727 E AndroidRuntime: 	at android.widget.FrameLayout.layoutChildren(FrameLayout.java:332)
08-07 13:58:38.277 27727 27727 E AndroidRuntime: 	at android.widget.FrameLayout.onLayout(FrameLayout.java:270)
08-07 13:58:38.277 27727 27727 E AndroidRuntime: 	at android.view.View.layout(View.java:23324)
08-07 13:58:38.277 27727 27727 E AndroidRuntime: 	at android.view.ViewGroup.layout(ViewGroup.java:6505)
08-07 13:58:38.277 27727 27727 E AndroidRuntime: 	at android.widget.FrameLayout.layoutChildren(FrameLayout.java:332)
08-07 13:58:38.277 27727 27727 E AndroidRuntime: 	at android.widget.FrameLayout.onLayout(FrameLayout.java:270)
08-07 13:58:38.277 27727 27727 E AndroidRuntime: 	at android.view.View.layout(View.java:23324)
08-07 13:58:38.277 27727 27727 E AndroidRuntime: 	at android.view.ViewGroup.layout(ViewGroup.java:6505)
08-07 13:58:38.277 27727 27727 E AndroidRuntime: 	at android.widget.FrameLayout.layoutChildren(FrameLayout.java:332)
08-07 13:58:38.277 27727 27727 E AndroidRuntime: 	at android.widget.FrameLayout.onLayout(FrameLayout.java:270)
08-07 13:58:38.277 27727 27727 E AndroidRuntime: 	at android.view.View.layout(View.java:23324)
08-07 13:58:38.277 27727 27727 E AndroidRuntime: 	at android.view.ViewGroup.layout(ViewGroup.java:6505)
08-07 13:58:38.277 27727 27727 E AndroidRuntime: 	at android.widget.FrameLayout.layoutChildren(FrameLayout.java:332)
08-07 13:58:38.277 27727 27727 E AndroidRuntime: 	at android.widget.FrameLayout.onLayout(FrameLayout.java:270)
08-07 13:58:38.277 27727 27727 E AndroidRuntime: 	at android.view.View.layout(View.java:23324)
08-07 13:58:38.277 27727 27727 E AndroidRuntime: 	at android.view.ViewGroup.layout(ViewGroup.java:6505)
08-07 13:58:38.277 27727 27727 E AndroidRuntime: 	at androidx.coordinatorlayout.widget.CoordinatorLayout.A0E(:303)
08-07 13:58:38.277 27727 27727 E AndroidRuntime: 	at androidx.coordinatorlayout.widget.CoordinatorLayout.onLayout(:43)
08-07 13:58:38.277 27727 27727 E AndroidRuntime: 	at android.view.View.layout(View.java:23324)
08-07 13:58:38.277 27727 27727 E AndroidRuntime: 	at android.view.ViewGroup.layout(ViewGroup.java:6505)
08-07 13:58:38.277 27727 27727 E AndroidRuntime: 	at android.widget.FrameLayout.layoutChildren(FrameLayout.java:332)
08-07 13:58:38.277 27727 27727 E AndroidRuntime: 	at android.widget.FrameLayout.onLayout(FrameLayout.java:270)
08-07 13:58:38.277 27727 27727 E AndroidRuntime: 	at com.instagram.ui.swipenavigation.SwipeNavigationContainer.onLayout(:0)
08-07 13:58:38.277 27727 27727 E AndroidRuntime: 	at android.view.View.layout(View.java:23324)
08-07 13:58:38.277 27727 27727 E AndroidRuntime: 	at android.view.ViewGroup.layout(ViewGroup.java:6505)
08-07 13:58:38.277 27727 27727 E AndroidRuntime: 	at android.widget.FrameLayout.layoutChildren(FrameLayout.java:332)
08-07 13:58:38.277 27727 27727 E AndroidRuntime: 	at android.widget.FrameLayout.onLayout(FrameLayout.java:270)
08-07 13:58:38.277 27727 27727 E AndroidRuntime: 	at android.view.View.layout(View.java:23324)
08-07 13:58:38.277 27727 27727 E AndroidRuntime: 	at android.view.ViewGroup.layout(ViewGroup.java:6505)
08-07 13:58:38.277 27727 27727 E AndroidRuntime: 	at android.widget.LinearLayout.setChildFrame(LinearLayout.java:1841)
08-07 13:58:38.277 27727 27727 E AndroidRuntime: 	at android.widget.LinearLayout.layoutVertical(LinearLayout.java:1673)
08-07 13:58:38.277 27727 27727 E AndroidRuntime: 	at android.widget.LinearLayout.onLayout(LinearLayout.java:1582)
08-07 13:58:38.277 27727 27727 E AndroidRuntime: 	at android.view.View.layout(View.java:23324)
08-07 13:58:38.277 27727 27727 E AndroidRuntime: 	at android.view.ViewGroup.layout(ViewGroup.java:6505)
08-07 13:58:38.277 27727 27727 E AndroidRuntime: 	at android.widget.FrameLayout.layoutChildren(FrameLayout.java:332)
08-07 13:58:38.277 27727 27727 E AndroidRuntime: 	at android.widget.FrameLayout.onLayout(FrameLayout.java:270)
08-07 13:58:38.277 27727 27727 E AndroidRuntime: 	at android.view.View.layout(View.java:23324)
08-07 13:58:38.277 27727 27727 E AndroidRuntime: 	at android.view.ViewGroup.layout(ViewGroup.java:6505)
08-07 13:58:38.277 27727 27727 E AndroidRuntime: 	at android.widget.LinearLayout.setChildFrame(LinearLayout.java:1841)
08-07 13:58:38.277 27727 27727 E AndroidRuntime: 	at android.widget.LinearLayout.layoutVertical(LinearLayout.java:1673)
08-07 13:58:38.277 27727 27727 E AndroidRuntime: 	at android.widget.LinearLayout.onLayout(LinearLayout.java:1582)
08-07 13:58:38.277 27727 27727 E AndroidRuntime: 	at android.view.View.layout(View.java:23324)
08-07 13:58:38.277 27727 27727 E AndroidRuntime: 	at android.view.ViewGroup.layout(ViewGroup.java:6505)
08-07 13:58:38.277 27727 27727 E AndroidRuntime: 	at android.widget.FrameLayout.layoutChildren(FrameLayout.java:332)
08-07 13:58:38.277 27727 27727 E AndroidRuntime: 	at android.widget.FrameLayout.onLayout(FrameLayout.java:270)
08-07 13:58:38.277 27727 27727 E AndroidRuntime: 	at com.android.internal.policy.DecorView.onLayout(DecorView.java:873)
08-07 13:58:38.277 27727 27727 E AndroidRuntime: 	at android.view.View.layout(View.java:23324)
08-07 13:58:38.277 27727 27727 E AndroidRuntime: 	at android.view.ViewGroup.layout(ViewGroup.java:6505)
08-07 13:58:38.277 27727 27727 E AndroidRuntime: 	at android.view.ViewRootImpl.performLayout(ViewRootImpl.java:3936)
08-07 13:58:38.277 27727 27727 E AndroidRuntime: 	at android.view.ViewRootImpl.performTraversals(ViewRootImpl.java:3338)
08-07 13:58:38.277 27727 27727 E AndroidRuntime: 	at android.view.ViewRootImpl.doTraversal(ViewRootImpl.java:2305)
08-07 13:58:38.277 27727 27727 E AndroidRuntime: 	at android.view.ViewRootImpl$TraversalRunnable.run(ViewRootImpl.java:9133)
08-07 13:58:38.277 27727 27727 E AndroidRuntime: 	at android.view.Choreographer$CallbackRecord.run(Choreographer.java:1232)
08-07 13:58:38.277 27727 27727 E AndroidRuntime: 	at android.view.Choreographer.doCallbacks(Choreographer.java:1029)
08-07 13:58:38.277 27727 27727 E AndroidRuntime: 	at android.view.Choreographer.doFrame(Choreographer.java:934)
08-07 13:58:38.277 27727 27727 E AndroidRuntime: 	at android.view.Choreographer$FrameDisplayEventReceiver.run(Choreographer.java:1217)
08-07 13:58:38.277 27727 27727 E AndroidRuntime: 	at android.os.Handler.handleCallback(Handler.java:938)
08-07 13:58:38.277 27727 27727 E AndroidRuntime: 	at android.os.Handler.dispatchMessage(Handler.java:99)
08-07 13:58:38.277 27727 27727 E AndroidRuntime: 	at android.os.Looper.loopOnce(Looper.java:233)
08-07 13:58:38.277 27727 27727 E AndroidRuntime: 	at android.os.Looper.loop(Looper.java:344)
08-07 13:58:38.277 27727 27727 E AndroidRuntime: 	at android.app.ActivityThread.main(ActivityThread.java:8212)
08-07 13:58:38.277 27727 27727 E AndroidRuntime: 	at java.lang.reflect.Method.invoke(Native Method)
08-07 13:58:38.277 27727 27727 E AndroidRuntime: 	at com.android.internal.os.RuntimeInit$MethodAndArgsCaller.run(RuntimeInit.java:584)
08-07 13:58:38.277 27727 27727 E AndroidRuntime: 	at com.android.internal.os.ZygoteInit.main(ZygoteInit.java:1034)
08-07 13:59:19.112 29614 29614 E AndroidRuntime: FATAL EXCEPTION: main
08-07 13:59:19.112 29614 29614 E AndroidRuntime: Process: com.instagram.android, PID: 29614
08-07 13:59:19.112 29614 29614 E AndroidRuntime: java.lang.ClassCastException: X.D9S cannot be cast to X.D6T
08-07 13:59:19.112 29614 29614 E AndroidRuntime: 	at X.D5O.A02(:2015)
08-07 13:59:19.112 29614 29614 E AndroidRuntime: 	at X.D5O.bindView(:67)
08-07 13:59:19.112 29614 29614 E AndroidRuntime: 	at X.KIN.onBindViewHolder(:82)
08-07 13:59:19.112 29614 29614 E AndroidRuntime: 	at X.D3J.onBindViewHolder(:126)
08-07 13:59:19.112 29614 29614 E AndroidRuntime: 	at X.KIN.onBindViewHolder(:268435458)
08-07 13:59:19.112 29614 29614 E AndroidRuntime: 	at X.Epx.bindViewHolder(:46)
08-07 13:59:19.112 29614 29614 E AndroidRuntime: 	at X.Eox.A04(:224)
08-07 13:59:19.112 29614 29614 E AndroidRuntime: 	at X.Eoz.A00(:41)
08-07 13:59:19.112 29614 29614 E AndroidRuntime: 	at X.Eoz.run(:249)
08-07 13:59:19.112 29614 29614 E AndroidRuntime: 	at android.os.Handler.handleCallback(Handler.java:938)
08-07 13:59:19.112 29614 29614 E AndroidRuntime: 	at android.os.Handler.dispatchMessage(Handler.java:99)
08-07 13:59:19.112 29614 29614 E AndroidRuntime: 	at android.os.Looper.loopOnce(Looper.java:233)
08-07 13:59:19.112 29614 29614 E AndroidRuntime: 	at android.os.Looper.loop(Looper.java:344)
08-07 13:59:19.112 29614 29614 E AndroidRuntime: 	at android.app.ActivityThread.main(ActivityThread.java:8212)
08-07 13:59:19.112 29614 29614 E AndroidRuntime: 	at java.lang.reflect.Method.invoke(Native Method)
08-07 13:59:19.112 29614 29614 E AndroidRuntime: 	at com.android.internal.os.RuntimeInit$MethodAndArgsCaller.run(RuntimeInit.java:584)
08-07 13:59:19.112 29614 29614 E AndroidRuntime: 	at com.android.internal.os.ZygoteInit.main(ZygoteInit.java:1034)
08-07 13:59:25.832 30397 30397 E AndroidRuntime: FATAL EXCEPTION: main
08-07 13:59:25.832 30397 30397 E AndroidRuntime: Process: com.instagram.android, PID: 30397
08-07 13:59:25.832 30397 30397 E AndroidRuntime: java.lang.ClassCastException: X.D9S cannot be cast to X.D6T
08-07 13:59:25.832 30397 30397 E AndroidRuntime: 	at X.D5O.A02(:2015)
08-07 13:59:25.832 30397 30397 E AndroidRuntime: 	at X.D5O.bindView(:67)
08-07 13:59:25.832 30397 30397 E AndroidRuntime: 	at X.KIN.onBindViewHolder(:82)
08-07 13:59:25.832 30397 30397 E AndroidRuntime: 	at X.D3J.onBindViewHolder(:126)
08-07 13:59:25.832 30397 30397 E AndroidRuntime: 	at X.KIN.onBindViewHolder(:268435458)
08-07 13:59:25.832 30397 30397 E AndroidRuntime: 	at X.Epx.bindViewHolder(:46)
08-07 13:59:25.832 30397 30397 E AndroidRuntime: 	at X.Eox.A04(:224)
08-07 13:59:25.832 30397 30397 E AndroidRuntime: 	at X.Eoz.A00(:41)
08-07 13:59:25.832 30397 30397 E AndroidRuntime: 	at X.Eoz.run(:249)
08-07 13:59:25.832 30397 30397 E AndroidRuntime: 	at android.os.Handler.handleCallback(Handler.java:938)
08-07 13:59:25.832 30397 30397 E AndroidRuntime: 	at android.os.Handler.dispatchMessage(Handler.java:99)
08-07 13:59:25.832 30397 30397 E AndroidRuntime: 	at android.os.Looper.loopOnce(Looper.java:233)
08-07 13:59:25.832 30397 30397 E AndroidRuntime: 	at android.os.Looper.loop(Looper.java:344)
08-07 13:59:25.832 30397 30397 E AndroidRuntime: 	at android.app.ActivityThread.main(ActivityThread.java:8212)
08-07 13:59:25.832 30397 30397 E AndroidRuntime: 	at java.lang.reflect.Method.invoke(Native Method)
08-07 13:59:25.832 30397 30397 E AndroidRuntime: 	at com.android.internal.os.RuntimeInit$MethodAndArgsCaller.run(RuntimeInit.java:584)
08-07 13:59:25.832 30397 30397 E AndroidRuntime: 	at com.android.internal.os.ZygoteInit.main(ZygoteInit.java:1034)
08-10 05:29:31.052 22821 22821 E AndroidRuntime: FATAL EXCEPTION: main
08-10 05:29:31.052 22821 22821 E AndroidRuntime: Process: org.schabi.newpipe, PID: 22821
08-10 05:29:31.052 22821 22821 E AndroidRuntime: java.lang.RuntimeException: Unable to start activity ComponentInfo{org.schabi.newpipe/org.schabi.newpipe.MainActivity}: androidx.fragment.app.Fragment$InstantiationException: Unable to instantiate fragment org.schabi.newpipe.download.DownloadDialog: could not find Fragment constructor
08-10 05:29:31.052 22821 22821 E AndroidRuntime: 	at android.app.ActivityThread.performLaunchActivity(ActivityThread.java:3780)
08-10 05:29:31.052 22821 22821 E AndroidRuntime: 	at android.app.ActivityThread.handleLaunchActivity(ActivityThread.java:3942)
08-10 05:29:31.052 22821 22821 E AndroidRuntime: 	at android.app.ActivityThread.handleRelaunchActivityInner(ActivityThread.java:5961)
08-10 05:29:31.052 22821 22821 E AndroidRuntime: 	at android.app.ActivityThread.handleRelaunchActivity(ActivityThread.java:5850)
08-10 05:29:31.052 22821 22821 E AndroidRuntime: 	at android.app.servertransaction.ActivityRelaunchItem.execute(ActivityRelaunchItem.java:71)
08-10 05:29:31.052 22821 22821 E AndroidRuntime: 	at android.app.servertransaction.ActivityTransactionItem.execute(ActivityTransactionItem.java:45)
08-10 05:29:31.052 22821 22821 E AndroidRuntime: 	at android.app.servertransaction.TransactionExecutor.executeCallbacks(TransactionExecutor.java:135)
08-10 05:29:31.052 22821 22821 E AndroidRuntime: 	at android.app.servertransaction.TransactionExecutor.execute(TransactionExecutor.java:95)
08-10 05:29:31.052 22821 22821 E AndroidRuntime: 	at android.app.ActivityThread$H.handleMessage(ActivityThread.java:2345)
08-10 05:29:31.052 22821 22821 E AndroidRuntime: 	at android.os.Handler.dispatchMessage(Handler.java:106)
08-10 05:29:31.052 22821 22821 E AndroidRuntime: 	at android.os.Looper.loopOnce(Looper.java:233)
08-10 05:29:31.052 22821 22821 E AndroidRuntime: 	at android.os.Looper.loop(Looper.java:344)
08-10 05:29:31.052 22821 22821 E AndroidRuntime: 	at android.app.ActivityThread.main(ActivityThread.java:8212)
08-10 05:29:31.052 22821 22821 E AndroidRuntime: 	at java.lang.reflect.Method.invoke(Native Method)
08-10 05:29:31.052 22821 22821 E AndroidRuntime: 	at com.android.internal.os.RuntimeInit$MethodAndArgsCaller.run(RuntimeInit.java:584)
08-10 05:29:31.052 22821 22821 E AndroidRuntime: 	at com.android.internal.os.ZygoteInit.main(ZygoteInit.java:1034)
08-10 05:29:31.052 22821 22821 E AndroidRuntime: Caused by: androidx.fragment.app.Fragment$InstantiationException: Unable to instantiate fragment org.schabi.newpipe.download.DownloadDialog: could not find Fragment constructor
08-10 05:29:31.052 22821 22821 E AndroidRuntime: 	at androidx.fragment.app.Fragment.instantiate(Fragment.java:628)
08-10 05:29:31.052 22821 22821 E AndroidRuntime: 	at androidx.fragment.app.FragmentContainer.instantiate(FragmentContainer.java:57)
08-10 05:29:31.052 22821 22821 E AndroidRuntime: 	at androidx.fragment.app.FragmentManager$3.instantiate(FragmentManager.java:483)
08-10 05:29:31.052 22821 22821 E AndroidRuntime: 	at androidx.fragment.app.FragmentStateManager.<init>(FragmentStateManager.java:85)
08-10 05:29:31.052 22821 22821 E AndroidRuntime: 	at androidx.fragment.app.FragmentManager.restoreSaveState(FragmentManager.java:2728)
08-10 05:29:31.052 22821 22821 E AndroidRuntime: 	at androidx.fragment.app.FragmentController.restoreSaveState(FragmentController.java:198)
08-10 05:29:31.052 22821 22821 E AndroidRuntime: 	at androidx.fragment.app.FragmentActivity$2.onContextAvailable(FragmentActivity.java:149)
08-10 05:29:31.052 22821 22821 E AndroidRuntime: 	at androidx.activity.contextaware.ContextAwareHelper.dispatchOnContextAvailable(ContextAwareHelper.java:99)
08-10 05:29:31.052 22821 22821 E AndroidRuntime: 	at androidx.activity.ComponentActivity.onCreate(ComponentActivity.java:322)
08-10 05:29:31.052 22821 22821 E AndroidRuntime: 	at androidx.fragment.app.FragmentActivity.onCreate(FragmentActivity.java:273)
08-10 05:29:31.052 22821 22821 E AndroidRuntime: 	at org.schabi.newpipe.MainActivity.onCreate(MainActivity.java:143)
08-10 05:29:31.052 22821 22821 E AndroidRuntime: 	at android.app.Activity.performCreate(Activity.java:8129)
08-10 05:29:31.052 22821 22821 E AndroidRuntime: 	at android.app.Activity.performCreate(Activity.java:8109)
08-10 05:29:31.052 22821 22821 E AndroidRuntime: 	at android.app.Instrumentation.callActivityOnCreate(Instrumentation.java:1344)
08-10 05:29:31.052 22821 22821 E AndroidRuntime: 	at android.app.ActivityThread.performLaunchActivity(ActivityThread.java:3749)
08-10 05:29:31.052 22821 22821 E AndroidRuntime: 	... 15 more
08-10 05:29:31.052 22821 22821 E AndroidRuntime: Caused by: java.lang.NoSuchMethodException: org.schabi.newpipe.download.DownloadDialog.<init> []
08-10 05:29:31.052 22821 22821 E AndroidRuntime: 	at java.lang.Class.getConstructor0(Class.java:2363)
08-10 05:29:31.052 22821 22821 E AndroidRuntime: 	at java.lang.Class.getConstructor(Class.java:1759)
08-10 05:29:31.052 22821 22821 E AndroidRuntime: 	at androidx.fragment.app.Fragment.instantiate(Fragment.java:613)
08-10 05:29:31.052 22821 22821 E AndroidRuntime: 	... 29 more
08-10 15:39:15.915 13731 13757 F libc    : Fatal signal 11 (SIGSEGV), code 1 (SEGV_MAPERR), fault addr 0x16c2 in tid 13757 (fiaaa.Waylovely), pid 13731 (fiaaa.Waylovely)
08-10 15:39:16.970 13762 13762 F DEBUG   : Process name is com.github.lovelyyfiaaa.Waylovely, not key_process
08-10 15:39:16.970 13762 13762 F DEBUG   : keyProcess: 0
08-10 15:39:16.970 13762 13762 F DEBUG   : *** *** *** *** *** *** *** *** *** *** *** *** *** *** *** ***
08-10 15:39:16.970 13762 13762 F DEBUG   : Build fingerprint: 'OPPO/CPH2219T2/OP4F11L1:12/RKQ1.211119.001/R.202207011845:user/release-keys'
08-10 15:39:16.970 13762 13762 F DEBUG   : Revision: '0'
08-10 15:39:16.970 13762 13762 F DEBUG   : ABI: 'arm64'
08-10 15:39:16.970 13762 13762 F DEBUG   : Timestamp: 2022-08-10 15:39:16.025230892+0700
08-10 15:39:16.970 13762 13762 F DEBUG   : Process uptime: 0s
08-10 15:39:16.970 13762 13762 F DEBUG   : Cmdline: com.github.lovelyyfiaaa.Waylovely
08-10 15:39:16.970 13762 13762 F DEBUG   : pid: 13731, tid: 13757, name: fiaaa.Waylovely  >>> com.github.lovelyyfiaaa.Waylovely <<<
08-10 15:39:16.970 13762 13762 F DEBUG   : uid: 10403
08-10 15:39:16.970 13762 13762 F DEBUG   : signal 11 (SIGSEGV), code 1 (SEGV_MAPERR), fault addr 0x16c2
08-10 15:39:16.970 13762 13762 F DEBUG   :     x0  00000000000016a2  x1  00000079a62561f8  x2  0000000000000023  x3  00000079a626f008
08-10 15:39:16.970 13762 13762 F DEBUG   :     x4  00000079a5a38690  x5  b400007a2a7b2220  x6  00000079a5a37a48  x7  0000000000000008
08-10 15:39:16.970 13762 13762 F DEBUG   :     x8  00000000000016a2  x9  0000000000000000  x10 0000000000000000  x11 b400007a0deee168
08-10 15:39:16.970 13762 13762 F DEBUG   :     x12 0000000000000000  x13 b400007a0deee188  x14 b400007a0deee188  x15 aaaaaaaaaaaaaaab
08-10 15:39:16.970 13762 13762 F DEBUG   :     x16 00000079a6279fa8  x17 0000007ac88b8660  x18 00000079a4644000  x19 b400007a0052ab70
08-10 15:39:16.970 13762 13762 F DEBUG   :     x20 b400007a2a71c9a0  x21 00000079a626e9b0  x22 00000000000035a3  x23 00000000000035a3
08-10 15:39:16.970 13762 13762 F DEBUG   :     x24 00000079a5a39cb0  x25 00000079a5a39cb0  x26 00000079a5a39ff8  x27 0000000000204000
08-10 15:39:16.970 13762 13762 F DEBUG   :     x28 00000079a5839000  x29 00000079a5a39c50
08-10 15:39:16.970 13762 13762 F DEBUG   :     lr  00000079a61ab270  sp  00000079a5a38ae0  pc  00000079a61ab27c  pst 0000000020000000
08-10 15:39:16.970 13762 13762 F DEBUG   : backtrace:
08-10 15:39:16.970 13762 13762 F DEBUG   :       #00 pc 000000000056727c  /data/app/~~KLFRhW4UYtlWoPcz4OACbA==/com.github.lovelyyfiaaa.Waylovely-RMPuR9KQTR1fyJlSs0hglg==/lib/arm64/libanvil.so (ndk::native_activity::NativeActivity::internal_data_path::he6ff194060594347+32)
08-10 15:39:16.970 13762 13762 F DEBUG   :       #01 pc 0000000000290e6c  /data/app/~~KLFRhW4UYtlWoPcz4OACbA==/com.github.lovelyyfiaaa.Waylovely-RMPuR9KQTR1fyJlSs0hglg==/lib/arm64/libanvil.so (anvil::main::h1db95d028dd3163e+728)
08-10 15:39:16.971 13762 13762 F DEBUG   :       #02 pc 0000000000504f70  /data/app/~~KLFRhW4UYtlWoPcz4OACbA==/com.github.lovelyyfiaaa.Waylovely-RMPuR9KQTR1fyJlSs0hglg==/lib/arm64/libanvil.so (ndk_glue::init::_$u7b$$u7b$closure$u7d$$u7d$::h6306a129861bc719+556)
08-10 15:39:16.971 13762 13762 F DEBUG   :       #03 pc 00000000004ff7c8  /data/app/~~KLFRhW4UYtlWoPcz4OACbA==/com.github.lovelyyfiaaa.Waylovely-RMPuR9KQTR1fyJlSs0hglg==/lib/arm64/libanvil.so (std::sys_common::backtrace::__rust_begin_short_backtrace::h83a1c16bfe205c99+24)
08-10 15:39:16.971 13762 13762 F DEBUG   :       #04 pc 00000000005023ac  /data/app/~~KLFRhW4UYtlWoPcz4OACbA==/com.github.lovelyyfiaaa.Waylovely-RMPuR9KQTR1fyJlSs0hglg==/lib/arm64/libanvil.so (std::thread::Builder::spawn_unchecked_::_$u7b$$u7b$closure$u7d$$u7d$::_$u7b$$u7b$closure$u7d$$u7d$::hb749f00d68f34842+24)
08-10 15:39:16.971 13762 13762 F DEBUG   :       #05 pc 00000000005088f8  /data/app/~~KLFRhW4UYtlWoPcz4OACbA==/com.github.lovelyyfiaaa.Waylovely-RMPuR9KQTR1fyJlSs0hglg==/lib/arm64/libanvil.so (_$LT$core..panic..unwind_safe..AssertUnwindSafe$LT$F$GT$$u20$as$u20$core..ops..function..FnOnce$LT$$LP$$RP$$GT$$GT$::call_once::hb9405a3b07a54f84+24)
08-10 15:39:16.971 13762 13762 F DEBUG   :       #06 pc 0000000000503f2c  /data/app/~~KLFRhW4UYtlWoPcz4OACbA==/com.github.lovelyyfiaaa.Waylovely-RMPuR9KQTR1fyJlSs0hglg==/lib/arm64/libanvil.so (std::panicking::try::do_call::h2b4ee499d5112e36+116)
08-10 15:39:16.971 13762 13762 F DEBUG   :       #07 pc 00000000005041dc  /data/app/~~KLFRhW4UYtlWoPcz4OACbA==/com.github.lovelyyfiaaa.Waylovely-RMPuR9KQTR1fyJlSs0hglg==/lib/arm64/libanvil.so (__rust_try+24)
08-10 15:39:16.971 13762 13762 F DEBUG   :       #08 pc 0000000000503e58  /data/app/~~KLFRhW4UYtlWoPcz4OACbA==/com.github.lovelyyfiaaa.Waylovely-RMPuR9KQTR1fyJlSs0hglg==/lib/arm64/libanvil.so (std::panicking::try::he85d71463e19dc22+92)
08-10 15:39:16.971 13762 13762 F DEBUG   :       #09 pc 000000000050358c  /data/app/~~KLFRhW4UYtlWoPcz4OACbA==/com.github.lovelyyfiaaa.Waylovely-RMPuR9KQTR1fyJlSs0hglg==/lib/arm64/libanvil.so (std::panic::catch_unwind::h4d962e0a36a8cfa2+24)
08-10 15:39:16.971 13762 13762 F DEBUG   :       #10 pc 0000000000502214  /data/app/~~KLFRhW4UYtlWoPcz4OACbA==/com.github.lovelyyfiaaa.Waylovely-RMPuR9KQTR1fyJlSs0hglg==/lib/arm64/libanvil.so (std::thread::Builder::spawn_unchecked_::_$u7b$$u7b$closure$u7d$$u7d$::hdfe7c9c335119445+276)
08-10 15:39:16.971 13762 13762 F DEBUG   :       #11 pc 00000000004ff908  /data/app/~~KLFRhW4UYtlWoPcz4OACbA==/com.github.lovelyyfiaaa.Waylovely-RMPuR9KQTR1fyJlSs0hglg==/lib/arm64/libanvil.so (core::ops::function::FnOnce::call_once$u7b$$u7b$vtable.shim$u7d$$u7d$::he7fa2bd833e7a7a8+16)
08-10 15:39:16.971 13762 13762 F DEBUG   :       #12 pc 00000000005e4a38  /data/app/~~KLFRhW4UYtlWoPcz4OACbA==/com.github.lovelyyfiaaa.Waylovely-RMPuR9KQTR1fyJlSs0hglg==/lib/arm64/libanvil.so (std::sys::unix::thread::Thread::new::thread_start::h838160313dea10dc+24)
08-10 15:39:16.971 13762 13762 F DEBUG   :       #13 pc 00000000000deb44  /apex/com.android.runtime/lib64/bionic/libc.so (__pthread_start(void*)+264) (BuildId: bbbdeb7c87c74f1491f92c6e605095b0)
08-10 15:39:16.971 13762 13762 F DEBUG   :       #14 pc 000000000007b2fc  /apex/com.android.runtime/lib64/bionic/libc.so (__start_thread+68) (BuildId: bbbdeb7c87c74f1491f92c6e605095b0)
08-10 15:54:18.847   653   653 F libc    : crash_dump helper failed to exec, or was killed
08-10 15:54:23.953   628   628 F libc    : crash_dump helper failed to exec, or was killed
08-10 15:56:35.214   653   653 F libc    : crash_dump helper failed to exec, or was killed
08-10 15:56:39.749   628   628 F libc    : crash_dump helper failed to exec, or was killed
08-10 16:06:14.638   653   653 F libc    : crash_dump helper failed to exec, or was killed
08-10 16:06:19.147   628   628 F libc    : crash_dump helper failed to exec, or was killed
08-10 17:00:27.819  5332  5601 F libc    : Fatal signal 11 (SIGSEGV), code 1 (SEGV_MAPERR), fault addr 0x0 in tid 5601 (UnityMain), pid 5332 (o.GenshinImpact)
08-10 17:00:29.627  6124  6124 F DEBUG   : Process name is com.miHoYo.GenshinImpact, not key_process
08-10 17:00:29.627  6124  6124 F DEBUG   : keyProcess: 0
08-10 17:00:29.627  6124  6124 F DEBUG   : *** *** *** *** *** *** *** *** *** *** *** *** *** *** *** ***
08-10 17:00:29.627  6124  6124 F DEBUG   : Build fingerprint: 'OPPO/CPH2219T2/OP4F11L1:12/RKQ1.211119.001/R.202207011845:user/release-keys'
08-10 17:00:29.627  6124  6124 F DEBUG   : Revision: '0'
08-10 17:00:29.627  6124  6124 F DEBUG   : ABI: 'arm64'
08-10 17:00:29.627  6124  6124 F DEBUG   : Timestamp: 2022-08-10 17:00:28.292804239+0700
08-10 17:00:29.627  6124  6124 F DEBUG   : Process uptime: 0s
08-10 17:00:29.627  6124  6124 F DEBUG   : Cmdline: com.miHoYo.GenshinImpact
08-10 17:00:29.627  6124  6124 F DEBUG   : pid: 5332, tid: 5601, name: UnityMain  >>> com.miHoYo.GenshinImpact <<<
08-10 17:00:29.627  6124  6124 F DEBUG   : uid: 10313
08-10 17:00:29.627  6124  6124 F DEBUG   : signal 11 (SIGSEGV), code 1 (SEGV_MAPERR), fault addr 0x0
08-10 17:00:29.627  6124  6124 F DEBUG   : Cause: null pointer dereference
08-10 17:00:29.627  6124  6124 F DEBUG   :     x0  0000000000000000  x1  0000000000000000  x2  0000007abb029d20  x3  0000000000000001
08-10 17:00:29.627  6124  6124 F DEBUG   :     x4  0000000000000000  x5  0000000000000000  x6  0000007980859704  x7  536b65ff646b6f6c
08-10 17:00:29.627  6124  6124 F DEBUG   :     x8  8b9892805e201af3  x9  8b9892805e201af3  x10 0000000000000001  x11 0000000000000001
08-10 17:00:29.628  6124  6124 F DEBUG   :     x12 0000007acd2da3d0  x13 ae21acaa66855753  x14 0061edffdacad135  x15 0000000000000000
08-10 17:00:29.628  6124  6124 F DEBUG   :     x16 00000079749b6440  x17 0000007ac88b6180  x18 b400007950a478ee  x19 b4000079771ee010
08-10 17:00:29.628  6124  6124 F DEBUG   :     x20 b4000079771ee038  x21 b40000798cd0c260  x22 0000000000000000  x23 0000007974bf5000
08-10 17:00:29.628  6124  6124 F DEBUG   :     x24 00000000007dde45  x25 0000007974bced08  x26 8b9892805e201af3  x27 0000007980859804
08-10 17:00:29.628  6124  6124 F DEBUG   :     x28 00000000702e1c68  x29 0000007980859790
08-10 17:00:29.628  6124  6124 F DEBUG   :     lr  00000079730f9350  sp  00000079808595b0  pc  0000007ac88b6190  pst 0000000080000000
08-10 17:00:29.628  6124  6124 F DEBUG   : backtrace:
08-10 17:00:29.628  6124  6124 F DEBUG   :       #00 pc 0000000000073190  /apex/com.android.runtime/lib64/bionic/libc.so (__strlen_aarch64+16) (BuildId: bbbdeb7c87c74f1491f92c6e605095b0)
08-10 17:00:29.628  6124  6124 F DEBUG   :       #01 pc 00000000008a534c  /data/app/~~L62rG91p8BgkJAXSn3LgIQ==/com.miHoYo.GenshinImpact-iWeG5ZSJmumLeqX1lvzFYA==/split_config.arm64_v8a.apk!libunity.so (BuildId: f2ef18239c2abf4575e29222e52b3677cf04aee9)
08-10 17:00:29.628  6124  6124 F DEBUG   :       #02 pc 0000000000da1ed0  /data/app/~~L62rG91p8BgkJAXSn3LgIQ==/com.miHoYo.GenshinImpact-iWeG5ZSJmumLeqX1lvzFYA==/split_config.arm64_v8a.apk!libunity.so (BuildId: f2ef18239c2abf4575e29222e52b3677cf04aee9)
08-10 17:00:29.628  6124  6124 F DEBUG   :       #03 pc 0000000000892108  /data/app/~~L62rG91p8BgkJAXSn3LgIQ==/com.miHoYo.GenshinImpact-iWeG5ZSJmumLeqX1lvzFYA==/split_config.arm64_v8a.apk!libunity.so (BuildId: f2ef18239c2abf4575e29222e52b3677cf04aee9)
08-10 17:00:29.628  6124  6124 F DEBUG   :       #04 pc 000000000089174c  /data/app/~~L62rG91p8BgkJAXSn3LgIQ==/com.miHoYo.GenshinImpact-iWeG5ZSJmumLeqX1lvzFYA==/split_config.arm64_v8a.apk!libunity.so (BuildId: f2ef18239c2abf4575e29222e52b3677cf04aee9)
08-10 17:00:29.628  6124  6124 F DEBUG   :       #05 pc 00000000008aeea8  /data/app/~~L62rG91p8BgkJAXSn3LgIQ==/com.miHoYo.GenshinImpact-iWeG5ZSJmumLeqX1lvzFYA==/split_config.arm64_v8a.apk!libunity.so (BuildId: f2ef18239c2abf4575e29222e52b3677cf04aee9)
08-10 17:00:29.628  6124  6124 F DEBUG   :       #06 pc 000000000086ceac  /data/app/~~L62rG91p8BgkJAXSn3LgIQ==/com.miHoYo.GenshinImpact-iWeG5ZSJmumLeqX1lvzFYA==/split_config.arm64_v8a.apk!libunity.so (BuildId: f2ef18239c2abf4575e29222e52b3677cf04aee9)
08-10 17:00:29.628  6124  6124 F DEBUG   :       #07 pc 00000000005d7994  /data/app/~~L62rG91p8BgkJAXSn3LgIQ==/com.miHoYo.GenshinImpact-iWeG5ZSJmumLeqX1lvzFYA==/split_config.arm64_v8a.apk!libunity.so (BuildId: f2ef18239c2abf4575e29222e52b3677cf04aee9)
08-10 17:00:29.628  6124  6124 F DEBUG   :       #08 pc 00000000005de8bc  /data/app/~~L62rG91p8BgkJAXSn3LgIQ==/com.miHoYo.GenshinImpact-iWeG5ZSJmumLeqX1lvzFYA==/split_config.arm64_v8a.apk!libunity.so (BuildId: f2ef18239c2abf4575e29222e52b3677cf04aee9)
08-10 17:00:29.628  6124  6124 F DEBUG   :       #09 pc 00000000005df128  /data/app/~~L62rG91p8BgkJAXSn3LgIQ==/com.miHoYo.GenshinImpact-iWeG5ZSJmumLeqX1lvzFYA==/split_config.arm64_v8a.apk!libunity.so (BuildId: f2ef18239c2abf4575e29222e52b3677cf04aee9)
08-10 17:00:29.628  6124  6124 F DEBUG   :       #10 pc 00000000005e2494  /data/app/~~L62rG91p8BgkJAXSn3LgIQ==/com.miHoYo.GenshinImpact-iWeG5ZSJmumLeqX1lvzFYA==/split_config.arm64_v8a.apk!libunity.so (BuildId: f2ef18239c2abf4575e29222e52b3677cf04aee9)
08-10 17:00:29.628  6124  6124 F DEBUG   :       #11 pc 000000000008fe8c  /data/app/~~L62rG91p8BgkJAXSn3LgIQ==/com.miHoYo.GenshinImpact-iWeG5ZSJmumLeqX1lvzFYA==/oat/arm64/base.odex (art_jni_trampoline+92)
08-10 17:00:29.628  6124  6124 F DEBUG   :       #12 pc 000000000020d394  /data/app/~~L62rG91p8BgkJAXSn3LgIQ==/com.miHoYo.GenshinImpact-iWeG5ZSJmumLeqX1lvzFYA==/oat/arm64/base.odex (com.unity3d.player.UnityPlayer$e$2.queueIdle+1748)
08-10 17:00:29.628  6124  6124 F DEBUG   :       #13 pc 000000000058b68c  /data/misc/apexdata/com.android.art/dalvik-cache/arm64/boot-framework.oat (android.os.MessageQueue.next+924)
08-10 17:00:29.628  6124  6124 F DEBUG   :       #14 pc 0000000000588484  /data/misc/apexdata/com.android.art/dalvik-cache/arm64/boot-framework.oat (android.os.Looper.loopOnce+100)
08-10 17:00:29.628  6124  6124 F DEBUG   :       #15 pc 000000000058836c  /data/misc/apexdata/com.android.art/dalvik-cache/arm64/boot-framework.oat (android.os.Looper.loop+604)
08-10 17:00:29.628  6124  6124 F DEBUG   :       #16 pc 000000000020dc60  /data/app/~~L62rG91p8BgkJAXSn3LgIQ==/com.miHoYo.GenshinImpact-iWeG5ZSJmumLeqX1lvzFYA==/oat/arm64/base.odex (com.unity3d.player.UnityPlayer$e.run+320)
08-10 17:00:29.628  6124  6124 F DEBUG   :       #17 pc 00000000002ca764  /apex/com.android.art/lib64/libart.so (art_quick_invoke_stub+548) (BuildId: 46df93bc978921840e5b428398c66a57)
08-10 17:00:29.628  6124  6124 F DEBUG   :       #18 pc 000000000030e980  /apex/com.android.art/lib64/libart.so (art::ArtMethod::Invoke(art::Thread*, unsigned int*, unsigned int, art::JValue*, char const*)+156) (BuildId: 46df93bc978921840e5b428398c66a57)
08-10 17:00:29.628  6124  6124 F DEBUG   :       #19 pc 00000000003c1db4  /apex/com.android.art/lib64/libart.so (art::JValue art::InvokeVirtualOrInterfaceWithJValues<art::ArtMethod*>(art::ScopedObjectAccessAlreadyRunnable const&, _jobject*, art::ArtMethod*, jvalue const*)+380) (BuildId: 46df93bc978921840e5b428398c66a57)
08-10 17:00:29.628  6124  6124 F DEBUG   :       #20 pc 00000000004578ec  /apex/com.android.art/lib64/libart.so (art::Thread::CreateCallback(void*)+992) (BuildId: 46df93bc978921840e5b428398c66a57)
08-10 17:00:29.629  6124  6124 F DEBUG   :       #21 pc 00000000000deb44  /apex/com.android.runtime/lib64/bionic/libc.so (__pthread_start(void*)+264) (BuildId: bbbdeb7c87c74f1491f92c6e605095b0)
08-10 17:00:29.629  6124  6124 F DEBUG   :       #22 pc 000000000007b2fc  /apex/com.android.runtime/lib64/bionic/libc.so (__start_thread+68) (BuildId: bbbdeb7c87c74f1491f92c6e605095b0)
08-10 17:31:40.666   653   653 F libc    : crash_dump helper failed to exec, or was killed
08-10 17:31:45.706   628   628 F libc    : crash_dump helper failed to exec, or was killed
08-10 20:46:12.714   653   653 F libc    : crash_dump helper failed to exec, or was killed
08-10 20:46:15.942   628   628 F libc    : crash_dump helper failed to exec, or was killed
--------- beginning of system
08-11 16:31:51.340  1837  4090 E OplusCustomizeRestrictionManagerService: getMobileDataMode error :s == null
08-11 16:31:51.341  1837  4090 I OplusCustomizeService: pkg:com.qualcomm.qti.modemtestmode isPlatformSigned, return true drectly 
08-11 16:31:51.341  1837  7694 I OplusCustomizeService: pkg:com.qualcomm.qti.modemtestmode isPlatformSigned, return true drectly 
08-11 16:31:51.354  1837  4090 I OplusCustomizeService: pkg:com.qualcomm.qti.modemtestmode isPlatformSigned, return true drectly 
08-11 16:31:51.354  1837  4090 E OplusCustomizeRestrictionManagerService: getMobileDataMode error :s == null
08-11 16:31:51.354  1837  4090 I OplusCustomizeService: pkg:com.qualcomm.qti.modemtestmode isPlatformSigned, return true drectly 
08-11 16:31:51.355  1837  4090 I OplusCustomizeService: pkg:com.qualcomm.qti.modemtestmode isPlatformSigned, return true drectly 
08-11 16:31:51.361  1837  4090 I OplusCustomizeService: pkg:com.qualcomm.qti.modemtestmode isPlatformSigned, return true drectly 
08-11 16:31:51.361  1837  4090 E OplusCustomizeRestrictionManagerService: getMobileDataMode error :s == null
08-11 16:31:51.362  1837  4090 I OplusCustomizeService: pkg:com.qualcomm.qti.modemtestmode isPlatformSigned, return true drectly 
08-11 16:31:51.363  1837  4090 I OplusCustomizeService: pkg:com.qualcomm.qti.modemtestmode isPlatformSigned, return true drectly 
08-11 16:31:51.370  1837  4090 I OplusCustomizeService: pkg:com.qualcomm.qti.modemtestmode isPlatformSigned, return true drectly 
08-11 16:31:51.370  1837  4090 E OplusCustomizeRestrictionManagerService: getMobileDataMode error :s == null
08-11 16:31:51.371  1837  4090 I OplusCustomizeService: pkg:com.qualcomm.qti.modemtestmode isPlatformSigned, return true drectly 
08-11 16:31:51.372  1837  4090 I OplusCustomizeService: pkg:com.qualcomm.qti.modemtestmode isPlatformSigned, return true drectly 
08-11 16:31:51.700  1837  1901 V WindowManager: Changing focus from Window{f7aba38 u0 com.android.settings/com.android.settings.Settings$DevelopmentSettingsDashboardActivity} to Window{6958717 u0 NotificationShade},diplayid=0
08-11 16:31:51.701  1837  1901 D CompactWindowManagerService: notifyCompactWindowState task: Task{fe90ef7 #14834 type=standard A=1000:com.android.settings U=0 visible=true mode=fullscreen translucent=false sz=3}; hasFocus: false
08-11 16:31:51.702  1837  5280 D OplusProxyWakeLock: remove uid: 10262 wiht all pids from wakelockUidInfo list
08-11 16:31:51.709  1837  5280 D OplusProxyWakeLock: remove uid: 10405 wiht all pids from wakelockUidInfo list
08-11 16:31:51.757  1837  3816 V OplusNPMS: getWarningNotification numWarningNotificaion10
08-11 16:31:51.757  1837  3816 V OplusNPMS: getWarningNotification numWarningNotificaion10
08-11 16:31:51.757  1837  3816 V OplusNPMS: getLimitNotificationState subID=1
08-11 16:31:51.757  1837  3816 V OplusNPMS: getLimitNotificationState mSubidToIccId != null
08-11 16:31:51.761  1837  7690 I OplusCustomizeService: pkg:com.android.systemui isPlatformSigned, return true drectly 
08-11 16:31:51.773  1837  7694 I OplusCustomizeService: pkg:com.android.systemui isPlatformSigned, return true drectly 
08-11 16:31:51.774  1837  7694 I OplusCustomizeService: pkg:com.android.systemui isPlatformSigned, return true drectly 
08-11 16:31:51.775  1837  7694 I OplusCustomizeService: pkg:com.android.systemui isPlatformSigned, return true drectly 
08-11 16:31:51.775  1837  7694 E OplusCustomizeRestrictionManagerService: getMobileDataMode error :s == null
08-11 16:31:51.776  1837  7690 I OplusCustomizeService: pkg:com.android.systemui isPlatformSigned, return true drectly 
08-11 16:31:51.778  1837  7696 I OplusCustomizeService: pkg:com.android.systemui isPlatformSigned, return true drectly 
08-11 16:31:51.783  1837  7696 I OplusCustomizeService: pkg:com.android.systemui isPlatformSigned, return true drectly 
08-11 16:31:51.787  1837  1901 I OplusCustomizeService: pkg:com.android.systemui isPlatformSigned, return true drectly 
08-11 16:31:51.798  1837  7694 I OplusCustomizeService: pkg:com.android.systemui isPlatformSigned, return true drectly 
08-11 16:31:51.801  1837  7696 I OplusCustomizeService: pkg:com.android.systemui isPlatformSigned, return true drectly 
08-11 16:31:51.802  1837  7696 I OplusCustomizeService: pkg:com.android.systemui isPlatformSigned, return true drectly 
08-11 16:31:51.802  1837  7696 E OplusCustomizeRestrictionManagerService: getMobileDataMode error :s == null
08-11 16:31:51.809  1837  7696 I OplusCustomizeService: pkg:com.android.systemui isPlatformSigned, return true drectly 
08-11 16:31:51.811  1837  1901 I OplusCustomizeService: pkg:com.android.systemui isPlatformSigned, return true drectly 
08-11 16:31:51.811  1837  7694 I OplusCustomizeService: pkg:com.android.systemui isPlatformSigned, return true drectly 
08-11 16:31:51.811  1837  7694 E OplusCustomizeRestrictionManagerService: getMobileDataMode error :s == null
08-11 16:31:51.822  1837  7694 I OplusCustomizeService: pkg:com.android.systemui isPlatformSigned, return true drectly 
08-11 16:31:51.823  1837  7694 I OplusCustomizeService: pkg:com.android.systemui isPlatformSigned, return true drectly 
08-11 16:31:51.824  1837  7694 I OplusCustomizeService: pkg:com.android.systemui isPlatformSigned, return true drectly 
08-11 16:31:51.824  1837  7694 E OplusCustomizeRestrictionManagerService: getMobileDataMode error :s == null
08-11 16:31:51.835  1837  7694 I OplusCustomizeService: pkg:com.android.systemui isPlatformSigned, return true drectly 
08-11 16:31:51.836  1837  7694 I OplusCustomizeService: pkg:com.android.systemui isPlatformSigned, return true drectly 
08-11 16:31:51.837  1837  7694 I OplusCustomizeService: pkg:com.android.systemui isPlatformSigned, return true drectly 
08-11 16:31:51.837  1837  7694 E OplusCustomizeRestrictionManagerService: getMobileDataMode error :s == null
08-11 16:31:51.839  1837  7694 I OplusCustomizeService: pkg:com.android.systemui isPlatformSigned, return true drectly 
08-11 16:31:51.841  1837  7696 I OplusCustomizeService: pkg:com.android.systemui isPlatformSigned, return true drectly 
08-11 16:31:51.842  1837  7696 I OplusCustomizeService: pkg:com.android.systemui isPlatformSigned, return true drectly 
08-11 16:31:51.847  1837  7696 I OplusCustomizeService: pkg:com.android.systemui isPlatformSigned, return true drectly 
08-11 16:31:52.223  1837  2311 D OplusFeatureBrightnessBarController: mDarkLevel: 2
08-11 16:31:52.662  1837  7696 V WindowManager: Changing focus from Window{6958717 u0 NotificationShade} to Window{f7aba38 u0 com.android.settings/com.android.settings.Settings$DevelopmentSettingsDashboardActivity},diplayid=0
08-11 16:31:52.662  1837  7696 D CompactWindowManagerService: notifyCompactWindowState task: Task{fe90ef7 #14834 type=standard A=1000:com.android.settings U=0 visible=true mode=fullscreen translucent=false sz=3}; hasFocus: true
08-11 16:31:52.663  1837  7696 D ActivityTaskManager: onWindowFocusChanged Task{fe90ef7 #14834 type=standard A=1000:com.android.settings U=0 visible=true mode=fullscreen translucent=false sz=3} would transfer to compact
08-11 16:31:54.454  1837  2311 D OplusFeatureBrightnessBarController: mDarkLevel: 2
08-11 16:31:55.352  1837  7698 D CompatibilityChangeReporter: Compat change id reported: 171306433; UID 10128; state: ENABLED
08-11 16:31:56.483  1837  2311 D OplusFeatureBrightnessBarController: mDarkLevel: 2
08-11 16:31:58.714  1837  2311 D OplusFeatureBrightnessBarController: mDarkLevel: 2
08-11 16:32:00.011  1837  1901 E OplusCustomizeRestrictionManagerService: isBiometricDisabled start
08-11 16:32:00.014  1837  4090 E OplusCustomizeRestrictionManagerService: isBiometricDisabled start
08-11 16:32:00.741  1837  2311 D OplusFeatureBrightnessBarController: mDarkLevel: 2
08-11 16:32:02.972  1837  2311 D OplusFeatureBrightnessBarController: mDarkLevel: 2
08-11 16:32:03.876  1837  4090 W AppOps  : Noting op not finished: uid 10128 pkg com.google.android.gms code 113 startTime of in progress event=1660210292296
08-11 16:32:03.887  1837  1901 W AppOps  : Noting op not finished: uid 10128 pkg com.google.android.gms code 113 startTime of in progress event=1660210051572
08-11 16:32:03.898  1837  7698 W AppOps  : Noting op not finished: uid 10128 pkg com.google.android.gms code 113 startTime of in progress event=1660210051572
08-11 16:32:05.000  1837  2311 D OplusFeatureBrightnessBarController: mDarkLevel: 2
08-11 16:32:07.029  1837  2311 D OplusFeatureBrightnessBarController: mDarkLevel: 2
08-11 16:32:09.258  1837  2311 D OplusFeatureBrightnessBarController: mDarkLevel: 2
08-11 16:32:09.510  1837  5280 D OplusProxyWakeLock: remove uid: 10262 wiht all pids from wakelockUidInfo list
08-11 16:32:09.518  1837  5280 D OplusProxyWakeLock: remove uid: 10405 wiht all pids from wakelockUidInfo list
08-11 16:32:09.526  1837  7694 V WindowManager: Changing focus from Window{f7aba38 u0 com.android.settings/com.android.settings.Settings$DevelopmentSettingsDashboardActivity} to Window{6958717 u0 NotificationShade},diplayid=0
08-11 16:32:09.526  1837  7694 D CompactWindowManagerService: notifyCompactWindowState task: Task{fe90ef7 #14834 type=standard A=1000:com.android.settings U=0 visible=true mode=fullscreen translucent=false sz=3}; hasFocus: false
08-11 16:32:09.569  1837  7694 I OplusCustomizeService: pkg:com.android.systemui isPlatformSigned, return true drectly 
08-11 16:32:09.578  1837  3816 V OplusNPMS: getWarningNotification numWarningNotificaion10
08-11 16:32:09.579  1837  3816 V OplusNPMS: getWarningNotification numWarningNotificaion10
08-11 16:32:09.579  1837  3816 V OplusNPMS: getLimitNotificationState subID=1
08-11 16:32:09.579  1837  3816 V OplusNPMS: getLimitNotificationState mSubidToIccId != null
08-11 16:32:09.581  1837  7696 I OplusCustomizeService: pkg:com.android.systemui isPlatformSigned, return true drectly 
08-11 16:32:09.582  1837  7694 I OplusCustomizeService: pkg:com.android.systemui isPlatformSigned, return true drectly 
08-11 16:32:09.582  1837  7694 I OplusCustomizeService: pkg:com.android.systemui isPlatformSigned, return true drectly 
08-11 16:32:09.582  1837  7694 E OplusCustomizeRestrictionManagerService: getMobileDataMode error :s == null
08-11 16:32:09.583  1837  7694 I OplusCustomizeService: pkg:com.android.systemui isPlatformSigned, return true drectly 
08-11 16:32:09.585  1837  7694 I OplusCustomizeService: pkg:com.android.systemui isPlatformSigned, return true drectly 
08-11 16:32:09.586  1837  7698 I OplusCustomizeService: pkg:com.android.systemui isPlatformSigned, return true drectly 
08-11 16:32:09.590  1837  7698 I OplusCustomizeService: pkg:com.android.systemui isPlatformSigned, return true drectly 
08-11 16:32:09.597  1837  7698 I OplusCustomizeService: pkg:com.android.systemui isPlatformSigned, return true drectly 
08-11 16:32:09.598  1837  7696 I OplusCustomizeService: pkg:com.android.systemui isPlatformSigned, return true drectly 
08-11 16:32:09.598  1837  7696 I OplusCustomizeService: pkg:com.android.systemui isPlatformSigned, return true drectly 
08-11 16:32:09.599  1837  7696 E OplusCustomizeRestrictionManagerService: getMobileDataMode error :s == null
08-11 16:32:09.602  1837  7694 I OplusCustomizeService: pkg:com.android.systemui isPlatformSigned, return true drectly 
08-11 16:32:09.603  1837  7696 I OplusCustomizeService: pkg:com.android.systemui isPlatformSigned, return true drectly 
08-11 16:32:09.604  1837  7696 I OplusCustomizeService: pkg:com.android.systemui isPlatformSigned, return true drectly 
08-11 16:32:09.604  1837  7696 E OplusCustomizeRestrictionManagerService: getMobileDataMode error :s == null
08-11 16:32:09.610  1837  7698 I OplusCustomizeService: pkg:com.android.systemui isPlatformSigned, return true drectly 
08-11 16:32:09.611  1837  7698 I OplusCustomizeService: pkg:com.android.systemui isPlatformSigned, return true drectly 
08-11 16:32:09.612  1837  7698 I OplusCustomizeService: pkg:com.android.systemui isPlatformSigned, return true drectly 
08-11 16:32:09.612  1837  7698 E OplusCustomizeRestrictionManagerService: getMobileDataMode error :s == null
08-11 16:32:09.616  1837  7696 I OplusCustomizeService: pkg:com.android.systemui isPlatformSigned, return true drectly 
08-11 16:32:09.618  1837  7698 I OplusCustomizeService: pkg:com.android.systemui isPlatformSigned, return true drectly 
08-11 16:32:09.618  1837  7698 I OplusCustomizeService: pkg:com.android.systemui isPlatformSigned, return true drectly 
08-11 16:32:09.618  1837  7698 E OplusCustomizeRestrictionManagerService: getMobileDataMode error :s == null
08-11 16:32:09.619  1837  7698 I OplusCustomizeService: pkg:com.android.systemui isPlatformSigned, return true drectly 
08-11 16:32:09.621  1837  7698 I OplusCustomizeService: pkg:com.android.systemui isPlatformSigned, return true drectly 
08-11 16:32:09.624  1837  7698 I OplusCustomizeService: pkg:com.android.systemui isPlatformSigned, return true drectly 
08-11 16:32:09.628  1837  7696 I OplusCustomizeService: pkg:com.android.systemui isPlatformSigned, return true drectly 
08-11 16:32:10.895  1837  7694 V WindowManager: Changing focus from Window{6958717 u0 NotificationShade} to Window{f7aba38 u0 com.android.settings/com.android.settings.Settings$DevelopmentSettingsDashboardActivity},diplayid=0
08-11 16:32:10.895  1837  7694 D CompactWindowManagerService: notifyCompactWindowState task: Task{fe90ef7 #14834 type=standard A=1000:com.android.settings U=0 visible=true mode=fullscreen translucent=false sz=3}; hasFocus: true
08-11 16:32:10.895  1837  7694 D ActivityTaskManager: onWindowFocusChanged Task{fe90ef7 #14834 type=standard A=1000:com.android.settings U=0 visible=true mode=fullscreen translucent=false sz=3} would transfer to compact
08-11 16:32:11.287  1837  2311 D OplusFeatureBrightnessBarController: mDarkLevel: 2
08-11 16:32:15.164  1164  1164 I Quality : SFJankCountInfo: 1402; 0; 0; 6; 2; 2; 11; 0; 2; 0; 7
08-11 16:32:16.560  1837  2311 D OplusFeatureBrightnessBarController: mDarkLevel: 2
08-11 16:32:16.630  1837  3436 V UsbDeviceManager: USB UEVENT: {SUBSYSTEM=android_usb, SEQNUM=467797, ACTION=change, USB_STATE=DISCONNECTED, DEVPATH=/devices/virtual/android_usb/android0}
08-11 16:32:16.700  1837  2427 I UsbPortManager: ClientCallback V1_2: port0
08-11 16:32:16.701  1837  2059 I UsbPortManager: USB port changed: port=UsbPort{id=port0, supportedModes=dualsupportedContaminantProtectionModes=5supportsEnableContaminantPresenceProtection=falsesupportsEnableContaminantPresenceDetection=false, status=UsbPortStatus{connected=false, currentMode=none, currentPowerRole=no-power, currentDataRole=no-data, supportedRoleCombinations=[no-power:no-data], contaminantDetectionStatus=2, contaminantProtectionStatus=1}, canChangeMode=true, canChangePowerRole=false, canChangeDataRole=false, connectedAtMillis=0, lastConnectDurationMillis=126497
