08-11 16:32:16.702  1837  1837 I UsbDeviceManager: updateHostState UsbPort{id=port0, supportedModes=dualsupportedContaminantProtectionModes=5supportsEnableContaminantPresenceProtection=falsesupportsEnableContaminantPresenceDetection=false status=UsbPortStatus{connected=false, currentMode=none, currentPowerRole=no-power, currentDataRole=no-data, supportedRoleCombinations=[no-power:no-data], contaminantDetectionStatus=2, contaminantProtectionStatus=1}
08-11 16:32:16.763  1837  2264 E KernelCpuUidActiveTimeReader: Negative delta from active time for uid: 10085, delta: -1
08-11 16:32:16.765  1837  2264 E KernelCpuUidClusterTimeReader: Negative delta from cluster time for uid: 50128, delta: -21
08-11 16:32:16.765  1837  2264 E KernelCpuUidClusterTimeReader: Negative delta from cluster time for uid: 50283, delta: -6
08-11 16:32:16.765  1837  2264 E KernelCpuUidClusterTimeReader: Negative delta from cluster time for uid: 50362, delta: -14
08-11 16:32:17.601  1837  3816 V OplusNPMS: getWarningNotification numWarningNotificaion10
08-11 16:32:17.601  1837  3816 V OplusNPMS: getWarningNotification numWarningNotificaion10
08-11 16:32:17.601  1837  3816 V OplusNPMS: getLimitNotificationState subID=1
08-11 16:32:17.601  1837  3816 V OplusNPMS: getLimitNotificationState mSubidToIccId != null
08-11 16:32:19.147  1837 28994 W AdbDebuggingManager: Read failed with count -1
08-11 16:32:19.148  1837 28994 E AdbDebuggingManager: Caught an exception opening the socket: java.io.IOException: Connection refused
08-11 16:32:19.153  1837  2059 D UsbDeviceManager: setAdbEnabled: false
08-11 16:32:19.168  1837  2059 D UsbDeviceManager: setEnabledFunctions functions=0, forceRestart=true,usbDataUnlocked=false,mUsbDataUnlocked=false
08-11 16:32:19.168  1837  2059 D OplusUsbDeviceFeature: usbTetheringSwitchOffFunctions
08-11 16:32:19.168  1837  2059 D OplusUsbDeviceFeature: isTelecomRequirement
08-11 16:32:19.168  1837  2059 D OplusUsbDeviceFeature: IgnoreCTARequirement
08-11 16:32:19.168  1837  2059 D OplusUsbDeviceFeature: isNormalBoot
08-11 16:32:19.168  1837  2059 I OplusUsbDeviceFeature: boot reason is reboot
08-11 16:32:19.168  1837  2059 D OplusUsbDeviceFeature: printBootModeForDebug, bootMode:reboot
08-11 16:32:19.175  1837  2059 D OplusUsbDeviceFeature: printFunctionsForDebug
08-11 16:32:19.175  1837  2059 D OplusUsbDeviceFeature: functionInfo:UsbFunc[fun:midi, oemFun:midi, curFun:midi,adb, curFunApplied:true, forceRestart:true, curOemFun:midi,adb
08-11 16:32:19.175  1837  2059 I UsbDeviceManager: Setting USB config to midi
08-11 16:32:19.175  1837  2059 D UsbDeviceManager: setUsbConfig(none)
08-11 16:32:19.296  1837  2059 D UsbDeviceManager: setUsbConfig(midi)
08-11 16:32:19.419  1837  2059 W Looper  : Slow dispatch took 264ms android.fg h=com.android.server.usb.UsbDeviceManager$UsbHandlerLegacy c=null m=1
08-11 16:32:20.149  1837  2059 W Looper  : Slow delivery took 266ms android.fg h=com.android.server.adb.AdbDebuggingManager$AdbDebuggingHandler c=null m=2
08-11 16:32:20.149  1837  2059 W Looper  : Slow dispatch took 730ms android.fg h=com.android.server.adb.AdbDebuggingManager$AdbDebuggingHandler c=null m=2
08-11 16:32:20.149  1837  2059 D OplusUsbDeviceFeature: setUsbPlugFlag
08-11 16:32:20.170  1837  2059 D OplusUsbDeviceFeature: getChargingFunctions
08-11 16:32:20.171  1837  2059 D UsbDeviceManager: broadcasting Intent { act=android.hardware.usb.action.USB_STATE flg=0x31100000 (has extras) } extras: Bundle[{host_connected=false, connected=false, unlocked=false, midi=true, configured=false}]
08-11 16:32:20.172  1837  2059 I UsbDeviceManager: usb plug out
08-11 16:32:20.172  1837  2059 D OplusUsbDeviceFeature: initUsbAccessoryStart:false
08-11 16:32:20.172  1837  2059 D OplusUsbDeviceFeature: usbFunctionsShuoldUseDefault
08-11 16:32:20.172  1837  2059 I OplusUsbDeviceFeature: usb plug out, current functions=
08-11 16:32:20.172  1837  2059 D UsbDeviceManager: setEnabledFunctions functions=0, forceRestart=false,usbDataUnlocked=false,mUsbDataUnlocked=false
08-11 16:32:20.172  1837  2059 D OplusUsbDeviceFeature: usbTetheringSwitchOffFunctions
08-11 16:32:20.172  1837  2059 D OplusUsbDeviceFeature: isTelecomRequirement
08-11 16:32:20.172  1837  2059 D OplusUsbDeviceFeature: IgnoreCTARequirement
08-11 16:32:20.172  1837  2059 I OplusUsbDeviceFeature: ingore disable adb
08-11 16:32:20.172  1837  2059 I OplusUsbDeviceFeature: usbFunctionsNotForceRestart got
08-11 16:32:20.181  1837  2059 D OplusUsbDeviceFeature: isNormalBoot
08-11 16:32:20.182  1837  2059 I OplusUsbDeviceFeature: boot reason is reboot
08-11 16:32:20.182  1837  2059 D OplusUsbDeviceFeature: printBootModeForDebug, bootMode:reboot
08-11 16:32:20.182  1837  2059 D OplusUsbDeviceFeature: isNormalBoot
08-11 16:32:20.182  1837  2059 I OplusUsbDeviceFeature: boot reason is reboot
08-11 16:32:20.182  1837  2059 D OplusUsbDeviceFeature: printBootModeForDebug, bootMode:reboot
08-11 16:32:20.182  1837  2059 D OplusUsbDeviceFeature: printFunctionsForDebug
08-11 16:32:20.182  1837  2059 D OplusUsbDeviceFeature: functionInfo:UsbFunc[fun:midi, oemFun:midi, curFun:midi, curFunApplied:true, forceRestart:false, curOemFun:midi
08-11 16:32:20.194  1837  2059 W Looper  : Drained
08-11 16:32:20.211  1837  2059 I ActivityTaskManager: START u0 {flg=0x10000000 cmp=com.android.systemui/.wifi.WifiDebuggingActivity (has extras) mCallingUid=1000} from uid 1000
08-11 16:32:20.225  1837  2059 D CompactWindowManagerService: handleTaskCreated task: Task{467c5d #14835 type=undefined ?? U=0 visible=false mode=undefined translucent=true sz=0}
08-11 16:32:20.225  1837  2059 W ActivityTaskManager: Can't find TaskDisplayArea to determine support for multi window. Task id=14835 attached=false
08-11 16:32:20.225  1837  2059 D OplusZoomWindowManagerService: onConfigurationChanged rotation not changed - prevRotation: 0
08-11 16:32:20.228  1837  2059 D CompactWindowManagerService: notifyCompactWindowState task: Task{fe90ef7 #14834 type=standard A=1000:com.android.settings U=0 visible=true mode=fullscreen translucent=false sz=3}; hasFocus: true
08-11 16:32:20.228  1837  2059 I OplusScreenSecurityMask: onStackAdded task = Task{467c5d #14835 type=undefined ?? U=0 visible=false mode=fullscreen translucent=true sz=0} record = null displayId = 0
08-11 16:32:20.229  1837  2059 I OplusScreenSecurityMask: onStackAdded task = Task{467c5d #14835 type=standard A=10097:com.android.systemui U=0 visible=false mode=fullscreen translucent=true sz=0} record = null displayId = 0
08-11 16:32:20.232  1837  2059 D CompactWindowManagerService: onOriginListAdded child: ActivityRecord{4d579d2 u0 com.android.systemui/.wifi.WifiDebuggingActivity t14835}; parent: Task{467c5d #14835 type=standard A=10097:com.android.systemui U=0 visible=true mode=fullscreen translucent=true sz=1}
08-11 16:32:20.232  1837  2059 I OplusCompactWindowManagerService: supportMultiResume :true in package :com.android.systemui
08-11 16:32:20.232  1837  2059 D TaskExtImpl: add ActivityRecord{4d579d2 u0 com.android.systemui/.wifi.WifiDebuggingActivity t14835} to mActivityRecordSum = Counter{ com.android.systemui/.wifi.WifiDebuggingActivity(1) }
08-11 16:32:20.234  1837  2059 D OplusZoomWindowRUSConfigManager: isSupportZoomModeWithPolicyLocked: target = com.android.systemui/.wifi.WifiDebuggingActivity
08-11 16:32:20.234  1837  2059 D OplusZoomWindowRUSConfigManager: targetPkg = com.android.systemui
08-11 16:32:20.234  1837  2059 I OplusZoomWindowRUSConfigManager: target pkg is unsupport zoom window mode
08-11 16:32:20.234  1837  2059 V OplusZoomWindowManagerService: unSupportZoom: true ,callingPid: 1837 ,sourceStack: null
08-11 16:32:20.248  1837  2065 D BatteryStatsImplExtImpl: pausedBatteryLevel:93 activityFocusedTimeInMin:0
08-11 16:32:20.250  1837  7696 I ActivityTaskManager: The Process com.android.systemui Already Exists in BG. So sending its PID: 4047
08-11 16:32:20.251  1837  7696 W ActivityTaskManager: Tried to set launchTime (0) < mLastActivityLaunchTime (284628985)
08-11 16:32:20.254  1837  7696 D OplusDexOptimizeManager: Do not in AppLaunchOptList!
08-11 16:32:20.256  1837  7696 I OplusJoystickManager: handleApplicationSwitch deprecated!
08-11 16:32:20.256  1837  4703 D OplusEapManager: mTargetExitName :com.android.settings
08-11 16:32:20.256  1837  4703 D VRR [OPlusFrontAppManager]: OnAppSwitchObserver: onAppExit , info.targetName = com.android.settings
08-11 16:32:20.256  1837  4703 D VRR [OPlusFrontAppManager]: packageName: null
08-11 16:32:20.256  1837  2347 D VRR [OPlusRefreshRateService]: handleFrontAppChange pkgName: null
08-11 16:32:20.256  1837  2347 D VRR [OPlusExternalRefreshRateManager]: setFrontPackageName pkgName: null CurPkgName: com.android.settings
08-11 16:32:20.258  1837  7696 V WindowManager: Changing focus from Window{f7aba38 u0 com.android.settings/com.android.settings.Settings$DevelopmentSettingsDashboardActivity} to null,diplayid=0
08-11 16:32:20.258  1837  7696 D CompactWindowManagerService: notifyCompactWindowState task: Task{fe90ef7 #14834 type=standard A=1000:com.android.settings U=0 visible=true mode=fullscreen translucent=false sz=3}; hasFocus: false
08-11 16:32:20.259  1837  4703 D OplusEapManager: mTargetEnterName :com.android.systemui
08-11 16:32:20.259  1837  4703 D VRR [OPlusFrontAppManager]: OnAppSwitchObserver: onAppEnter , info.targetName = com.android.systemui
08-11 16:32:20.259  1837  4703 D VRR [OPlusFrontAppManager]: packageName: com.android.systemui
08-11 16:32:20.260  1837  2347 D VRR [OPlusRefreshRateService]: handleFrontAppChange pkgName: com.android.systemui
08-11 16:32:20.260  1837  2347 D VRR [OPlusExternalRefreshRateManager]: setFrontPackageName pkgName: com.android.systemui CurPkgName: null
08-11 16:32:20.270  1837  2237 E OplusThermalStats: Error getting package info: com.android.systemui
08-11 16:32:20.282  1837  7696 D OplusGameRotationService: lockRotationInGame: change state to 0
08-11 16:32:20.290  1837  2065 D BatteryServiceExtImpl: getPsyBatteryRm
08-11 16:32:20.291  1837  2065 D OplusBatteryServiceFeature: getPsyBatteryRm: 4266
08-11 16:32:20.291  1837  5280 D OplusProxyWakeLock: remove uid: 10262 wiht all pids from wakelockUidInfo list
08-11 16:32:20.291  1837  2065 D OplusBatteryManager: getPsyBatteryRm: 4266
08-11 16:32:20.291  1837  2065 D BatteryStatsImplExtImpl: resumedUid:10097 resumedBatteryLevel:93  resumedPackage:com.android.systemui  resumedBatteryRealtimeCapacity:4266
08-11 16:32:20.344  4047  4047 I Quality : ActivityThread: activityStart delay 75 com.android.systemui 4047
08-11 16:32:20.386  1837  7698 V WindowManager: Changing focus from null to Window{a4648a6 u0 com.android.systemui/com.android.systemui.wifi.WifiDebuggingActivity},diplayid=0
08-11 16:32:20.386  1837  7698 D CompactWindowManagerService: notifyCompactWindowState task: Task{467c5d #14835 type=standard A=10097:com.android.systemui U=0 visible=true mode=fullscreen translucent=true sz=1}; hasFocus: true
08-11 16:32:20.386  1837  7698 D ActivityTaskManager: onWindowFocusChanged Task{467c5d #14835 type=standard A=10097:com.android.systemui U=0 visible=true mode=fullscreen translucent=true sz=1} would transfer to compact
08-11 16:32:20.391  4047  4047 V OplusZoomWindowDecorViewHelper: setLastReportedMergedConfiguration mZoomDisplayHeight: 2400 getDecorView.171076912
08-11 16:32:20.410  4047  4047 I Quality : Skipped: false 1 cost 17.621756 refreshRate 0 processName com.android.systemui
08-11 16:32:20.417  1837  2066 D CompactWindowManagerService: updateBackgroundSurface openingApp: ActivityRecord{4d579d2 u0 com.android.systemui/.wifi.WifiDebuggingActivity t14835}
08-11 16:32:20.419  1837  2066 V OplusZoomWindowManagerService: onAnimationFinished:  r = ActivityRecord{4d579d2 u0 com.android.systemui/.wifi.WifiDebuggingActivity t14835}
08-11 16:32:20.419  1837  2066 I OplusAppSwitchManagerService:  handleAppVisible , r = ActivityRecord{4d579d2 u0 com.android.systemui/.wifi.WifiDebuggingActivity t14835}
08-11 16:32:20.420  1837  2066 I OplusAppSwitchManagerService:  handleAppVisible , r = ActivityRecord{4d579d2 u0 com.android.systemui/.wifi.WifiDebuggingActivity t14835}
08-11 16:32:20.423  1837  2066 I Quality : LaunchTime2.0: com.android.systemui/.wifi.WifiDebuggingActivity 2 185
08-11 16:32:20.759  1837  2311 D CameraDelegate: handleMessage:200
08-11 16:32:20.817  1837  2311 D OplusFeatureBrightnessBarController: mDarkLevel: 2
08-11 16:32:21.627  1837  2311 D OplusFeatureBrightnessBarController: mDarkLevel: 2
08-11 16:32:21.998  1837  7696 W ContextImpl: Calling a method in the system process without a qualified user: android.app.ContextImpl.sendBroadcastMultiplePermissions:1208 com.android.server.TelephonyRegistry.broadcastServiceStateChanged:2971 com.android.server.TelephonyRegistry.notifyServiceStateForPhoneId:1614 com.android.internal.telephony.ITelephonyRegistry$Stub.onTransact:455 android.os.Binder.execTransactInternal:1226 
08-11 16:32:21.999  1837  7696 W ContextImpl: Calling a method in the system process without a qualified user: android.app.ContextImpl.sendBroadcastMultiplePermissions:1258 com.android.server.TelephonyRegistry.broadcastServiceStateChanged:2974 com.android.server.TelephonyRegistry.notifyServiceStateForPhoneId:1614 com.android.internal.telephony.ITelephonyRegistry$Stub.onTransact:455 android.os.Binder.execTransactInternal:1226 
08-11 16:32:21.999  1837  2234 W BroadcastQueue: Permission Denial: receiving Intent { act=android.intent.action.SERVICE_STATE flg=0x1000010 (has extras) } to ProcessRecord{6e61b53 4047:com.android.systemui/u0a97} (pid=4047, uid=10097) requires android.permission.ACCESS_FINE_LOCATION due to sender android (uid 1001)
08-11 16:32:22.002  1837  2234 W BroadcastQueue: Permission Denial: receiving Intent { act=android.intent.action.SERVICE_STATE flg=0x1000010 (has extras) } to com.google.android.cellbroadcastreceiver/com.android.cellbroadcastreceiver.CellBroadcastReceiver requires android.permission.READ_PHONE_STATE due to sender android (uid 1001)
08-11 16:32:22.003  1837  2234 W BroadcastQueue: Permission Denial: receiving Intent { act=android.intent.action.SERVICE_STATE flg=0x1000010 (has extras) } to ProcessRecord{6e61b53 4047:com.android.systemui/u0a97} (pid=4047, uid=10097) requires android.permission.ACCESS_FINE_LOCATION due to sender android (uid 1001)
08-11 16:32:22.004  1837  7696 W ContextImpl: Calling a method in the system process without a qualified user: android.app.ContextImpl.sendBroadcastMultiplePermissions:1258 com.android.server.TelephonyRegistry.broadcastServiceStateChanged:2983 com.android.server.TelephonyRegistry.notifyServiceStateForPhoneId:1614 com.android.internal.telephony.ITelephonyRegistry$Stub.onTransact:455 android.os.Binder.execTransactInternal:1226 
08-11 16:32:22.005  1837  2234 W BroadcastQueue: Permission Denial: receiving Intent { act=android.intent.action.SERVICE_STATE flg=0x1000010 (has extras) } to com.google.android.cellbroadcastreceiver/com.android.cellbroadcastreceiver.CellBroadcastReceiver requires android.permission.ACCESS_FINE_LOCATION due to sender android (uid 1001)
08-11 16:32:22.007  1837  7696 W ContextImpl: Calling a method in the system process without a qualified user: android.app.ContextImpl.sendBroadcastMultiplePermissions:1258 com.android.server.TelephonyRegistry.broadcastServiceStateChanged:2986 com.android.server.TelephonyRegistry.notifyServiceStateForPhoneId:1614 com.android.internal.telephony.ITelephonyRegistry$Stub.onTransact:455 android.os.Binder.execTransactInternal:1226 
08-11 16:32:22.008  1837  2234 W BroadcastQueue: Permission Denial: receiving Intent { act=android.intent.action.SERVICE_STATE flg=0x1000010 (has extras) } to com.google.android.cellbroadcastreceiver/com.android.cellbroadcastreceiver.CellBroadcastReceiver requires android.permission.READ_PHONE_STATE due to sender android (uid 1001)
08-11 16:32:22.036  1837  7698 I OplusCustomizeService: pkg:com.qualcomm.qti.modemtestmode isPlatformSigned, return true drectly 
08-11 16:32:22.037  1837  7698 E OplusCustomizeRestrictionManagerService: getMobileDataMode error :s == null
08-11 16:32:22.037  1837  7694 I OplusCustomizeService: pkg:com.qualcomm.qti.modemtestmode isPlatformSigned, return true drectly 
08-11 16:32:22.037  1837  7694 I OplusCustomizeService: pkg:com.qualcomm.qti.modemtestmode isPlatformSigned, return true drectly 
08-11 16:32:22.042  1837  7698 I OplusCustomizeService: pkg:com.qualcomm.qti.modemtestmode isPlatformSigned, return true drectly 
08-11 16:32:22.042  1837  7698 E OplusCustomizeRestrictionManagerService: getMobileDataMode error :s == null
08-11 16:32:22.042  1837  7698 I OplusCustomizeService: pkg:com.qualcomm.qti.modemtestmode isPlatformSigned, return true drectly 
08-11 16:32:22.043  1837  7698 I OplusCustomizeService: pkg:com.qualcomm.qti.modemtestmode isPlatformSigned, return true drectly 
08-11 16:32:22.047  1837  7698 I OplusCustomizeService: pkg:com.qualcomm.qti.modemtestmode isPlatformSigned, return true drectly 
08-11 16:32:22.047  1837  7698 E OplusCustomizeRestrictionManagerService: getMobileDataMode error :s == null
08-11 16:32:22.047  1837  7698 I OplusCustomizeService: pkg:com.qualcomm.qti.modemtestmode isPlatformSigned, return true drectly 
08-11 16:32:22.047  1837  7698 I OplusCustomizeService: pkg:com.qualcomm.qti.modemtestmode isPlatformSigned, return true drectly 
08-11 16:32:22.052  1837  7698 I OplusCustomizeService: pkg:com.qualcomm.qti.modemtestmode isPlatformSigned, return true drectly 
08-11 16:32:22.052  1837  7698 E OplusCustomizeRestrictionManagerService: getMobileDataMode error :s == null
08-11 16:32:22.052  1837  7698 I OplusCustomizeService: pkg:com.qualcomm.qti.modemtestmode isPlatformSigned, return true drectly 
08-11 16:32:22.053  1837  7698 I OplusCustomizeService: pkg:com.qualcomm.qti.modemtestmode isPlatformSigned, return true drectly 
08-11 16:32:23.651  1837  2060 V WindowOrientationListener: onSensorChanged mDesiredRotation = 4
08-11 16:32:24.270  1837  2311 D OplusFeatureBrightnessBarController: mDarkLevel: 2
08-11 16:32:24.571  1837  7694 V WindowManager: Changing focus from Window{a4648a6 u0 com.android.systemui/com.android.systemui.wifi.WifiDebuggingActivity} to Window{f7aba38 u0 com.android.settings/com.android.settings.Settings$DevelopmentSettingsDashboardActivity},diplayid=0
08-11 16:32:24.571  1837  7694 D CompactWindowManagerService: notifyCompactWindowState task: Task{fe90ef7 #14834 type=standard A=1000:com.android.settings U=0 visible=true mode=fullscreen translucent=false sz=3}; hasFocus: true
08-11 16:32:24.572  1837  7694 D ActivityTaskManager: onWindowFocusChanged Task{fe90ef7 #14834 type=standard A=1000:com.android.settings U=0 visible=true mode=fullscreen translucent=false sz=3} would transfer to compact
08-11 16:32:24.573  1837  7694 D CompactWindowManagerService: notifyCompactWindowState task: Task{467c5d #14835 type=standard A=10097:com.android.systemui U=0 visible=false mode=fullscreen translucent=true sz=1}; hasFocus: false
08-11 16:32:24.584  1837  7694 V OplusZoomWindowManagerService: prepareZoomTransition: curStack=Task{467c5d #14835 type=standard A=10097:com.android.systemui U=0 visible=false mode=fullscreen translucent=true sz=1}   nextStackTask{fe90ef7 #14834 type=standard A=1000:com.android.settings U=0 visible=true mode=fullscreen translucent=false sz=3}
08-11 16:32:24.597  4047  4047 I Quality : Skipped: true 1 cost 21.635237 refreshRate 0 processName com.android.systemui
08-11 16:32:24.605  1837  7694 I OplusJoystickManager: handleApplicationSwitch deprecated!
08-11 16:32:24.605  1837  4703 D OplusEapManager: mTargetExitName :com.android.systemui
08-11 16:32:24.605  1837  4703 D VRR [OPlusFrontAppManager]: OnAppSwitchObserver: onAppExit , info.targetName = com.android.systemui
08-11 16:32:24.606  1837  4703 D VRR [OPlusFrontAppManager]: packageName: null
08-11 16:32:24.606  1837  2347 D VRR [OPlusRefreshRateService]: handleFrontAppChange pkgName: null
08-11 16:32:24.606  1837  2347 D VRR [OPlusExternalRefreshRateManager]: setFrontPackageName pkgName: null CurPkgName: com.android.systemui
08-11 16:32:24.607  1837  4703 D OplusEapManager: mTargetEnterName :com.android.settings
08-11 16:32:24.607  1837  4703 D VRR [OPlusFrontAppManager]: OnAppSwitchObserver: onAppEnter , info.targetName = com.android.settings
08-11 16:32:24.607  1837  4703 D VRR [OPlusFrontAppManager]: packageName: com.android.settings
08-11 16:32:24.609  1837  2347 D VRR [OPlusRefreshRateService]: handleFrontAppChange pkgName: com.android.settings
08-11 16:32:24.612  1837  2347 D VRR [OPlusExternalRefreshRateManager]: setFrontPackageName pkgName: com.android.settings CurPkgName: null
08-11 16:32:24.612  1837  7694 D TaskExtImpl: addColorModeOnResume resume=true pkg = com.android.settings
08-11 16:32:24.619  1837  7694 D CompactWindowManagerService: updateBackgroundSurface openingApp: ActivityRecord{e2b7c40 u0 com.android.settings/.Settings$DevelopmentSettingsDashboardActivity t14834}
08-11 16:32:24.625  1837 29799 E AdbDebuggingManager: Caught an exception opening the socket: java.io.IOException: Connection refused
08-11 16:32:24.630  1837  2237 E OplusThermalStats: Error getting package info: com.android.settings
08-11 16:32:24.658  1837  7696 E OplusCustomizeRestrictionManagerService: isUSBFileTransferDisabled start
08-11 16:32:24.660  1837  7696 E OplusCustomizeRestrictionManagerService: isUSBFileTransferDisabled start
08-11 16:32:24.661  1837  7696 E OplusCustomizeRestrictionManagerService: isUSBFileTransferDisabled start
08-11 16:32:24.662  1837  7694 D OplusGameRotationService: lockRotationInGame: change state to 0
08-11 16:32:24.663  1837  7696 E OplusCustomizeRestrictionManagerService: isUSBFileTransferDisabled start
08-11 16:32:24.664  1837  7696 E OplusCustomizeRestrictionManagerService: isUSBFileTransferDisabled start
08-11 16:32:24.665  1837  7698 E OplusCustomizeRestrictionManagerService: isUSBFileTransferDisabled start
08-11 16:32:24.665  1837  2065 D BatteryStatsImplExtImpl: pausedBatteryLevel:93 activityFocusedTimeInMin:0
08-11 16:32:24.673  1837  2065 D BatteryServiceExtImpl: getPsyBatteryRm
08-11 16:32:24.677  1837  2065 D OplusBatteryServiceFeature: getPsyBatteryRm: 4265
08-11 16:32:24.677  1837  2065 D OplusBatteryManager: getPsyBatteryRm: 4265
08-11 16:32:24.677  1837  2065 D BatteryStatsImplExtImpl: resumedUid:1000 resumedBatteryLevel:93  resumedPackage:com.android.settings  resumedBatteryRealtimeCapacity:4265
08-11 16:32:24.682  1837  2065 D TaskChangeNotificationControllerExtImpl: Skip pass Snapshot to listener:android.app.ITaskStackListener$Stub$Proxy@2f8dcc9
08-11 16:32:24.695  1837  7696 E OplusCustomizeRestrictionManagerService: isUSBFileTransferDisabled start
08-11 16:32:24.699  1837  7696 E OplusCustomizeRestrictionManagerService: isUSBFileTransferDisabled start
08-11 16:32:24.738  1837  7694 I ProcessStatsService: Added stats: 2022-08-11-08-12-28, over +7h34m38s139ms
08-11 16:32:24.784 27346 27346 I Quality : ActivityThread: activityResume delay 170 com.android.settings 27346
08-11 16:32:24.786 27346 27346 I Quality : Skipped: false 7 cost 127.25113 refreshRate 0 processName com.android.settings
08-11 16:32:24.812  1837  4090 E AppOps  : noteOperation
08-11 16:32:24.812  1837  4090 E AppOps  : java.lang.SecurityException: Specified package com.android.phone under uid 1000 but it is not
08-11 16:32:24.812  1837  4090 E AppOps  : 	at com.android.server.appop.AppOpsService.verifyAndGetBypass(AppOpsService.java:4694)
08-11 16:32:24.812  1837  4090 E AppOps  : 	at com.android.server.appop.AppOpsService.noteOperationUnchecked(AppOpsService.java:3494)
08-11 16:32:24.812  1837  4090 E AppOps  : 	at com.android.server.appop.AppOpsService.noteOperationImpl(AppOpsService.java:3482)
08-11 16:32:24.812  1837  4090 E AppOps  : 	at com.android.server.appop.AppOpsService.access$3900(AppOpsService.java:220)
08-11 16:32:24.812  1837  4090 E AppOps  : 	at com.android.server.appop.AppOpsService$CheckOpsDelegateDispatcher.lambda$noteOperation$4(AppOpsService.java:7629)
08-11 16:32:24.812  1837  4090 E AppOps  : 	at com.android.server.appop.AppOpsService$CheckOpsDelegateDispatcher$$ExternalSyntheticLambda5.apply(Unknown Source:33)
08-11 16:32:24.812  1837  4090 E AppOps  : 	at com.android.server.policy.AppOpsPolicy.noteOperation(AppOpsPolicy.java:221)
08-11 16:32:24.812  1837  4090 E AppOps  : 	at com.android.server.appop.AppOpsService$CheckOpsDelegateDispatcher.noteOperation(AppOpsService.java:7627)
08-11 16:32:24.812  1837  4090 E AppOps  : 	at com.android.server.appop.AppOpsService.noteOperation(AppOpsService.java:3466)
08-11 16:32:24.812  1837  4090 E AppOps  : 	at com.android.internal.app.IAppOpsService$Stub.onTransact(IAppOpsService.java:476)
08-11 16:32:24.812  1837  4090 E AppOps  : 	at com.android.server.appop.OplusAppOpsService.onTransact(OplusAppOpsService.java:38)
08-11 16:32:24.812  1837  4090 E AppOps  : 	at android.os.Binder.execTransactInternal(Binder.java:1226)
08-11 16:32:24.812  1837  4090 E AppOps  : 	at android.os.Binder.execTransact(Binder.java:1163)
08-11 16:32:24.839  4047  4047 V OplusZoomWindowDecorViewHelper: removeZoomView
08-11 16:32:24.993  1837  2066 V OplusZoomWindowManagerService: onAnimationFinished:  r = ActivityRecord{4d579d2 u0 com.android.systemui/.wifi.WifiDebuggingActivity t14835 f} isExiting}
08-11 16:32:25.017  1837  2066 I OplusAppSwitchManagerService:  handleAppVisible , r = ActivityRecord{e2b7c40 u0 com.android.settings/.Settings$DevelopmentSettingsDashboardActivity t14834}
08-11 16:32:25.049  1837  2066 D OplusMirageWindowManagerService: onTaskRemoved displayid:0 taskId:14835 callers:com.android.server.wm.TaskDisplayArea.removeChildTask:430 com.android.server.wm.TaskDisplayArea.removeChild:419 com.android.server.wm.WindowContainer.removeImmediately:687 com.android.server.wm.Task.removeImmediately:3450 com.android.server.wm.Task.removeIfPossible:1045 
08-11 16:32:25.049  1837  2066 I OplusScreenSecurityMask: onStackRemoved task = Task{467c5d #14835 type=standard A=10097:com.android.systemui U=0 visible=false mode=fullscreen translucent=true sz=0} record = null displayId = 0
08-11 16:32:25.050  1837  2066 D CompactWindowManagerService: notifyCompactWindowState task: Task{fe90ef7 #14834 type=standard A=1000:com.android.settings U=0 visible=true mode=fullscreen translucent=false sz=3}; hasFocus: true
08-11 16:32:25.050  1837  2066 D TaskExtImpl: remove ActivityRecord{4d579d2 u0 com.android.systemui/.wifi.WifiDebuggingActivity t-1 f}} to mActivityRecordSum = Counter{ }
08-11 16:32:25.051  1837  2066 W ActivityTaskManager: Can't find TaskDisplayArea to determine support for multi window. Task id=14835 attached=false
08-11 16:32:25.051  1837  2066 W ActivityTaskManager: Can't find TaskDisplayArea to determine support for multi window. Task id=14835 attached=false
08-11 16:32:25.055  1837  4090 D OplusAppListInterceptManager: shouldFilterTask
08-11 16:32:25.055  1837  4090 D OplusAppListInterceptManager: shouldFilterTask::packageName = com.android.settings
08-11 16:32:25.055  1837  4090 D OplusAppListInterceptManager: shouldFilterTask
08-11 16:32:25.055  1837  4090 D OplusAppListInterceptManager: shouldFilterTask::packageName = com.whatsapp
08-11 16:32:25.055  1837  4090 D OplusAppListInterceptManager: shouldFilterTask
08-11 16:32:25.055  1837  4090 D OplusAppListInterceptManager: shouldFilterTask::packageName = com.discord
08-11 16:32:25.055  1837  4090 D OplusAppListInterceptManager: shouldFilterTask
08-11 16:32:25.055  1837  4090 D OplusAppListInterceptManager: shouldFilterTask::packageName = org.schabi.newpipe
08-11 16:32:25.057  1837  7689 D OplusAppListInterceptManager: shouldFilterTask
08-11 16:32:25.057  1837  7689 D OplusAppListInterceptManager: shouldFilterTask::packageName = com.android.settings
08-11 16:32:25.058  1837  7689 D OplusAppListInterceptManager: shouldFilterTask
08-11 16:32:25.058  1837  7689 D OplusAppListInterceptManager: shouldFilterTask::packageName = com.whatsapp
08-11 16:32:25.058  1837  7689 D OplusAppListInterceptManager: shouldFilterTask
08-11 16:32:25.058  1837  7689 D OplusAppListInterceptManager: shouldFilterTask::packageName = com.discord
08-11 16:32:25.058  1837  7689 D OplusAppListInterceptManager: shouldFilterTask
08-11 16:32:25.058  1837  7689 D OplusAppListInterceptManager: shouldFilterTask::packageName = org.schabi.newpipe
08-11 16:32:25.107  1837  2311 D CameraDelegate: handleMessage:200
08-11 16:32:25.622  1837  2059 W Looper  : Slow dispatch took 990ms android.fg h=com.android.server.adb.AdbDebuggingManager$AdbDebuggingHandler c=null m=27
08-11 16:32:25.622  1837  2059 W Looper  : Slow delivery took 990ms android.fg h=com.android.server.adb.AdbDebuggingManager$AdbDebuggingHandler c=null m=11
08-11 16:32:25.627  1837  2059 W Looper  : Drained
08-11 16:32:25.729 27346 27346 I Quality : Skipped: false 4 cost 74.60701 refreshRate 0 processName com.android.settings
08-11 16:32:25.764  1837  7696 V WindowManager: Changing focus from Window{f7aba38 u0 com.android.settings/com.android.settings.Settings$DevelopmentSettingsDashboardActivity} to Window{5622d95 u0 com.android.settings/com.android.settings.Settings$DevelopmentSettingsDashboardActivity},diplayid=0
08-11 16:32:25.779 27346 27346 V OplusZoomWindowDecorViewHelper: setLastReportedMergedConfiguration mZoomDisplayHeight: 2400 getDecorView.18555465
08-11 16:32:25.801 27346 27346 I Quality : Skipped: false 3 cost 63.207237 refreshRate 0 processName com.android.settings
08-11 16:32:26.005 27346 27346 I Quality : Skipped: true 1 cost 18.294264 refreshRate 0 processName com.android.settings
08-11 16:32:26.297  1837  2311 D OplusFeatureBrightnessBarController: mDarkLevel: 2
08-11 16:32:26.713 27346 27346 V OplusZoomWindowDecorViewHelper: removeZoomView
08-11 16:32:26.725  1837  2059 D UsbDeviceManager: setAdbEnabled: true
08-11 16:32:26.728  1837  4090 V WindowManager: Changing focus from Window{5622d95 u0 com.android.settings/com.android.settings.Settings$DevelopmentSettingsDashboardActivity EXITING} to Window{f7aba38 u0 com.android.settings/com.android.settings.Settings$DevelopmentSettingsDashboardActivity},diplayid=0
08-11 16:32:26.745  1837  2059 D UsbDeviceManager: setEnabledFunctions functions=0, forceRestart=true,usbDataUnlocked=false,mUsbDataUnlocked=false
08-11 16:32:26.745  1837  2059 D OplusUsbDeviceFeature: usbTetheringSwitchOffFunctions
08-11 16:32:26.745  1837  2059 D OplusUsbDeviceFeature: isTelecomRequirement
08-11 16:32:26.745  1837  2059 D OplusUsbDeviceFeature: IgnoreCTARequirement
08-11 16:32:26.745  1837  2059 I OplusUsbDeviceFeature: try set disable adb
08-11 16:32:26.745  1837  2059 D OplusUsbDeviceFeature: resetFunctionsForCTA
08-11 16:32:26.745  1837  2059 D OplusUsbDeviceFeature: isNormalBoot
08-11 16:32:26.746  1837  2059 I OplusUsbDeviceFeature: boot reason is reboot
08-11 16:32:26.746  1837  2059 D OplusUsbDeviceFeature: printBootModeForDebug, bootMode:reboot
08-11 16:32:26.746  1837  2059 D OplusUsbDeviceFeature: printFunctionsForDebug
08-11 16:32:26.746  1837  2059 D OplusUsbDeviceFeature: functionInfo:UsbFunc[fun:midi, oemFun:midi, curFun:midi, curFunApplied:true, forceRestart:true, curOemFun:midi
08-11 16:32:26.746  1837  2059 I UsbDeviceManager: Setting USB config to midi
08-11 16:32:26.746  1837  2059 D UsbDeviceManager: setUsbConfig(none)
08-11 16:32:26.753 27346 27346 I Quality : Skipped: false 2 cost 35.984882 refreshRate 0 processName com.android.settings
08-11 16:32:26.794  1837 29799 W AdbDebuggingManager: Read failed with count -1
08-11 16:32:26.795  1837 29799 E AdbDebuggingManager: Caught an exception opening the socket: java.io.IOException: Connection refused
08-11 16:32:26.867  1837  2059 D UsbDeviceManager: setUsbConfig(midi)
08-11 16:32:26.990  1837  2059 W Looper  : Slow dispatch took 265ms android.fg h=com.android.server.usb.UsbDeviceManager$UsbHandlerLegacy c=null m=1
08-11 16:32:26.990  1837  2059 W Looper  : Slow delivery took 265ms android.fg h=com.android.server.adb.AdbDebuggingManager$AdbDebuggingHandler c=null m=1
08-11 16:32:27.447  1837  2059 W Looper  : Drained
08-11 16:32:27.447  1837  2059 D UsbDeviceManager: setAdbEnabled: false
08-11 16:32:27.464 27346 27346 I Quality : Skipped: false 1 cost 16.849815 refreshRate 0 processName com.android.settings
08-11 16:32:27.473  1837  2059 D UsbDeviceManager: setEnabledFunctions functions=0, forceRestart=true,usbDataUnlocked=false,mUsbDataUnlocked=false
08-11 16:32:27.473  1837  2059 D OplusUsbDeviceFeature: usbTetheringSwitchOffFunctions
08-11 16:32:27.473  1837  2059 D OplusUsbDeviceFeature: isTelecomRequirement
08-11 16:32:27.473  1837  2059 D OplusUsbDeviceFeature: IgnoreCTARequirement
08-11 16:32:27.473  1837  2059 D OplusUsbDeviceFeature: isNormalBoot
08-11 16:32:27.474  1837  2059 I OplusUsbDeviceFeature: boot reason is reboot
08-11 16:32:27.474  1837  2059 D OplusUsbDeviceFeature: printBootModeForDebug, bootMode:reboot
08-11 16:32:27.474  1837  2059 D OplusUsbDeviceFeature: printFunctionsForDebug
08-11 16:32:27.474  1837  2059 D OplusUsbDeviceFeature: functionInfo:UsbFunc[fun:midi, oemFun:midi, curFun:midi, curFunApplied:true, forceRestart:true, curOemFun:midi
08-11 16:32:27.474  1837  2059 I UsbDeviceManager: Setting USB config to midi
08-11 16:32:27.474  1837  2059 D UsbDeviceManager: setUsbConfig(none)
08-11 16:32:27.596  1837  2059 D UsbDeviceManager: setUsbConfig(midi)
08-11 16:32:27.719  1837  2059 W Looper  : Slow dispatch took 272ms android.fg h=com.android.server.usb.UsbDeviceManager$UsbHandlerLegacy c=null m=1
08-11 16:32:27.720  1837  2059 W Looper  : Slow delivery took 274ms android.fg h=com.android.server.adb.AdbDebuggingManager$AdbDebuggingHandler c=null m=2
08-11 16:32:27.798  1837  2059 W Looper  : Drained
08-11 16:32:28.604  1837  7696 I ActivityTaskManager: START u0 {act=android.intent.action.MAIN cmp=com.android.settings/.SubSettings (has extras) mCallingUid=1000} from uid 1000
08-11 16:32:28.622  1837  7696 D OplusZoomWindowRUSConfigManager: isSupportZoomModeWithPolicyLocked: target = com.android.settings/.SubSettings
08-11 16:32:28.622  1837  7696 D OplusZoomWindowRUSConfigManager: targetPkg = com.android.settings
08-11 16:32:28.622  1837  7696 I OplusZoomWindowRUSConfigManager: target pkg is unsupport zoom window mode
08-11 16:32:28.622  1837  7696 V OplusZoomWindowManagerService: unSupportZoom: true ,callingPid: 27346 ,sourceStack: Task{fe90ef7 #14834 type=standard A=1000:com.android.settings U=0 visible=true mode=fullscreen translucent=false sz=3}
08-11 16:32:28.626  1837  7696 D CompatibilityChangeReporter: Compat change id reported: 174042980; UID 1000; state: DISABLED
08-11 16:32:28.629  1837  7696 D CompactWindowManagerService: onOriginListAdded child: ActivityRecord{b078ae5 u0 com.android.settings/.SubSettings t14834}; parent: Task{fe90ef7 #14834 type=standard A=1000:com.android.settings U=0 visible=true mode=fullscreen translucent=false sz=4}
08-11 16:32:28.630  1837  7696 D TaskExtImpl: add ActivityRecord{b078ae5 u0 com.android.settings/.SubSettings t14834} to mActivityRecordSum = Counter{ com.android.settings/com.oplus.settings.feature.homepage.OplusSettingsHomepageActivity(1) com.android.settings/.SubSettings(1) com.android.settings/.Settings$DevelopmentSettingsDashboardActivity(1) com.android.settings/.Settings$MoreSystemSettingsActivity(1) }
08-11 16:32:28.633  1837  7696 D OplusStartingWindowManager: window attributes color: 0 icon null duration 0 brandImage null
08-11 16:32:28.633  1837  7696 D OplusZoomWindowRUSConfigManager: isSupportZoomModeWithPolicyLocked: target = com.android.settings/.SubSettings
08-11 16:32:28.633  1837  7696 D OplusZoomWindowRUSConfigManager: targetPkg = com.android.settings
08-11 16:32:28.633  1837  7696 I OplusZoomWindowRUSConfigManager: target pkg is unsupport zoom window mode
08-11 16:32:28.633  1837  7696 V OplusZoomWindowManagerService: unSupportZoom: true ,callingPid: 27346 ,sourceStack: Task{fe90ef7 #14834 type=standard A=1000:com.android.settings U=0 visible=true mode=fullscreen translucent=false sz=4}
08-11 16:32:28.644  1837  2066 D OplusStartingWindowManager: window attributes color: 0 icon null duration 0 brandImage null
08-11 16:32:28.645  1837  2066 D OplusStartingWindowManager: window attributes color: 0 icon null duration 0 brandImage null
08-11 16:32:28.656  1837  2065 D BatteryStatsImplExtImpl: pausedBatteryLevel:93 activityFocusedTimeInMin:0
08-11 16:32:28.657  1837  7696 I ActivityTaskManager: The Process com.android.settings Already Exists in BG. So sending its PID: 27346
08-11 16:32:28.658  1837  7696 W ActivityTaskManager: Tried to set launchTime (0) < mLastActivityLaunchTime (323706677)
08-11 16:32:28.661  1837  7696 D OplusDexOptimizeManager: Do not in AppLaunchOptList!
08-11 16:32:28.663  1837  7696 I OplusAppSwitchManager: notifyAppSwitch the same packageName!
08-11 16:32:28.665  1837  7696 V WindowManager: Changing focus from Window{f7aba38 u0 com.android.settings/com.android.settings.Settings$DevelopmentSettingsDashboardActivity} to null,diplayid=0
08-11 16:32:28.665  1837  7696 D CompactWindowManagerService: notifyCompactWindowState task: Task{fe90ef7 #14834 type=standard A=1000:com.android.settings U=0 visible=true mode=fullscreen translucent=false sz=4}; hasFocus: false
08-11 16:32:28.678  1837  2065 D BatteryServiceExtImpl: getPsyBatteryRm
08-11 16:32:28.682  1837  2065 D OplusBatteryServiceFeature: getPsyBatteryRm: 4265
08-11 16:32:28.682  1837  2065 D OplusBatteryManager: getPsyBatteryRm: 4265
08-11 16:32:28.682  1837  2065 D BatteryStatsImplExtImpl: resumedUid:1000 resumedBatteryLevel:93  resumedPackage:com.android.settings  resumedBatteryRealtimeCapacity:4265
08-11 16:32:28.687  1837  2066 V OplusZoomWindowDecorViewHelper: setLastReportedMergedConfiguration mZoomDisplayHeight: 2400 getDecorView.243410450
08-11 16:32:28.703  1837  2066 D CompactWindowManagerService: updateBackgroundSurface openingApp: ActivityRecord{b078ae5 u0 com.android.settings/.SubSettings t14834}
08-11 16:32:28.703  1837  2066 D CompactWindowManagerService: addSiblingToAnimationTargets:sibling = ActivityRecord{e2b7c40 u0 com.android.settings/.Settings$DevelopmentSettingsDashboardActivity t14834}; replacedMoveAnimation = -1
08-11 16:32:28.703  1837  2066 D CompactWindowManagerService: addSiblingToAnimationTargets:sibling = ActivityRecord{e2b7c40 u0 com.android.settings/.Settings$DevelopmentSettingsDashboardActivity t14834}; replacedMoveAnimation = -1
08-11 16:32:28.703  1837  2066 D CompactWindowManagerService: addSiblingToAnimationTargets:sibling = ActivityRecord{e2b7c40 u0 com.android.settings/.Settings$DevelopmentSettingsDashboardActivity t14834}; replacedMoveAnimation = -1
08-11 16:32:28.706  1837  2066 D OplusZoomWindowManagerService: adjustWindowCropForLeash start: appToken = ActivityRecord{b078ae5 u0 com.android.settings/.SubSettings t14834}
08-11 16:32:28.713  1837  2066 D OplusZoomWindowManagerService: adjustWindowCropForLeash start: appToken = ActivityRecord{e2b7c40 u0 com.android.settings/.Settings$DevelopmentSettingsDashboardActivity t14834}
08-11 16:32:28.732  1837  4090 D CompatibilityChangeReporter: Compat change id reported: 135634846; UID 10009; state: DISABLED
08-11 16:32:28.732  1837  4090 D CompatibilityChangeReporter: Compat change id reported: 177438394; UID 10009; state: DISABLED
08-11 16:32:28.732  1837  4090 D CompatibilityChangeReporter: Compat change id reported: 135772972; UID 10009; state: DISABLED
08-11 16:32:28.732  1837  4090 D CompatibilityChangeReporter: Compat change id reported: 135754954; UID 10009; state: ENABLED
08-11 16:32:28.732  1837  2122 D CompatibilityChangeReporter: Compat change id reported: 143937733; UID 10009; state: ENABLED
08-11 16:32:28.748  1837  2122 I ActivityManager: Start proc 29820:com.qualcomm.qti.qccauthmgr/u0a9 for content provider {com.qualcomm.qti.qccauthmgr/com.qualcomm.qti.qccauthmgr.providers.SMQContentProvider}
08-11 16:32:28.757  1837  2122 W ContextImpl: Calling a method in the system process without a qualified user: android.app.ContextImpl.sendBroadcast:1175 com.android.server.am.OplusAppStartupConfig.sendAbnormalNotify:1199 com.android.server.am.OplusAppStartupConfig.notifyAbnormalInfo:1132 com.android.server.am.OplusAppStartupManager.handleStartAppInfo:5113 com.android.server.am.ProcessListExtImpl.hookHandleProcessStart:250 
08-11 16:32:28.786  1837  7696 D CompatibilityChangeReporter: Compat change id reported: 168419799; UID 10009; state: DISABLED
08-11 16:32:28.791 27346 27346 I Quality : ActivityThread: activityStart delay 116 com.android.settings 27346
08-11 16:32:28.801  1837 29799 E AdbDebuggingManager: Caught an exception opening the socket: java.io.IOException: No such file or directory
08-11 16:32:28.821  1837  7696 E AdbDebuggingManager: Expected keyStore, but got tag=adbKey
08-11 16:32:28.821  1837  7696 E AdbDebuggingManager: Expected keyStore, but got tag=adbKey
08-11 16:32:28.868  1837  7689 V WindowManager: Changing focus from null to Window{2f86621 u0 com.android.settings/com.android.settings.SubSettings},diplayid=0
08-11 16:32:28.868  1837  7689 D CompactWindowManagerService: notifyCompactWindowState task: Task{fe90ef7 #14834 type=standard A=1000:com.android.settings U=0 visible=true mode=fullscreen translucent=false sz=4}; hasFocus: true
08-11 16:32:28.868  1837  7689 D ActivityTaskManager: onWindowFocusChanged Task{fe90ef7 #14834 type=standard A=1000:com.android.settings U=0 visible=true mode=fullscreen translucent=false sz=4} would transfer to compact
08-11 16:32:28.874 27346 27346 V OplusZoomWindowDecorViewHelper: setLastReportedMergedConfiguration mZoomDisplayHeight: 2400 getDecorView.139734052
08-11 16:32:28.944 27346 27346 I Quality : Skipped: false 4 cost 70.52197 refreshRate 0 processName com.android.settings
08-11 16:32:28.948  1837  2066 D OplusStartingWindowManager: window attributes color: 0 icon null duration 0 brandImage null
08-11 16:32:28.949  1837  2066 D OplusStartingWindowManager: window attributes color: 0 icon null duration 0 brandImage null
08-11 16:32:28.949  1837  2066 D OplusStartingWindowManager: interceptRemoveStartingWindow activity.packageName=com.android.settings isSnapshot=false mStartingSurfaceRunnable=null
08-11 16:32:28.949  1837  2066 D OplusSplitScreenDnDUI: notifyRemoveStartingWindow isSpitScreenDrag = false mDropTargetSurface = null StartingWindowpkgName = com.android.settings DragPkg = null isLauncherResume = false
08-11 16:32:28.950  1837  2066 I Quality : LaunchTime2.0: com.android.settings/.SubSettings 2 307
08-11 16:32:28.955  1837  2066 V OplusZoomWindowDecorViewHelper: removeZoomView
08-11 16:32:29.076  1837  2066 V OplusZoomWindowManagerService: onAnimationFinished:  r = ActivityRecord{e2b7c40 u0 com.android.settings/.Settings$DevelopmentSettingsDashboardActivity t14834}
08-11 16:32:29.080  1837  2066 V OplusZoomWindowManagerService: onAnimationFinished:  r = ActivityRecord{b078ae5 u0 com.android.settings/.SubSettings t14834}
08-11 16:32:29.081  1837  2066 I OplusAppSwitchManagerService:  handleAppVisible , r = ActivityRecord{b078ae5 u0 com.android.settings/.SubSettings t14834}
08-11 16:32:30.351  1837  2311 D OplusFeatureBrightnessBarController: mDarkLevel: 2
08-11 16:32:30.804  1837 29799 E AdbDebuggingManager: Caught an exception opening the socket: java.io.IOException: No such file or directory
08-11 16:32:32.381  1837  2311 D OplusFeatureBrightnessBarController: mDarkLevel: 2
08-11 16:32:32.809  1837 29799 E AdbDebuggingManager: Caught an exception opening the socket: java.io.IOException: No such file or directory
08-11 16:32:34.612  1837  2311 D OplusFeatureBrightnessBarController: mDarkLevel: 2
08-11 16:32:34.813  1837 29799 E AdbDebuggingManager: Caught an exception opening the socket: java.io.IOException: No such file or directory
08-11 16:32:36.639  1837  2311 D OplusFeatureBrightnessBarController: mDarkLevel: 2
08-11 16:32:36.819  1837 29799 E AdbDebuggingManager: Caught an exception opening the socket: java.io.IOException: No such file or directory
08-11 16:32:38.823  1837 29799 E AdbDebuggingManager: Caught an exception opening the socket: java.io.IOException: No such file or directory
08-11 16:32:38.870  1837  2311 D OplusFeatureBrightnessBarController: mDarkLevel: 2
08-11 16:32:40.518  1837  2311 D OplusDisplayPowerControllerExtImpl: original brightness to dataBase:212 final brightness:180.0 scale:0.85036105 reason:4 darkLevel:2
08-11 16:32:40.518  1837  2311 D DisplayPowerController[0]: Animating brightness: target=180.0, rate=1600.0, source= 11
08-11 16:32:40.522  1837  2311 V DisplayPowerController[0]: Brightness [180.0] reason changing to: 'automatic [ auto_adj dim ]', previous reason: 'automatic'.
08-11 16:32:40.522  1837  2311 D OplusDisplayPowerControllerFeature: RECORD:onUpdatePowerState policy:2 state:2 brightness:180
08-11 16:32:40.523  1837  2311 D VRR [OPlusRefreshRateService]: notifyBrightnessChange brightness: 180.0
08-11 16:32:40.523  1837  2311 D VRR [OPlusRefreshRateService]: notifyNitsChange nits: 2.0 discrete nits: 13.860372
08-11 16:32:40.525  1837  2347 D VRR [OPlusRefreshRateService]: handleBrightnessChange nits: 2.0
08-11 16:32:40.544  1837  3947 D LightsServiceExtImpl: baseSetLightLocked end.
08-11 16:32:40.559  1837  3947 D LightsServiceExtImpl: baseSetLightLocked end.
08-11 16:32:40.564  1837  2311 D OplusDisplayPowerControllerExtImpl: original brightness to dataBase:212 final brightness:180.0 scale:0.85036105 reason:4 darkLevel:2
08-11 16:32:40.565  1837  2311 D DisplayPowerController[0]: Animating brightness: target=180.0, rate=125.0, source= 11
08-11 16:32:40.565  1837  2311 V DisplayPowerController[0]: Brightness [180.0] reason changing to: 'automatic [ auto_adj dim ]', previous reason: 'automatic [ dim ]'.
08-11 16:32:40.565  1837  2311 D VRR [OPlusRefreshRateService]: notifyBrightnessChange brightness: 180.0
08-11 16:32:40.566  1837  2065 D DisplayManagerService: Delivering display event: displayId=0, event=4
08-11 16:32:40.567  1837  2311 D OplusDisplayPowerControllerExtImpl: original brightness to dataBase:212 final brightness:180.0 scale:0.85036105 reason:4 darkLevel:2
08-11 16:32:40.568  1837  2311 D DisplayPowerController[0]: Animating brightness: target=180.0, rate=125.0, source= 11
08-11 16:32:40.568  1837  2311 V DisplayPowerController[0]: Brightness [180.0] reason changing to: 'automatic [ auto_adj dim ]', previous reason: 'automatic [ dim ]'.
08-11 16:32:40.568  1837  2311 D VRR [OPlusRefreshRateService]: notifyBrightnessChange brightness: 180.0
08-11 16:32:40.578  1837  3947 D LightsServiceExtImpl: baseSetLightLocked end.
08-11 16:32:40.583  1837  2311 D OplusDisplayPowerControllerExtImpl: original brightness to dataBase:212 final brightness:180.0 scale:0.85036105 reason:4 darkLevel:2
08-11 16:32:40.583  1837  2311 D DisplayPowerController[0]: Animating brightness: target=180.0, rate=125.0, source= 11
08-11 16:32:40.583  1837  2311 V DisplayPowerController[0]: Brightness [180.0] reason changing to: 'automatic [ auto_adj dim ]', previous reason: 'automatic [ dim ]'.
08-11 16:32:40.583  1837  2311 D VRR [OPlusRefreshRateService]: notifyBrightnessChange brightness: 180.0
08-11 16:32:40.584  1837  2065 D DisplayManagerService: Delivering display event: displayId=0, event=4
08-11 16:32:40.593  1837  3947 D LightsServiceExtImpl: baseSetLightLocked end.
08-11 16:32:40.595  1837  2311 D OplusDisplayPowerControllerExtImpl: original brightness to dataBase:212 final brightness:180.0 scale:0.85036105 reason:4 darkLevel:2
08-11 16:32:40.595  1837  2311 D DisplayPowerController[0]: Animating brightness: target=180.0, rate=125.0, source= 11
08-11 16:32:40.595  1837  2311 V DisplayPowerController[0]: Brightness [180.0] reason changing to: 'automatic [ auto_adj dim ]', previous reason: 'automatic [ dim ]'.
08-11 16:32:40.595  1837  2311 D VRR [OPlusRefreshRateService]: notifyBrightnessChange brightness: 180.0
08-11 16:32:40.597  1837  2311 D OplusDisplayPowerControllerExtImpl: original brightness to dataBase:212 final brightness:180.0 scale:0.85036105 reason:4 darkLevel:2
08-11 16:32:40.597  1837  2311 D DisplayPowerController[0]: Animating brightness: target=180.0, rate=125.0, source= 11
08-11 16:32:40.597  1837  2311 V DisplayPowerController[0]: Brightness [180.0] reason changing to: 'automatic [ auto_adj dim ]', previous reason: 'automatic [ dim ]'.
08-11 16:32:40.597  1837  2311 D VRR [OPlusRefreshRateService]: notifyBrightnessChange brightness: 180.0
08-11 16:32:40.608  1837  2311 D OplusDisplayPowerControllerExtImpl: original brightness to dataBase:212 final brightness:180.0 scale:0.85036105 reason:4 darkLevel:2
08-11 16:32:40.608  1837  2311 D DisplayPowerController[0]: Animating brightness: target=180.0, rate=125.0, source= 11
08-11 16:32:40.608  1837  3947 D LightsServiceExtImpl: baseSetLightLocked end.
08-11 16:32:40.610  1837  2311 V DisplayPowerController[0]: Brightness [180.0] reason changing to: 'automatic [ auto_adj dim ]', previous reason: 'automatic [ dim ]'.
08-11 16:32:40.611  1837  2311 D VRR [OPlusRefreshRateService]: notifyBrightnessChange brightness: 180.0
08-11 16:32:40.611  1837  2065 D DisplayManagerService: Delivering display event: displayId=0, event=4
08-11 16:32:40.617  1837  2311 D OplusDisplayPowerControllerExtImpl: original brightness to dataBase:212 final brightness:180.0 scale:0.85036105 reason:4 darkLevel:2
08-11 16:32:40.617  1837  2311 D DisplayPowerController[0]: Animating brightness: target=180.0, rate=125.0, source= 11
08-11 16:32:40.617  1837  2311 V DisplayPowerController[0]: Brightness [180.0] reason changing to: 'automatic [ auto_adj dim ]', previous reason: 'automatic [ dim ]'.
08-11 16:32:40.617  1837  2311 D VRR [OPlusRefreshRateService]: notifyBrightnessChange brightness: 180.0
08-11 16:32:40.617  1837  2065 D DisplayManagerService: Delivering display event: displayId=0, event=4
08-11 16:32:40.625  1837  3947 D LightsServiceExtImpl: baseSetLightLocked end.
08-11 16:32:40.631  1837  2311 D OplusDisplayPowerControllerExtImpl: original brightness to dataBase:212 final brightness:180.0 scale:0.85036105 reason:4 darkLevel:2
